Archive member included to satisfy reference by file (symbol)

c:/intelfpga/16.1/nios2eds/bin/gnu/h-x86_64-mingw32/bin/../lib/gcc/nios2-elf/5.3.0/../../../../../H-x86_64-mingw32/nios2-elf/lib\libc.a(lib_a-puts.o)
                              obj/default/main.o (puts)
c:/intelfpga/16.1/nios2eds/bin/gnu/h-x86_64-mingw32/bin/../lib/gcc/nios2-elf/5.3.0/../../../../../H-x86_64-mingw32/nios2-elf/lib\libc.a(lib_a-strlen.o)
                              c:/intelfpga/16.1/nios2eds/bin/gnu/h-x86_64-mingw32/bin/../lib/gcc/nios2-elf/5.3.0/../../../../../H-x86_64-mingw32/nios2-elf/lib\libc.a(lib_a-puts.o) (strlen)
c:/intelfpga/16.1/nios2eds/bin/gnu/h-x86_64-mingw32/bin/../lib/gcc/nios2-elf/5.3.0/../../../../../H-x86_64-mingw32/nios2-elf/lib\libc.a(lib_a-findfp.o)
                              c:/intelfpga/16.1/nios2eds/bin/gnu/h-x86_64-mingw32/bin/../lib/gcc/nios2-elf/5.3.0/../../../../../H-x86_64-mingw32/nios2-elf/lib\libc.a(lib_a-puts.o) (__sinit)
c:/intelfpga/16.1/nios2eds/bin/gnu/h-x86_64-mingw32/bin/../lib/gcc/nios2-elf/5.3.0/../../../../../H-x86_64-mingw32/nios2-elf/lib\libc.a(lib_a-fvwrite.o)
                              c:/intelfpga/16.1/nios2eds/bin/gnu/h-x86_64-mingw32/bin/../lib/gcc/nios2-elf/5.3.0/../../../../../H-x86_64-mingw32/nios2-elf/lib\libc.a(lib_a-puts.o) (__sfvwrite_r)
c:/intelfpga/16.1/nios2eds/bin/gnu/h-x86_64-mingw32/bin/../lib/gcc/nios2-elf/5.3.0/../../../../../H-x86_64-mingw32/nios2-elf/lib\libc.a(lib_a-fwalk.o)
                              c:/intelfpga/16.1/nios2eds/bin/gnu/h-x86_64-mingw32/bin/../lib/gcc/nios2-elf/5.3.0/../../../../../H-x86_64-mingw32/nios2-elf/lib\libc.a(lib_a-findfp.o) (_fwalk)
c:/intelfpga/16.1/nios2eds/bin/gnu/h-x86_64-mingw32/bin/../lib/gcc/nios2-elf/5.3.0/../../../../../H-x86_64-mingw32/nios2-elf/lib\libc.a(lib_a-impure.o)
                              c:/intelfpga/16.1/nios2eds/bin/gnu/h-x86_64-mingw32/bin/../lib/gcc/nios2-elf/5.3.0/../../../../../H-x86_64-mingw32/nios2-elf/lib\libc.a(lib_a-findfp.o) (_global_impure_ptr)
c:/intelfpga/16.1/nios2eds/bin/gnu/h-x86_64-mingw32/bin/../lib/gcc/nios2-elf/5.3.0/../../../../../H-x86_64-mingw32/nios2-elf/lib\libc.a(lib_a-mallocr.o)
                              c:/intelfpga/16.1/nios2eds/bin/gnu/h-x86_64-mingw32/bin/../lib/gcc/nios2-elf/5.3.0/../../../../../H-x86_64-mingw32/nios2-elf/lib\libc.a(lib_a-findfp.o) (_malloc_r)
c:/intelfpga/16.1/nios2eds/bin/gnu/h-x86_64-mingw32/bin/../lib/gcc/nios2-elf/5.3.0/../../../../../H-x86_64-mingw32/nios2-elf/lib\libc.a(lib_a-memchr.o)
                              c:/intelfpga/16.1/nios2eds/bin/gnu/h-x86_64-mingw32/bin/../lib/gcc/nios2-elf/5.3.0/../../../../../H-x86_64-mingw32/nios2-elf/lib\libc.a(lib_a-fvwrite.o) (memchr)
c:/intelfpga/16.1/nios2eds/bin/gnu/h-x86_64-mingw32/bin/../lib/gcc/nios2-elf/5.3.0/../../../../../H-x86_64-mingw32/nios2-elf/lib\libc.a(lib_a-memcpy.o)
                              c:/intelfpga/16.1/nios2eds/bin/gnu/h-x86_64-mingw32/bin/../lib/gcc/nios2-elf/5.3.0/../../../../../H-x86_64-mingw32/nios2-elf/lib\libc.a(lib_a-fvwrite.o) (memcpy)
c:/intelfpga/16.1/nios2eds/bin/gnu/h-x86_64-mingw32/bin/../lib/gcc/nios2-elf/5.3.0/../../../../../H-x86_64-mingw32/nios2-elf/lib\libc.a(lib_a-memmove.o)
                              c:/intelfpga/16.1/nios2eds/bin/gnu/h-x86_64-mingw32/bin/../lib/gcc/nios2-elf/5.3.0/../../../../../H-x86_64-mingw32/nios2-elf/lib\libc.a(lib_a-fvwrite.o) (memmove)
c:/intelfpga/16.1/nios2eds/bin/gnu/h-x86_64-mingw32/bin/../lib/gcc/nios2-elf/5.3.0/../../../../../H-x86_64-mingw32/nios2-elf/lib\libc.a(lib_a-memset.o)
                              c:/intelfpga/16.1/nios2eds/bin/gnu/h-x86_64-mingw32/bin/../lib/gcc/nios2-elf/5.3.0/../../../../../H-x86_64-mingw32/nios2-elf/lib\libc.a(lib_a-findfp.o) (memset)
c:/intelfpga/16.1/nios2eds/bin/gnu/h-x86_64-mingw32/bin/../lib/gcc/nios2-elf/5.3.0/../../../../../H-x86_64-mingw32/nios2-elf/lib\libc.a(lib_a-reallocr.o)
                              c:/intelfpga/16.1/nios2eds/bin/gnu/h-x86_64-mingw32/bin/../lib/gcc/nios2-elf/5.3.0/../../../../../H-x86_64-mingw32/nios2-elf/lib\libc.a(lib_a-fvwrite.o) (_realloc_r)
c:/intelfpga/16.1/nios2eds/bin/gnu/h-x86_64-mingw32/bin/../lib/gcc/nios2-elf/5.3.0/../../../../../H-x86_64-mingw32/nios2-elf/lib\libc.a(lib_a-sbrkr.o)
                              c:/intelfpga/16.1/nios2eds/bin/gnu/h-x86_64-mingw32/bin/../lib/gcc/nios2-elf/5.3.0/../../../../../H-x86_64-mingw32/nios2-elf/lib\libc.a(lib_a-mallocr.o) (_sbrk_r)
c:/intelfpga/16.1/nios2eds/bin/gnu/h-x86_64-mingw32/bin/../lib/gcc/nios2-elf/5.3.0/../../../../../H-x86_64-mingw32/nios2-elf/lib\libc.a(lib_a-stdio.o)
                              c:/intelfpga/16.1/nios2eds/bin/gnu/h-x86_64-mingw32/bin/../lib/gcc/nios2-elf/5.3.0/../../../../../H-x86_64-mingw32/nios2-elf/lib\libc.a(lib_a-findfp.o) (__sread)
c:/intelfpga/16.1/nios2eds/bin/gnu/h-x86_64-mingw32/bin/../lib/gcc/nios2-elf/5.3.0/../../../../../H-x86_64-mingw32/nios2-elf/lib\libc.a(lib_a-writer.o)
[...]
Memory Configuration

Name             Origin             Length             Attributes
reset            0x0000000000800000 0x0000000000000020
sdram            0x0000000000800020 0x00000000007fffe0
onchip_mem       0x0000000001080000 0x0000000000007800
*default*        0x0000000000000000 0xffffffffffffffff

Linker script and memory map

LOAD ../pacemaker_bsp/obj/HAL/src/crt0.o
LOAD obj/default/main.o
LOAD obj/default/timers.o
LOAD obj/default/uart.o
LOAD c:/intelfpga/16.1/nios2eds/bin/gnu/h-x86_64-mingw32/bin/../lib/gcc/nios2-elf/5.3.0/../../../../../H-x86_64-mingw32/nios2-elf/lib\libstdc++.a
LOAD c:/intelfpga/16.1/nios2eds/bin/gnu/h-x86_64-mingw32/bin/../lib/gcc/nios2-elf/5.3.0/../../../../../H-x86_64-mingw32/nios2-elf/lib\libm.a
LOAD c:/intelfpga/16.1/nios2eds/bin/gnu/h-x86_64-mingw32/bin/../lib/gcc/nios2-elf/5.3.0\libgcc.a
START GROUP
LOAD c:/intelfpga/16.1/nios2eds/bin/gnu/h-x86_64-mingw32/bin/../lib/gcc/nios2-elf/5.3.0/../../../../../H-x86_64-mingw32/nios2-elf/lib\libc.a
LOAD c:/intelfpga/16.1/nios2eds/bin/gnu/h-x86_64-mingw32/bin/../lib/gcc/nios2-elf/5.3.0\libgcc.a
LOAD ../pacemaker_bsp\libhal_bsp.a
LOAD c:/intelfpga/16.1/nios2eds/bin/gnu/h-x86_64-mingw32/bin/../lib/gcc/nios2-elf/5.3.0/../../../../../H-x86_64-mingw32/nios2-elf/lib\libm.a
END GROUP
LOAD c:/intelfpga/16.1/nios2eds/bin/gnu/h-x86_64-mingw32/bin/../lib/gcc/nios2-elf/5.3.0\libgcc.a
                0x0000000000800000                __alt_mem_sdram = 0x800000
                0x0000000001080000                __alt_mem_onchip_mem = 0x1080000

.entry          0x0000000000800000       0x20
 *(.entry)
 .entry         0x0000000000800000       0x20 ../pacemaker_bsp/obj/HAL/src/crt0.o
                0x0000000000800000                __reset

.exceptions     0x0000000000800020      0x224
                0x0000000000800020                PROVIDE (__ram_exceptions_start, ABSOLUTE (.))
                0x0000000000800020                . = ALIGN (0x20)
 *(.irq)
 *(.exceptions.entry.label)
 .exceptions.entry.label
                0x0000000000800020        0x0 ../pacemaker_bsp\libhal_bsp.a(alt_irq_entry.o)
                0x0000000000800020                alt_irq_entry
 .exceptions.entry.label
                0x0000000000800020        0x0 ../pacemaker_bsp\libhal_bsp.a(alt_exception_entry.o)
                0x0000000000800020                alt_exception
 *(.exceptions.entry.user)
 *(.exceptions.entry.ecc_fatal)
 *(.exceptions.entry)
 .exceptions.entry
                0x0000000000800020       0x54 ../pacemaker_bsp\libhal_bsp.a(alt_exception_entry.o)
 *(.exceptions.irqtest.user)
 *(.exceptions.irqtest)
 .exceptions.irqtest
                0x0000000000800074       0x10 ../pacemaker_bsp\libhal_bsp.a(alt_irq_entry.o)
 *(.exceptions.irqhandler.user)
 *(.exceptions.irqhandler)
 .exceptions.irqhandler
                0x0000000000800084        0x4 ../pacemaker_bsp\libhal_bsp.a(alt_irq_entry.o)
 *(.exceptions.irqreturn.user)
 *(.exceptions.irqreturn)
 .exceptions.irqreturn
                0x0000000000800088        0x4 ../pacemaker_bsp\libhal_bsp.a(alt_irq_entry.o)
 *(.exceptions.notirq.label)
 .exceptions.notirq.label
                0x000000000080008c        0x0 ../pacemaker_bsp\libhal_bsp.a(alt_irq_entry.o)
 *(.exceptions.notirq.user)
 *(.exceptions.notirq)
 .exceptions.notirq
                0x000000000080008c        0x8 ../pacemaker_bsp\libhal_bsp.a(alt_exception_entry.o)
 *(.exceptions.soft.user)
 *(.exceptions.soft)
 *(.exceptions.unknown.user)
 *(.exceptions.unknown)
 .exceptions.unknown
                0x0000000000800094       0x14 ../pacemaker_bsp\libhal_bsp.a(alt_exception_entry.o)
 *(.exceptions.exit.label)
 .exceptions.exit.label
                0x00000000008000a8        0x0 ../pacemaker_bsp\libhal_bsp.a(alt_irq_entry.o)
 .exceptions.exit.label
                0x00000000008000a8        0x0 ../pacemaker_bsp\libhal_bsp.a(alt_exception_entry.o)
 *(.exceptions.exit.user)
 *(.exceptions.exit)
 .exceptions.exit
                0x00000000008000a8       0x54 ../pacemaker_bsp\libhal_bsp.a(alt_exception_entry.o)
 *(.exceptions)
 .exceptions    0x00000000008000fc       0xd4 ../pacemaker_bsp\libhal_bsp.a(alt_irq_handler.o)
                0x00000000008000fc                alt_irq_handler
 .exceptions    0x00000000008001d0       0x74 ../pacemaker_bsp\libhal_bsp.a(alt_instruction_exception_entry.o)
                0x00000000008001d0                alt_instruction_exception_entry
                0x0000000000800244                PROVIDE (__ram_exceptions_end, ABSOLUTE (.))
                0x0000000000800020                PROVIDE (__flash_exceptions_start, LOADADDR (.exceptions))

.text           0x0000000000800244     0x9fc4
                [!provide]                        PROVIDE (stext, ABSOLUTE (.))
 *(.interp)
 *(.hash)
 *(.dynsym)
 *(.dynstr)
 *(.gnu.version)
 *(.gnu.version_d)
 *(.gnu.version_r)
 *(.rel.init)
 *(.rela.init)
 *(.rel.text .rel.text.* .rel.gnu.linkonce.t.*)
 *(.rela.text .rela.text.* .rela.gnu.linkonce.t.*)
 *(.rel.fini)
 *(.rela.fini)
 *(.rel.rodata .rel.rodata.* .rel.gnu.linkonce.r.*)
 *(.rela.rodata .rela.rodata.* .rela.gnu.linkonce.r.*)
 *(.rel.data .rel.data.* .rel.gnu.linkonce.d.*)
 *(.rela.data .rela.data.* .rela.gnu.linkonce.d.*)
 *(.rel.tdata .rel.tdata.* .rel.gnu.linkonce.td.*)
 *(.rela.tdata .rela.tdata.* .rela.gnu.linkonce.td.*)
 *(.rel.tbss .rel.tbss.* .rel.gnu.linkonce.tb.*)
 *(.rela.tbss .rela.tbss.* .rela.gnu.linkonce.tb.*)
 *(.rel.ctors)
 *(.rela.ctors)
 *(.rel.dtors)
 *(.rela.dtors)
 *(.rel.got)
 *(.rela.got)
 *(.rel.sdata .rel.sdata.* .rel.gnu.linkonce.s.*)
 *(.rela.sdata .rela.sdata.* .rela.gnu.linkonce.s.*)
 *(.rel.sbss .rel.sbss.* .rel.gnu.linkonce.sb.*)
 *(.rela.sbss .rela.sbss.* .rela.gnu.linkonce.sb.*)
 *(.rel.sdata2 .rel.sdata2.* .rel.gnu.linkonce.s2.*)
 *(.rela.sdata2 .rela.sdata2.* .rela.gnu.linkonce.s2.*)
 *(.rel.sbss2 .rel.sbss2.* .rel.gnu.linkonce.sb2.*)
 *(.rela.sbss2 .rela.sbss2.* .rela.gnu.linkonce.sb2.*)
 *(.rel.bss .rel.bss.* .rel.gnu.linkonce.b.*)
 *(.rela.bss .rela.bss.* .rela.gnu.linkonce.b.*)
 *(.rel.plt)
 *(.rela.plt)
 *(.rel.dyn)
 *(.init)
 *(.plt)
 *(.text .stub .text.* .gnu.linkonce.t.*)
 .text          0x0000000000800244       0x4c ../pacemaker_bsp/obj/HAL/src/crt0.o
                0x0000000000800244                _start
 .text          0x0000000000800290     0x2a14 obj/default/main.o
                0x0000000000800290                reset
                0x000000000080033c                tick
                0x00000000008026bc                timer_check
                0x0000000000802a18                SET_output
                0x0000000000802b24                button_interrupt
                0x0000000000802bec                main
 .text          0x0000000000802ca4      0x418 obj/default/timers.o
                0x0000000000802ca4                AEITimerISR
                0x0000000000802d04                AVITimerISR
                0x0000000000802d64                LRITimerISR
                0x0000000000802dc4                URITimerISR
                0x0000000000802e24                VRPTimerISR
                0x0000000000802e84                PVARPTimerISR
                0x0000000000802ee4                AEITimerISRReset
                0x0000000000802f0c                AVITimerISRReset
                0x0000000000802f34                LRITimerISRReset
                0x0000000000802f5c                URITimerISRReset
                0x0000000000802f84                VRPTimerISRReset
                0x0000000000802fac                PVARPTimerISRReset
                0x0000000000802fd4                ASenseTimerISRReset
                0x0000000000802ffc                VSenseTimerISRReset
                0x0000000000803024                APLEDTimerISR
                0x0000000000803070                VPLEDTimerISR
 .text          0x00000000008030bc       0xe0 obj/default/uart.o
                0x00000000008030bc                checkuart
 .text          0x000000000080319c        0x0 c:/intelfpga/16.1/nios2eds/bin/gnu/h-x86_64-mingw32/bin/../lib/gcc/nios2-elf/5.3.0/../../../../../H-x86_64-mingw32/nios2-elf/lib\libc.a(lib_a-puts.o)
 .text._puts_r  0x000000000080319c       0xc0 c:/intelfpga/16.1/nios2eds/bin/gnu/h-x86_64-mingw32/bin/../lib/gcc/nios2-elf/5.3.0/../../../../../H-x86_64-mingw32/nios2-elf/lib\libc.a(lib_a-puts.o)
                0x000000000080319c                _puts_r
 .text.puts     0x000000000080325c       0x14 c:/intelfpga/16.1/nios2eds/bin/gnu/h-x86_64-mingw32/bin/../lib/gcc/nios2-elf/5.3.0/../../../../../H-x86_64-mingw32/nios2-elf/lib\libc.a(lib_a-puts.o)
                0x000000000080325c                puts
 .text          0x0000000000803270        0x0 c:/intelfpga/16.1/nios2eds/bin/gnu/h-x86_64-mingw32/bin/../lib/gcc/nios2-elf/5.3.0/../../../../../H-x86_64-mingw32/nios2-elf/lib\libc.a(lib_a-strlen.o)
 .text.strlen   0x0000000000803270       0x98 c:/intelfpga/16.1/nios2eds/bin/gnu/h-x86_64-mingw32/bin/../lib/gcc/nios2-elf/5.3.0/../../../../../H-x86_64-mingw32/nios2-elf/lib\libc.a(lib_a-strlen.o)
                0x0000000000803270                strlen
 .text          0x0000000000803308        0x0 c:/intelfpga/16.1/nios2eds/bin/gnu/h-x86_64-mingw32/bin/../lib/gcc/nios2-elf/5.3.0/../../../../../H-x86_64-mingw32/nios2-elf/lib\libc.a(lib_a-findfp.o)
 .text.__fp_unlock
                0x0000000000803308        0x8 c:/intelfpga/16.1/nios2eds/bin/gnu/h-x86_64-mingw32/bin/../lib/gcc/nios2-elf/5.3.0/../../../../../H-x86_64-mingw32/nios2-elf/lib\libc.a(lib_a-findfp.o)
 .text._cleanup_r
                0x0000000000803310        0xc c:/intelfpga/16.1/nios2eds/bin/gnu/h-x86_64-mingw32/bin/../lib/gcc/nios2-elf/5.3.0/../../../../../H-x86_64-mingw32/nios2-elf/lib\libc.a(lib_a-findfp.o)
                0x0000000000803310                _cleanup_r
 .text.__sinit.part.1
                0x000000000080331c      0x19c c:/intelfpga/16.1/nios2eds/bin/gnu/h-x86_64-mingw32/bin/../lib/gcc/nios2-elf/5.3.0/../../../../../H-x86_64-mingw32/nios2-elf/lib\libc.a(lib_a-findfp.o)
 .text.__fp_lock
                0x00000000008034b8        0x8 c:/intelfpga/16.1/nios2eds/bin/gnu/h-x86_64-mingw32/bin/../lib/gcc/nios2-elf/5.3.0/../../../../../H-x86_64-mingw32/nios2-elf/lib\libc.a(lib_a-findfp.o)
 .text.__sfmoreglue
                0x00000000008034c0       0x68 c:/intelfpga/16.1/nios2eds/bin/gnu/h-x86_64-mingw32/bin/../lib/gcc/nios2-elf/5.3.0/../../../../../H-x86_64-mingw32/nios2-elf/lib\libc.a(lib_a-findfp.o)
                0x00000000008034c0                __sfmoreglue
 .text.__sfp    0x0000000000803528      0x118 c:/intelfpga/16.1/nios2eds/bin/gnu/h-x86_64-mingw32/bin/../lib/gcc/nios2-elf/5.3.0/../../../../../H-x86_64-mingw32/nios2-elf/lib\libc.a(lib_a-findfp.o)
                0x0000000000803528                __sfp
 .text._cleanup
                0x0000000000803640       0x18 c:/intelfpga/16.1/nios2eds/bin/gnu/h-x86_64-mingw32/bin/../lib/gcc/nios2-elf/5.3.0/../../../../../H-x86_64-mingw32/nios2-elf/lib\libc.a(lib_a-findfp.o)
                0x0000000000803640                _cleanup
 .text.__sinit  0x0000000000803658       0x10 c:/intelfpga/16.1/nios2eds/bin/gnu/h-x86_64-mingw32/bin/../lib/gcc/nios2-elf/5.3.0/../../../../../H-x86_64-mingw32/nios2-elf/lib\libc.a(lib_a-findfp.o)
                0x0000000000803658                __sinit
 .text.__sfp_lock_acquire
                0x0000000000803668        0x4 c:/intelfpga/16.1/nios2eds/bin/gnu/h-x86_64-mingw32/bin/../lib/gcc/nios2-elf/5.3.0/../../../../../H-x86_64-mingw32/nios2-elf/lib\libc.a(lib_a-findfp.o)
                0x0000000000803668                __sfp_lock_acquire
 .text.__sfp_lock_release
                0x000000000080366c        0x4 c:/intelfpga/16.1/nios2eds/bin/gnu/h-x86_64-mingw32/bin/../lib/gcc/nios2-elf/5.3.0/../../../../../H-x86_64-mingw32/nios2-elf/lib\libc.a(lib_a-findfp.o)
                0x000000000080366c                __sfp_lock_release
 .text.__sinit_lock_acquire
                0x0000000000803670        0x4 c:/intelfpga/16.1/nios2eds/bin/gnu/h-x86_64-mingw32/bin/../lib/gcc/nios2-elf/5.3.0/../../../../../H-x86_64-mingw32/nios2-elf/lib\libc.a(lib_a-findfp.o)
                0x0000000000803670                __sinit_lock_acquire
 .text.__sinit_lock_release
                0x0000000000803674        0x4 c:/intelfpga/16.1/nios2eds/bin/gnu/h-x86_64-mingw32/bin/../lib/gcc/nios2-elf/5.3.0/../../../../../H-x86_64-mingw32/nios2-elf/lib\libc.a(lib_a-findfp.o)
                0x0000000000803674                __sinit_lock_release
 .text.__fp_lock_all
                0x0000000000803678       0x18 c:/intelfpga/16.1/nios2eds/bin/gnu/h-x86_64-mingw32/bin/../lib/gcc/nios2-elf/5.3.0/../../../../../H-x86_64-mingw32/nios2-elf/lib\libc.a(lib_a-findfp.o)
                0x0000000000803678                __fp_lock_all
 .text.__fp_unlock_all
                0x0000000000803690       0x18 c:/intelfpga/16.1/nios2eds/bin/gnu/h-x86_64-mingw32/bin/../lib/gcc/nios2-elf/5.3.0/../../../../../H-x86_64-mingw32/nios2-elf/lib\libc.a(lib_a-findfp.o)
                0x0000000000803690                __fp_unlock_all
 .text          0x00000000008036a8        0x0 c:/intelfpga/16.1/nios2eds/bin/gnu/h-x86_64-mingw32/bin/../lib/gcc/nios2-elf/5.3.0/../../../../../H-x86_64-mingw32/nios2-elf/lib\libc.a(lib_a-fvwrite.o)
 .text.__sfvwrite_r
                0x00000000008036a8      0x4bc c:/intelfpga/16.1/nios2eds/bin/gnu/h-x86_64-mingw32/bin/../lib/gcc/nios2-elf/5.3.0/../../../../../H-x86_64-mingw32/nios2-elf/lib\libc.a(lib_a-fvwrite.o)
                0x00000000008036a8                __sfvwrite_r
 .text          0x0000000000803b64        0x0 c:/intelfpga/16.1/nios2eds/bin/gnu/h-x86_64-mingw32/bin/../lib/gcc/nios2-elf/5.3.0/../../../../../H-x86_64-mingw32/nios2-elf/lib\libc.a(lib_a-fwalk.o)
 .text._fwalk   0x0000000000803b64       0xc4 c:/intelfpga/16.1/nios2eds/bin/gnu/h-x86_64-mingw32/bin/../lib/gcc/nios2-elf/5.3.0/../../../../../H-x86_64-mingw32/nios2-elf/lib\libc.a(lib_a-fwalk.o)
                0x0000000000803b64                _fwalk
 .text._fwalk_reent
                0x0000000000803c28       0xc4 c:/intelfpga/16.1/nios2eds/bin/gnu/h-x86_64-mingw32/bin/../lib/gcc/nios2-elf/5.3.0/../../../../../H-x86_64-mingw32/nios2-elf/lib\libc.a(lib_a-fwalk.o)
                0x0000000000803c28                _fwalk_reent
 .text          0x0000000000803cec        0x0 c:/intelfpga/16.1/nios2eds/bin/gnu/h-x86_64-mingw32/bin/../lib/gcc/nios2-elf/5.3.0/../../../../../H-x86_64-mingw32/nios2-elf/lib\libc.a(lib_a-impure.o)
 .text          0x0000000000803cec        0x0 c:/intelfpga/16.1/nios2eds/bin/gnu/h-x86_64-mingw32/bin/../lib/gcc/nios2-elf/5.3.0/../../../../../H-x86_64-mingw32/nios2-elf/lib\libc.a(lib_a-mallocr.o)
 .text._malloc_r
                0x0000000000803cec      0x80c c:/intelfpga/16.1/nios2eds/bin/gnu/h-x86_64-mingw32/bin/../lib/gcc/nios2-elf/5.3.0/../../../../../H-x86_64-mingw32/nios2-elf/lib\libc.a(lib_a-mallocr.o)
                0x0000000000803cec                _malloc_r
 .text          0x00000000008044f8        0x0 c:/intelfpga/16.1/nios2eds/bin/gnu/h-x86_64-mingw32/bin/../lib/gcc/nios2-elf/5.3.0/../../../../../H-x86_64-mingw32/nios2-elf/lib\libc.a(lib_a-memchr.o)
 .text.memchr   0x00000000008044f8       0xe4 c:/intelfpga/16.1/nios2eds/bin/gnu/h-x86_64-mingw32/bin/../lib/gcc/nios2-elf/5.3.0/../../../../../H-x86_64-mingw32/nios2-elf/lib\libc.a(lib_a-memchr.o)
                0x00000000008044f8                memchr
 .text          0x00000000008045dc        0x0 c:/intelfpga/16.1/nios2eds/bin/gnu/h-x86_64-mingw32/bin/../lib/gcc/nios2-elf/5.3.0/../../../../../H-x86_64-mingw32/nios2-elf/lib\libc.a(lib_a-memcpy.o)
 .text.memcpy   0x00000000008045dc      0x148 c:/intelfpga/16.1/nios2eds/bin/gnu/h-x86_64-mingw32/bin/../lib/gcc/nios2-elf/5.3.0/../../../../../H-x86_64-mingw32/nios2-elf/lib\libc.a(lib_a-memcpy.o)
                0x00000000008045dc                memcpy
 .text          0x0000000000804724        0x0 c:/intelfpga/16.1/nios2eds/bin/gnu/h-x86_64-mingw32/bin/../lib/gcc/nios2-elf/5.3.0/../../../../../H-x86_64-mingw32/nios2-elf/lib\libc.a(lib_a-memmove.o)
 .text.memmove  0x0000000000804724      0x15c c:/intelfpga/16.1/nios2eds/bin/gnu/h-x86_64-mingw32/bin/../lib/gcc/nios2-elf/5.3.0/../../../../../H-x86_64-mingw32/nios2-elf/lib\libc.a(lib_a-memmove.o)
                0x0000000000804724                memmove
 .text          0x0000000000804880        0x0 c:/intelfpga/16.1/nios2eds/bin/gnu/h-x86_64-mingw32/bin/../lib/gcc/nios2-elf/5.3.0/../../../../../H-x86_64-mingw32/nios2-elf/lib\libc.a(lib_a-memset.o)
 .text.memset   0x0000000000804880      0x128 c:/intelfpga/16.1/nios2eds/bin/gnu/h-x86_64-mingw32/bin/../lib/gcc/nios2-elf/5.3.0/../../../../../H-x86_64-mingw32/nios2-elf/lib\libc.a(lib_a-memset.o)
                0x0000000000804880                memset
 .text          0x00000000008049a8        0x0 c:/intelfpga/16.1/nios2eds/bin/gnu/h-x86_64-mingw32/bin/../lib/gcc/nios2-elf/5.3.0/../../../../../H-x86_64-mingw32/nios2-elf/lib\libc.a(lib_a-reallocr.o)
 .text._realloc_r
                0x00000000008049a8      0x564 c:/intelfpga/16.1/nios2eds/bin/gnu/h-x86_64-mingw32/bin/../lib/gcc/nios2-elf/5.3.0/../../../../../H-x86_64-mingw32/nios2-elf/lib\libc.a(lib_a-reallocr.o)
                0x00000000008049a8                _realloc_r
 .text          0x0000000000804f0c        0x0 c:/intelfpga/16.1/nios2eds/bin/gnu/h-x86_64-mingw32/bin/../lib/gcc/nios2-elf/5.3.0/../../../../../H-x86_64-mingw32/nios2-elf/lib\libc.a(lib_a-sbrkr.o)
 .text._sbrk_r  0x0000000000804f0c       0x54 c:/intelfpga/16.1/nios2eds/bin/gnu/h-x86_64-mingw32/bin/../lib/gcc/nios2-elf/5.3.0/../../../../../H-x86_64-mingw32/nios2-elf/lib\libc.a(lib_a-sbrkr.o)
                0x0000000000804f0c                _sbrk_r
 .text          0x0000000000804f60        0x0 c:/intelfpga/16.1/nios2eds/bin/gnu/h-x86_64-mingw32/bin/../lib/gcc/nios2-elf/5.3.0/../../../../../H-x86_64-mingw32/nios2-elf/lib\libc.a(lib_a-stdio.o)
 .text.__sread  0x0000000000804f60       0x54 c:/intelfpga/16.1/nios2eds/bin/gnu/h-x86_64-mingw32/bin/../lib/gcc/nios2-elf/5.3.0/../../../../../H-x86_64-mingw32/nios2-elf/lib\libc.a(lib_a-stdio.o)
                0x0000000000804f60                __sread
 .text.__seofread
                0x0000000000804fb4        0x8 c:/intelfpga/16.1/nios2eds/bin/gnu/h-x86_64-mingw32/bin/../lib/gcc/nios2-elf/5.3.0/../../../../../H-x86_64-mingw32/nios2-elf/lib\libc.a(lib_a-stdio.o)
                0x0000000000804fb4                __seofread
 .text.__swrite
                0x0000000000804fbc       0x7c c:/intelfpga/16.1/nios2eds/bin/gnu/h-x86_64-mingw32/bin/../lib/gcc/nios2-elf/5.3.0/../../../../../H-x86_64-mingw32/nios2-elf/lib\libc.a(lib_a-stdio.o)
                0x0000000000804fbc                __swrite
 .text.__sseek  0x0000000000805038       0x5c c:/intelfpga/16.1/nios2eds/bin/gnu/h-x86_64-mingw32/bin/../lib/gcc/nios2-elf/5.3.0/../../../../../H-x86_64-mingw32/nios2-elf/lib\libc.a(lib_a-stdio.o)
                0x0000000000805038                __sseek
 .text.__sclose
                0x0000000000805094        0x8 c:/intelfpga/16.1/nios2eds/bin/gnu/h-x86_64-mingw32/bin/../lib/gcc/nios2-elf/5.3.0/../../../../../H-x86_64-mingw32/nios2-elf/lib\libc.a(lib_a-stdio.o)
                0x0000000000805094                __sclose
 .text          0x000000000080509c        0x0 c:/intelfpga/16.1/nios2eds/bin/gnu/h-x86_64-mingw32/bin/../lib/gcc/nios2-elf/5.3.0/../../../../../H-x86_64-mingw32/nios2-elf/lib\libc.a(lib_a-writer.o)
 .text._write_r
                0x000000000080509c       0x60 c:/intelfpga/16.1/nios2eds/bin/gnu/h-x86_64-mingw32/bin/../lib/gcc/nios2-elf/5.3.0/../../../../../H-x86_64-mingw32/nios2-elf/lib\libc.a(lib_a-writer.o)
                0x000000000080509c                _write_r
 .text          0x00000000008050fc        0x0 c:/intelfpga/16.1/nios2eds/bin/gnu/h-x86_64-mingw32/bin/../lib/gcc/nios2-elf/5.3.0/../../../../../H-x86_64-mingw32/nios2-elf/lib\libc.a(lib_a-wsetup.o)
 .text.__swsetup_r
                0x00000000008050fc      0x154 c:/intelfpga/16.1/nios2eds/bin/gnu/h-x86_64-mingw32/bin/../lib/gcc/nios2-elf/5.3.0/../../../../../H-x86_64-mingw32/nios2-elf/lib\libc.a(lib_a-wsetup.o)
                0x00000000008050fc                __swsetup_r
 .text          0x0000000000805250        0x0 c:/intelfpga/16.1/nios2eds/bin/gnu/h-x86_64-mingw32/bin/../lib/gcc/nios2-elf/5.3.0/../../../../../H-x86_64-mingw32/nios2-elf/lib\libc.a(closer.o)
 .text._close_r
                0x0000000000805250       0x54 c:/intelfpga/16.1/nios2eds/bin/gnu/h-x86_64-mingw32/bin/../lib/gcc/nios2-elf/5.3.0/../../../../../H-x86_64-mingw32/nios2-elf/lib\libc.a(closer.o)
                0x0000000000805250                _close_r
 .text          0x00000000008052a4        0x0 c:/intelfpga/16.1/nios2eds/bin/gnu/h-x86_64-mingw32/bin/../lib/gcc/nios2-elf/5.3.0/../../../../../H-x86_64-mingw32/nios2-elf/lib\libc.a(lib_a-fclose.o)
 .text._fclose_r
                0x00000000008052a4       0xf0 c:/intelfpga/16.1/nios2eds/bin/gnu/h-x86_64-mingw32/bin/../lib/gcc/nios2-elf/5.3.0/../../../../../H-x86_64-mingw32/nios2-elf/lib\libc.a(lib_a-fclose.o)
                0x00000000008052a4                _fclose_r
 .text.fclose   0x0000000000805394       0x14 c:/intelfpga/16.1/nios2eds/bin/gnu/h-x86_64-mingw32/bin/../lib/gcc/nios2-elf/5.3.0/../../../../../H-x86_64-mingw32/nios2-elf/lib\libc.a(lib_a-fclose.o)
                0x0000000000805394                fclose
 .text          0x00000000008053a8        0x0 c:/intelfpga/16.1/nios2eds/bin/gnu/h-x86_64-mingw32/bin/../lib/gcc/nios2-elf/5.3.0/../../../../../H-x86_64-mingw32/nios2-elf/lib\libc.a(lib_a-fflush.o)
 .text.__sflush_r
                0x00000000008053a8      0x21c c:/intelfpga/16.1/nios2eds/bin/gnu/h-x86_64-mingw32/bin/../lib/gcc/nios2-elf/5.3.0/../../../../../H-x86_64-mingw32/nios2-elf/lib\libc.a(lib_a-fflush.o)
                0x00000000008053a8                __sflush_r
 .text._fflush_r
                0x00000000008055c4       0x5c c:/intelfpga/16.1/nios2eds/bin/gnu/h-x86_64-mingw32/bin/../lib/gcc/nios2-elf/5.3.0/../../../../../H-x86_64-mingw32/nios2-elf/lib\libc.a(lib_a-fflush.o)
                0x00000000008055c4                _fflush_r
 .text.fflush   0x0000000000805620       0x30 c:/intelfpga/16.1/nios2eds/bin/gnu/h-x86_64-mingw32/bin/../lib/gcc/nios2-elf/5.3.0/../../../../../H-x86_64-mingw32/nios2-elf/lib\libc.a(lib_a-fflush.o)
                0x0000000000805620                fflush
 .text          0x0000000000805650        0x0 c:/intelfpga/16.1/nios2eds/bin/gnu/h-x86_64-mingw32/bin/../lib/gcc/nios2-elf/5.3.0/../../../../../H-x86_64-mingw32/nios2-elf/lib\libc.a(lib_a-freer.o)
 .text._malloc_trim_r
                0x0000000000805650      0x124 c:/intelfpga/16.1/nios2eds/bin/gnu/h-x86_64-mingw32/bin/../lib/gcc/nios2-elf/5.3.0/../../../../../H-x86_64-mingw32/nios2-elf/lib\libc.a(lib_a-freer.o)
                0x0000000000805650                _malloc_trim_r
 .text._free_r  0x0000000000805774      0x310 c:/intelfpga/16.1/nios2eds/bin/gnu/h-x86_64-mingw32/bin/../lib/gcc/nios2-elf/5.3.0/../../../../../H-x86_64-mingw32/nios2-elf/lib\libc.a(lib_a-freer.o)
                0x0000000000805774                _free_r
 .text          0x0000000000805a84        0x0 c:/intelfpga/16.1/nios2eds/bin/gnu/h-x86_64-mingw32/bin/../lib/gcc/nios2-elf/5.3.0/../../../../../H-x86_64-mingw32/nios2-elf/lib\libc.a(lib_a-int_errno.o)
 .text          0x0000000000805a84        0x0 c:/intelfpga/16.1/nios2eds/bin/gnu/h-x86_64-mingw32/bin/../lib/gcc/nios2-elf/5.3.0/../../../../../H-x86_64-mingw32/nios2-elf/lib\libc.a(lib_a-lseekr.o)
 .text._lseek_r
                0x0000000000805a84       0x60 c:/intelfpga/16.1/nios2eds/bin/gnu/h-x86_64-mingw32/bin/../lib/gcc/nios2-elf/5.3.0/../../../../../H-x86_64-mingw32/nios2-elf/lib\libc.a(lib_a-lseekr.o)
                0x0000000000805a84                _lseek_r
 .text          0x0000000000805ae4        0x0 c:/intelfpga/16.1/nios2eds/bin/gnu/h-x86_64-mingw32/bin/../lib/gcc/nios2-elf/5.3.0/../../../../../H-x86_64-mingw32/nios2-elf/lib\libc.a(lib_a-makebuf.o)
 .text.__smakebuf_r
                0x0000000000805ae4      0x1bc c:/intelfpga/16.1/nios2eds/bin/gnu/h-x86_64-mingw32/bin/../lib/gcc/nios2-elf/5.3.0/../../../../../H-x86_64-mingw32/nios2-elf/lib\libc.a(lib_a-makebuf.o)
                0x0000000000805ae4                __smakebuf_r
 .text          0x0000000000805ca0        0x0 c:/intelfpga/16.1/nios2eds/bin/gnu/h-x86_64-mingw32/bin/../lib/gcc/nios2-elf/5.3.0/../../../../../H-x86_64-mingw32/nios2-elf/lib\libc.a(lib_a-readr.o)
 .text._read_r  0x0000000000805ca0       0x60 c:/intelfpga/16.1/nios2eds/bin/gnu/h-x86_64-mingw32/bin/../lib/gcc/nios2-elf/5.3.0/../../../../../H-x86_64-mingw32/nios2-elf/lib\libc.a(lib_a-readr.o)
                0x0000000000805ca0                _read_r
 .text          0x0000000000805d00        0x0 c:/intelfpga/16.1/nios2eds/bin/gnu/h-x86_64-mingw32/bin/../lib/gcc/nios2-elf/5.3.0/../../../../../H-x86_64-mingw32/nios2-elf/lib\libc.a(lib_a-fstatr.o)
 .text._fstat_r
                0x0000000000805d00       0x5c c:/intelfpga/16.1/nios2eds/bin/gnu/h-x86_64-mingw32/bin/../lib/gcc/nios2-elf/5.3.0/../../../../../H-x86_64-mingw32/nios2-elf/lib\libc.a(lib_a-fstatr.o)
                0x0000000000805d00                _fstat_r
 .text          0x0000000000805d5c        0x0 c:/intelfpga/16.1/nios2eds/bin/gnu/h-x86_64-mingw32/bin/../lib/gcc/nios2-elf/5.3.0/../../../../../H-x86_64-mingw32/nios2-elf/lib\libc.a(lib_a-isattyr.o)
 .text._isatty_r
                0x0000000000805d5c       0x54 c:/intelfpga/16.1/nios2eds/bin/gnu/h-x86_64-mingw32/bin/../lib/gcc/nios2-elf/5.3.0/../../../../../H-x86_64-mingw32/nios2-elf/lib\libc.a(lib_a-isattyr.o)
                0x0000000000805d5c                _isatty_r
 .text          0x0000000000805db0      0x1b4 c:/intelfpga/16.1/nios2eds/bin/gnu/h-x86_64-mingw32/bin/../lib/gcc/nios2-elf/5.3.0\libgcc.a(lib2-divmod.o)
                0x0000000000805db0                __divsi3
                0x0000000000805e34                __modsi3
                0x0000000000805ea8                __udivsi3
                0x0000000000805f0c                __umodsi3
 .text          0x0000000000805f64      0x12c ../pacemaker_bsp\libhal_bsp.a(alt_alarm_start.o)
                0x0000000000805f64                alt_alarm_start
 .text          0x0000000000806090      0x10c ../pacemaker_bsp\libhal_bsp.a(alt_close.o)
                0x00000000008060cc                close
 .text          0x000000000080619c       0x2c ../pacemaker_bsp\libhal_bsp.a(alt_dev.o)
 .text          0x00000000008061c8        0x0 ../pacemaker_bsp\libhal_bsp.a(alt_errno.o)
 .text          0x00000000008061c8       0xec ../pacemaker_bsp\libhal_bsp.a(alt_fstat.o)
                0x0000000000806204                fstat
 .text          0x00000000008062b4      0x180 ../pacemaker_bsp\libhal_bsp.a(alt_irq_register.o)
                0x00000000008062b4                alt_irq_register
 .text          0x0000000000806434        0x0 ../pacemaker_bsp\libhal_bsp.a(alt_irq_vars.o)
 .text          0x0000000000806434       0xe0 ../pacemaker_bsp\libhal_bsp.a(alt_isatty.o)
                0x0000000000806470                isatty
 .text          0x0000000000806514       0xec ../pacemaker_bsp\libhal_bsp.a(alt_load.o)
                0x000000000080657c                alt_load
 .text          0x0000000000806600      0x110 ../pacemaker_bsp\libhal_bsp.a(alt_lseek.o)
                0x000000000080663c                lseek
 .text          0x0000000000806710       0x7c ../pacemaker_bsp\libhal_bsp.a(alt_main.o)
                0x0000000000806710                alt_main
 .text          0x000000000080678c       0x48 ../pacemaker_bsp\libhal_bsp.a(alt_malloc_lock.o)
                0x000000000080678c                __malloc_lock
                0x00000000008067b0                __malloc_unlock
 .text          0x00000000008067d4      0x254 ../pacemaker_bsp\libhal_bsp.a(alt_open.o)
                0x00000000008068d4                open
 .text          0x0000000000806a28      0x138 ../pacemaker_bsp\libhal_bsp.a(alt_read.o)
                0x0000000000806a64                read
 .text          0x0000000000806b60       0x64 ../pacemaker_bsp\libhal_bsp.a(alt_release_fd.o)
                0x0000000000806b60                alt_release_fd
 .text          0x0000000000806bc4       0xb0 ../pacemaker_bsp\libhal_bsp.a(alt_sbrk.o)
                0x0000000000806bc4                sbrk
 .text          0x0000000000806c74      0x1a4 ../pacemaker_bsp\libhal_bsp.a(alt_tick.o)
                0x0000000000806c74                alt_alarm_stop
                0x0000000000806d10                alt_tick
 .text          0x0000000000806e18      0x134 ../pacemaker_bsp\libhal_bsp.a(alt_write.o)
                0x0000000000806e54                write
 .text          0x0000000000806f4c      0x108 ../pacemaker_bsp\libhal_bsp.a(alt_sys_init.o)
                0x0000000000806f80                alt_irq_init
                0x0000000000806fb8                alt_sys_init
 .text          0x0000000000807054      0x164 ../pacemaker_bsp\libhal_bsp.a(altera_avalon_jtag_uart_fd.o)
                0x0000000000807054                altera_avalon_jtag_uart_read_fd
                0x00000000008070b4                altera_avalon_jtag_uart_write_fd
                0x0000000000807114                altera_avalon_jtag_uart_close_fd
                0x0000000000807164                altera_avalon_jtag_uart_ioctl_fd
 .text          0x00000000008071b8      0x3d4 ../pacemaker_bsp\libhal_bsp.a(altera_avalon_jtag_uart_init.o)
                0x00000000008071b8                altera_avalon_jtag_uart_init
                0x0000000000807524                altera_avalon_jtag_uart_close
 .text          0x000000000080758c       0xf0 ../pacemaker_bsp\libhal_bsp.a(altera_avalon_jtag_uart_ioctl.o)
                0x000000000080758c                altera_avalon_jtag_uart_ioctl
 .text          0x000000000080767c      0x21c ../pacemaker_bsp\libhal_bsp.a(altera_avalon_jtag_uart_read.o)
                0x000000000080767c                altera_avalon_jtag_uart_read
 .text          0x0000000000807898      0x224 ../pacemaker_bsp\libhal_bsp.a(altera_avalon_jtag_uart_write.o)
                0x0000000000807898                altera_avalon_jtag_uart_write
 .text          0x0000000000807abc      0xe7c ../pacemaker_bsp\libhal_bsp.a(altera_avalon_lcd_16207.o)
                0x0000000000808280                altera_avalon_lcd_16207_write
                0x0000000000808804                altera_avalon_lcd_16207_init
 .text          0x0000000000808938       0x60 ../pacemaker_bsp\libhal_bsp.a(altera_avalon_lcd_16207_fd.o)
                0x0000000000808938                altera_avalon_lcd_16207_write_fd
 .text          0x0000000000808998       0xf4 ../pacemaker_bsp\libhal_bsp.a(altera_avalon_timer_sc.o)
                0x0000000000808a10                alt_avalon_timer_sc_init
 .text          0x0000000000808a8c      0x110 ../pacemaker_bsp\libhal_bsp.a(altera_avalon_uart_fd.o)
                0x0000000000808a8c                altera_avalon_uart_read_fd
                0x0000000000808aec                altera_avalon_uart_write_fd
                0x0000000000808b4c                altera_avalon_uart_close_fd
 .text          0x0000000000808b9c      0x3c8 ../pacemaker_bsp\libhal_bsp.a(altera_avalon_uart_init.o)
                0x0000000000808b9c                altera_avalon_uart_init
                0x0000000000808f10                altera_avalon_uart_close
 .text          0x0000000000808f64      0x218 ../pacemaker_bsp\libhal_bsp.a(altera_avalon_uart_read.o)
                0x0000000000808fa0                altera_avalon_uart_read
 .text          0x000000000080917c      0x1e8 ../pacemaker_bsp\libhal_bsp.a(altera_avalon_uart_write.o)
                0x00000000008091b8                altera_avalon_uart_write
 .text          0x0000000000809364       0x48 ../pacemaker_bsp\libhal_bsp.a(alt_dcache_flush_all.o)
                0x0000000000809364                alt_dcache_flush_all
 .text          0x00000000008093ac       0xe0 ../pacemaker_bsp\libhal_bsp.a(alt_dev_llist_insert.o)
                0x00000000008093e8                alt_dev_llist_insert
 .text          0x000000000080948c       0x60 ../pacemaker_bsp\libhal_bsp.a(alt_do_ctors.o)
                0x000000000080948c                _do_ctors
 .text          0x00000000008094ec       0x60 ../pacemaker_bsp\libhal_bsp.a(alt_do_dtors.o)
                0x00000000008094ec                _do_dtors
 .text          0x000000000080954c       0x90 ../pacemaker_bsp\libhal_bsp.a(alt_find_dev.o)
                0x000000000080954c                alt_find_dev
 .text          0x00000000008095dc      0x108 ../pacemaker_bsp\libhal_bsp.a(alt_find_file.o)
                0x00000000008095dc                alt_find_file
 .text          0x00000000008096e4       0xa4 ../pacemaker_bsp\libhal_bsp.a(alt_get_fd.o)
                0x00000000008096e4                alt_get_fd
 .text          0x0000000000809788       0x34 ../pacemaker_bsp\libhal_bsp.a(alt_icache_flush_all.o)
                0x0000000000809788                alt_icache_flush_all
 .text          0x00000000008097bc      0x1b0 ../pacemaker_bsp\libhal_bsp.a(alt_iic.o)
                0x00000000008097bc                alt_ic_isr_register
                0x000000000080980c                alt_ic_irq_enable
                0x0000000000809894                alt_ic_irq_disable
                0x0000000000809920                alt_ic_irq_enabled
 .text          0x000000000080996c       0xf0 ../pacemaker_bsp\libhal_bsp.a(alt_iic_isr_register.o)
                0x000000000080996c                alt_iic_isr_register
 .text          0x0000000000809a5c      0x140 ../pacemaker_bsp\libhal_bsp.a(alt_io_redirect.o)
                0x0000000000809b20                alt_io_redirect
 .text          0x0000000000809b9c        0x0 ../pacemaker_bsp\libhal_bsp.a(alt_irq_entry.o)
 .text          0x0000000000809b9c        0x0 ../pacemaker_bsp\libhal_bsp.a(alt_irq_handler.o)
 .text          0x0000000000809b9c       0x30 ../pacemaker_bsp\libhal_bsp.a(alt_usleep.o)
                0x0000000000809b9c                usleep
 .text          0x0000000000809bcc       0x24 ../pacemaker_bsp\libhal_bsp.a(altera_nios2_gen2_irq.o)
                0x0000000000809bcc                altera_nios2_gen2_irq_init
 .text          0x0000000000809bf0      0x158 ../pacemaker_bsp\libhal_bsp.a(alt_busy_sleep.o)
                0x0000000000809bf0                alt_busy_sleep
 .text          0x0000000000809d48        0x0 ../pacemaker_bsp\libhal_bsp.a(alt_exception_entry.o)
 .text          0x0000000000809d48       0x90 ../pacemaker_bsp\libhal_bsp.a(alt_icache_flush.o)
                0x0000000000809d48                alt_icache_flush
 .text          0x0000000000809dd8       0x9c ../pacemaker_bsp\libhal_bsp.a(alt_instruction_exception_entry.o)
                0x0000000000809dd8                alt_exception_cause_generated_bad_addr
 .text          0x0000000000809e74        0x0 c:/intelfpga/16.1/nios2eds/bin/gnu/h-x86_64-mingw32/bin/../lib/gcc/nios2-elf/5.3.0/../../../../../H-x86_64-mingw32/nios2-elf/lib\libc.a(lib_a-atexit.o)
 .text.atexit   0x0000000000809e74       0x14 c:/intelfpga/16.1/nios2eds/bin/gnu/h-x86_64-mingw32/bin/../lib/gcc/nios2-elf/5.3.0/../../../../../H-x86_64-mingw32/nios2-elf/lib\libc.a(lib_a-atexit.o)
                0x0000000000809e74                atexit
 .text          0x0000000000809e88        0x0 c:/intelfpga/16.1/nios2eds/bin/gnu/h-x86_64-mingw32/bin/../lib/gcc/nios2-elf/5.3.0/../../../../../H-x86_64-mingw32/nios2-elf/lib\libc.a(lib_a-ctype_.o)
 .text          0x0000000000809e88        0x0 c:/intelfpga/16.1/nios2eds/bin/gnu/h-x86_64-mingw32/bin/../lib/gcc/nios2-elf/5.3.0/../../../../../H-x86_64-mingw32/nios2-elf/lib\libc.a(lib_a-exit.o)
 .text.exit     0x0000000000809e88       0x38 c:/intelfpga/16.1/nios2eds/bin/gnu/h-x86_64-mingw32/bin/../lib/gcc/nios2-elf/5.3.0/../../../../../H-x86_64-mingw32/nios2-elf/lib\libc.a(lib_a-exit.o)
                0x0000000000809e88                exit
 .text          0x0000000000809ec0        0x0 c:/intelfpga/16.1/nios2eds/bin/gnu/h-x86_64-mingw32/bin/../lib/gcc/nios2-elf/5.3.0/../../../../../H-x86_64-mingw32/nios2-elf/lib\libc.a(lib_a-memcmp.o)
 .text.memcmp   0x0000000000809ec0       0x7c c:/intelfpga/16.1/nios2eds/bin/gnu/h-x86_64-mingw32/bin/../lib/gcc/nios2-elf/5.3.0/../../../../../H-x86_64-mingw32/nios2-elf/lib\libc.a(lib_a-memcmp.o)
                0x0000000000809ec0                memcmp
 .text          0x0000000000809f3c        0x0 c:/intelfpga/16.1/nios2eds/bin/gnu/h-x86_64-mingw32/bin/../lib/gcc/nios2-elf/5.3.0/../../../../../H-x86_64-mingw32/nios2-elf/lib\libc.a(lib_a-__atexit.o)
 .text.__register_exitproc
                0x0000000000809f3c      0x118 c:/intelfpga/16.1/nios2eds/bin/gnu/h-x86_64-mingw32/bin/../lib/gcc/nios2-elf/5.3.0/../../../../../H-x86_64-mingw32/nios2-elf/lib\libc.a(lib_a-__atexit.o)
                0x0000000000809f3c                __register_exitproc
 .text          0x000000000080a054        0x0 c:/intelfpga/16.1/nios2eds/bin/gnu/h-x86_64-mingw32/bin/../lib/gcc/nios2-elf/5.3.0/../../../../../H-x86_64-mingw32/nios2-elf/lib\libc.a(lib_a-__call_atexit.o)
 .text.__call_exitprocs
                0x000000000080a054      0x180 c:/intelfpga/16.1/nios2eds/bin/gnu/h-x86_64-mingw32/bin/../lib/gcc/nios2-elf/5.3.0/../../../../../H-x86_64-mingw32/nios2-elf/lib\libc.a(lib_a-__call_atexit.o)
                0x000000000080a054                __call_exitprocs
 .text          0x000000000080a1d4       0x34 ../pacemaker_bsp\libhal_bsp.a(alt_exit.o)
                0x000000000080a1d4                _exit
 *(.gnu.warning.*)
 *(.fini)
                [!provide]                        PROVIDE (__etext, ABSOLUTE (.))
                [!provide]                        PROVIDE (_etext, ABSOLUTE (.))
                [!provide]                        PROVIDE (etext, ABSOLUTE (.))
 *(.eh_frame_hdr)
                0x000000000080a208                . = ALIGN (0x4)
                [!provide]                        PROVIDE (__preinit_array_start, ABSOLUTE (.))
 *(.preinit_array)
                [!provide]                        PROVIDE (__preinit_array_end, ABSOLUTE (.))
                [!provide]                        PROVIDE (__init_array_start, ABSOLUTE (.))
 *(.init_array)
                [!provide]                        PROVIDE (__init_array_end, ABSOLUTE (.))
                [!provide]                        PROVIDE (__fini_array_start, ABSOLUTE (.))
 *(.fini_array)
                [!provide]                        PROVIDE (__fini_array_end, ABSOLUTE (.))
 *(.eh_frame)
 *(.gcc_except_table .gcc_except_table.*)
 *(.dynamic)
                0x000000000080a208                PROVIDE (__CTOR_LIST__, ABSOLUTE (.))
 *(.ctors)
 *(SORT(.ctors.*))
                0x000000000080a208                PROVIDE (__CTOR_END__, ABSOLUTE (.))
                0x000000000080a208                PROVIDE (__DTOR_LIST__, ABSOLUTE (.))
 *(.dtors)
 *(SORT(.dtors.*))
                0x000000000080a208                PROVIDE (__DTOR_END__, ABSOLUTE (.))
 *(.jcr)
                0x000000000080a208                . = ALIGN (0x4)

.rodata         0x000000000080a208      0x45c
                0x000000000080a208                PROVIDE (__ram_rodata_start, ABSOLUTE (.))
                0x000000000080a208                . = ALIGN (0x4)
 *(.rodata .rodata.* .gnu.linkonce.r.*)
 .rodata        0x000000000080a208      0x10a obj/default/main.o
 *fill*         0x000000000080a312        0x2 
 .rodata        0x000000000080a314       0x6a obj/default/timers.o
 *fill*         0x000000000080a37e        0x2 
 .rodata        0x000000000080a380       0x18 obj/default/uart.o
 .rodata.str1.4
                0x000000000080a398        0x2 c:/intelfpga/16.1/nios2eds/bin/gnu/h-x86_64-mingw32/bin/../lib/gcc/nios2-elf/5.3.0/../../../../../H-x86_64-mingw32/nios2-elf/lib\libc.a(lib_a-puts.o)
 *fill*         0x000000000080a39a        0x2 
 .rodata.str1.4
                0x000000000080a39c        0x4 c:/intelfpga/16.1/nios2eds/bin/gnu/h-x86_64-mingw32/bin/../lib/gcc/nios2-elf/5.3.0/../../../../../H-x86_64-mingw32/nios2-elf/lib\libc.a(lib_a-impure.o)
                                          0x2 (size before relaxing)
 .rodata        0x000000000080a3a0        0xa ../pacemaker_bsp\libhal_bsp.a(alt_dev.o)
 *fill*         0x000000000080a3aa        0x2 
 .rodata        0x000000000080a3ac        0xf ../pacemaker_bsp\libhal_bsp.a(alt_main.o)
 *fill*         0x000000000080a3bb        0x1 
 .rodata        0x000000000080a3bc       0x26 ../pacemaker_bsp\libhal_bsp.a(alt_sys_init.o)
 .rodata._ctype_
                0x000000000080a3e2      0x101 c:/intelfpga/16.1/nios2eds/bin/gnu/h-x86_64-mingw32/bin/../lib/gcc/nios2-elf/5.3.0/../../../../../H-x86_64-mingw32/nios2-elf/lib\libc.a(lib_a-ctype_.o)
                0x000000000080a3e2                _ctype_
 .rodata._ctype_b
                0x000000000080a4e3      0x180 c:/intelfpga/16.1/nios2eds/bin/gnu/h-x86_64-mingw32/bin/../lib/gcc/nios2-elf/5.3.0/../../../../../H-x86_64-mingw32/nios2-elf/lib\libc.a(lib_a-ctype_.o)
 *(.rodata1)
                0x000000000080a664                . = ALIGN (0x4)
 *fill*         0x000000000080a663        0x1 
                0x000000000080a664                PROVIDE (__ram_rodata_end, ABSOLUTE (.))
                0x000000000080a208                PROVIDE (__flash_rodata_start, LOADADDR (.rodata))

.rwdata         0x000000000080a664     0x1c60 load address 0x000000000080c2c4
                0x000000000080a664                PROVIDE (__ram_rwdata_start, ABSOLUTE (.))
                0x000000000080a664                . = ALIGN (0x4)
 *(.got.plt)
 *(.got)
 *(.data1)
 *(.data .data.* .gnu.linkonce.d.*)
 .data          0x000000000080a664        0x0 ../pacemaker_bsp/obj/HAL/src/crt0.o
 .data          0x000000000080a664        0x0 obj/default/main.o
 .data          0x000000000080a664        0x0 obj/default/timers.o
 .data          0x000000000080a664        0x0 obj/default/uart.o
 .data          0x000000000080a664        0x0 c:/intelfpga/16.1/nios2eds/bin/gnu/h-x86_64-mingw32/bin/../lib/gcc/nios2-elf/5.3.0/../../../../../H-x86_64-mingw32/nios2-elf/lib\libc.a(lib_a-puts.o)
 .data          0x000000000080a664        0x0 c:/intelfpga/16.1/nios2eds/bin/gnu/h-x86_64-mingw32/bin/../lib/gcc/nios2-elf/5.3.0/../../../../../H-x86_64-mingw32/nios2-elf/lib\libc.a(lib_a-strlen.o)
 .data          0x000000000080a664        0x0 c:/intelfpga/16.1/nios2eds/bin/gnu/h-x86_64-mingw32/bin/../lib/gcc/nios2-elf/5.3.0/../../../../../H-x86_64-mingw32/nios2-elf/lib\libc.a(lib_a-findfp.o)
 .data          0x000000000080a664        0x0 c:/intelfpga/16.1/nios2eds/bin/gnu/h-x86_64-mingw32/bin/../lib/gcc/nios2-elf/5.3.0/../../../../../H-x86_64-mingw32/nios2-elf/lib\libc.a(lib_a-fvwrite.o)
 .data          0x000000000080a664        0x0 c:/intelfpga/16.1/nios2eds/bin/gnu/h-x86_64-mingw32/bin/../lib/gcc/nios2-elf/5.3.0/../../../../../H-x86_64-mingw32/nios2-elf/lib\libc.a(lib_a-fwalk.o)
 .data          0x000000000080a664        0x0 c:/intelfpga/16.1/nios2eds/bin/gnu/h-x86_64-mingw32/bin/../lib/gcc/nios2-elf/5.3.0/../../../../../H-x86_64-mingw32/nios2-elf/lib\libc.a(lib_a-impure.o)
 .data.impure_data
                0x000000000080a664      0x424 c:/intelfpga/16.1/nios2eds/bin/gnu/h-x86_64-mingw32/bin/../lib/gcc/nios2-elf/5.3.0/../../../../../H-x86_64-mingw32/nios2-elf/lib\libc.a(lib_a-impure.o)
 .data          0x000000000080aa88        0x0 c:/intelfpga/16.1/nios2eds/bin/gnu/h-x86_64-mingw32/bin/../lib/gcc/nios2-elf/5.3.0/../../../../../H-x86_64-mingw32/nios2-elf/lib\libc.a(lib_a-mallocr.o)
 .data.__malloc_av_
                0x000000000080aa88      0x408 c:/intelfpga/16.1/nios2eds/bin/gnu/h-x86_64-mingw32/bin/../lib/gcc/nios2-elf/5.3.0/../../../../../H-x86_64-mingw32/nios2-elf/lib\libc.a(lib_a-mallocr.o)
                0x000000000080aa88                __malloc_av_
 .data          0x000000000080ae90        0x0 c:/intelfpga/16.1/nios2eds/bin/gnu/h-x86_64-mingw32/bin/../lib/gcc/nios2-elf/5.3.0/../../../../../H-x86_64-mingw32/nios2-elf/lib\libc.a(lib_a-memchr.o)
 .data          0x000000000080ae90        0x0 c:/intelfpga/16.1/nios2eds/bin/gnu/h-x86_64-mingw32/bin/../lib/gcc/nios2-elf/5.3.0/../../../../../H-x86_64-mingw32/nios2-elf/lib\libc.a(lib_a-memcpy.o)
 .data          0x000000000080ae90        0x0 c:/intelfpga/16.1/nios2eds/bin/gnu/h-x86_64-mingw32/bin/../lib/gcc/nios2-elf/5.3.0/../../../../../H-x86_64-mingw32/nios2-elf/lib\libc.a(lib_a-memmove.o)
 .data          0x000000000080ae90        0x0 c:/intelfpga/16.1/nios2eds/bin/gnu/h-x86_64-mingw32/bin/../lib/gcc/nios2-elf/5.3.0/../../../../../H-x86_64-mingw32/nios2-elf/lib\libc.a(lib_a-memset.o)
 .data          0x000000000080ae90        0x0 c:/intelfpga/16.1/nios2eds/bin/gnu/h-x86_64-mingw32/bin/../lib/gcc/nios2-elf/5.3.0/../../../../../H-x86_64-mingw32/nios2-elf/lib\libc.a(lib_a-reallocr.o)
 .data          0x000000000080ae90        0x0 c:/intelfpga/16.1/nios2eds/bin/gnu/h-x86_64-mingw32/bin/../lib/gcc/nios2-elf/5.3.0/../../../../../H-x86_64-mingw32/nios2-elf/lib\libc.a(lib_a-sbrkr.o)
 .data          0x000000000080ae90        0x0 c:/intelfpga/16.1/nios2eds/bin/gnu/h-x86_64-mingw32/bin/../lib/gcc/nios2-elf/5.3.0/../../../../../H-x86_64-mingw32/nios2-elf/lib\libc.a(lib_a-stdio.o)
 .data          0x000000000080ae90        0x0 c:/intelfpga/16.1/nios2eds/bin/gnu/h-x86_64-mingw32/bin/../lib/gcc/nios2-elf/5.3.0/../../../../../H-x86_64-mingw32/nios2-elf/lib\libc.a(lib_a-writer.o)
 .data          0x000000000080ae90        0x0 c:/intelfpga/16.1/nios2eds/bin/gnu/h-x86_64-mingw32/bin/../lib/gcc/nios2-elf/5.3.0/../../../../../H-x86_64-mingw32/nios2-elf/lib\libc.a(lib_a-wsetup.o)
 .data          0x000000000080ae90        0x0 c:/intelfpga/16.1/nios2eds/bin/gnu/h-x86_64-mingw32/bin/../lib/gcc/nios2-elf/5.3.0/../../../../../H-x86_64-mingw32/nios2-elf/lib\libc.a(closer.o)
 .data          0x000000000080ae90        0x0 c:/intelfpga/16.1/nios2eds/bin/gnu/h-x86_64-mingw32/bin/../lib/gcc/nios2-elf/5.3.0/../../../../../H-x86_64-mingw32/nios2-elf/lib\libc.a(lib_a-fclose.o)
 .data          0x000000000080ae90        0x0 c:/intelfpga/16.1/nios2eds/bin/gnu/h-x86_64-mingw32/bin/../lib/gcc/nios2-elf/5.3.0/../../../../../H-x86_64-mingw32/nios2-elf/lib\libc.a(lib_a-fflush.o)
 .data          0x000000000080ae90        0x0 c:/intelfpga/16.1/nios2eds/bin/gnu/h-x86_64-mingw32/bin/../lib/gcc/nios2-elf/5.3.0/../../../../../H-x86_64-mingw32/nios2-elf/lib\libc.a(lib_a-freer.o)
 .data          0x000000000080ae90        0x0 c:/intelfpga/16.1/nios2eds/bin/gnu/h-x86_64-mingw32/bin/../lib/gcc/nios2-elf/5.3.0/../../../../../H-x86_64-mingw32/nios2-elf/lib\libc.a(lib_a-int_errno.o)
 .data          0x000000000080ae90        0x0 c:/intelfpga/16.1/nios2eds/bin/gnu/h-x86_64-mingw32/bin/../lib/gcc/nios2-elf/5.3.0/../../../../../H-x86_64-mingw32/nios2-elf/lib\libc.a(lib_a-lseekr.o)
 .data          0x000000000080ae90        0x0 c:/intelfpga/16.1/nios2eds/bin/gnu/h-x86_64-mingw32/bin/../lib/gcc/nios2-elf/5.3.0/../../../../../H-x86_64-mingw32/nios2-elf/lib\libc.a(lib_a-makebuf.o)
 .data          0x000000000080ae90        0x0 c:/intelfpga/16.1/nios2eds/bin/gnu/h-x86_64-mingw32/bin/../lib/gcc/nios2-elf/5.3.0/../../../../../H-x86_64-mingw32/nios2-elf/lib\libc.a(lib_a-readr.o)
 .data          0x000000000080ae90        0x0 c:/intelfpga/16.1/nios2eds/bin/gnu/h-x86_64-mingw32/bin/../lib/gcc/nios2-elf/5.3.0/../../../../../H-x86_64-mingw32/nios2-elf/lib\libc.a(lib_a-fstatr.o)
 .data          0x000000000080ae90        0x0 c:/intelfpga/16.1/nios2eds/bin/gnu/h-x86_64-mingw32/bin/../lib/gcc/nios2-elf/5.3.0/../../../../../H-x86_64-mingw32/nios2-elf/lib\libc.a(lib_a-isattyr.o)
 .data          0x000000000080ae90        0x0 c:/intelfpga/16.1/nios2eds/bin/gnu/h-x86_64-mingw32/bin/../lib/gcc/nios2-elf/5.3.0\libgcc.a(lib2-divmod.o)
 .data          0x000000000080ae90        0x0 ../pacemaker_bsp\libhal_bsp.a(alt_alarm_start.o)
 .data          0x000000000080ae90        0x0 ../pacemaker_bsp\libhal_bsp.a(alt_close.o)
 .data          0x000000000080ae90      0x1a8 ../pacemaker_bsp\libhal_bsp.a(alt_dev.o)
                0x000000000080ae90                alt_dev_null
                0x000000000080aeb8                alt_fd_list
 .data          0x000000000080b038        0x0 ../pacemaker_bsp\libhal_bsp.a(alt_errno.o)
 .data          0x000000000080b038        0x0 ../pacemaker_bsp\libhal_bsp.a(alt_fstat.o)
 .data          0x000000000080b038        0x0 ../pacemaker_bsp\libhal_bsp.a(alt_irq_register.o)
 .data          0x000000000080b038        0x0 ../pacemaker_bsp\libhal_bsp.a(alt_irq_vars.o)
 .data          0x000000000080b038        0x0 ../pacemaker_bsp\libhal_bsp.a(alt_isatty.o)
 .data          0x000000000080b038        0x0 ../pacemaker_bsp\libhal_bsp.a(alt_load.o)
 .data          0x000000000080b038        0x0 ../pacemaker_bsp\libhal_bsp.a(alt_lseek.o)
 .data          0x000000000080b038        0x0 ../pacemaker_bsp\libhal_bsp.a(alt_main.o)
 .data          0x000000000080b038        0x0 ../pacemaker_bsp\libhal_bsp.a(alt_malloc_lock.o)
 .data          0x000000000080b038        0x0 ../pacemaker_bsp\libhal_bsp.a(alt_open.o)
 .data          0x000000000080b038        0x0 ../pacemaker_bsp\libhal_bsp.a(alt_read.o)
 .data          0x000000000080b038        0x0 ../pacemaker_bsp\libhal_bsp.a(alt_release_fd.o)
 .data          0x000000000080b038        0x0 ../pacemaker_bsp\libhal_bsp.a(alt_sbrk.o)
 .data          0x000000000080b038        0x0 ../pacemaker_bsp\libhal_bsp.a(alt_tick.o)
 .data          0x000000000080b038        0x0 ../pacemaker_bsp\libhal_bsp.a(alt_write.o)
 .data          0x000000000080b038     0x1244 ../pacemaker_bsp\libhal_bsp.a(alt_sys_init.o)
 .data          0x000000000080c27c        0x0 ../pacemaker_bsp\libhal_bsp.a(altera_avalon_jtag_uart_fd.o)
 .data          0x000000000080c27c        0x0 ../pacemaker_bsp\libhal_bsp.a(altera_avalon_jtag_uart_init.o)
 .data          0x000000000080c27c        0x0 ../pacemaker_bsp\libhal_bsp.a(altera_avalon_jtag_uart_ioctl.o)
 .data          0x000000000080c27c        0x0 ../pacemaker_bsp\libhal_bsp.a(altera_avalon_jtag_uart_read.o)
 .data          0x000000000080c27c        0x0 ../pacemaker_bsp\libhal_bsp.a(altera_avalon_jtag_uart_write.o)
 .data          0x000000000080c27c        0x0 ../pacemaker_bsp\libhal_bsp.a(altera_avalon_lcd_16207.o)
 .data          0x000000000080c27c        0x0 ../pacemaker_bsp\libhal_bsp.a(altera_avalon_lcd_16207_fd.o)
 .data          0x000000000080c27c        0x0 ../pacemaker_bsp\libhal_bsp.a(altera_avalon_timer_sc.o)
 .data          0x000000000080c27c        0x0 ../pacemaker_bsp\libhal_bsp.a(altera_avalon_uart_fd.o)
 .data          0x000000000080c27c        0x0 ../pacemaker_bsp\libhal_bsp.a(altera_avalon_uart_init.o)
 .data          0x000000000080c27c        0x0 ../pacemaker_bsp\libhal_bsp.a(altera_avalon_uart_read.o)
 .data          0x000000000080c27c        0x0 ../pacemaker_bsp\libhal_bsp.a(altera_avalon_uart_write.o)
 .data          0x000000000080c27c        0x0 ../pacemaker_bsp\libhal_bsp.a(alt_dcache_flush_all.o)
 .data          0x000000000080c27c        0x0 ../pacemaker_bsp\libhal_bsp.a(alt_dev_llist_insert.o)
 .data          0x000000000080c27c        0x0 ../pacemaker_bsp\libhal_bsp.a(alt_do_ctors.o)
 .data          0x000000000080c27c        0x0 ../pacemaker_bsp\libhal_bsp.a(alt_do_dtors.o)
 .data          0x000000000080c27c        0x0 ../pacemaker_bsp\libhal_bsp.a(alt_find_dev.o)
 .data          0x000000000080c27c        0x0 ../pacemaker_bsp\libhal_bsp.a(alt_find_file.o)
 .data          0x000000000080c27c        0x0 ../pacemaker_bsp\libhal_bsp.a(alt_get_fd.o)
 .data          0x000000000080c27c        0x0 ../pacemaker_bsp\libhal_bsp.a(alt_icache_flush_all.o)
 .data          0x000000000080c27c        0x0 ../pacemaker_bsp\libhal_bsp.a(alt_iic.o)
 .data          0x000000000080c27c        0x0 ../pacemaker_bsp\libhal_bsp.a(alt_iic_isr_register.o)
 .data          0x000000000080c27c        0x0 ../pacemaker_bsp\libhal_bsp.a(alt_io_redirect.o)
 .data          0x000000000080c27c        0x0 ../pacemaker_bsp\libhal_bsp.a(alt_irq_entry.o)
 .data          0x000000000080c27c        0x0 ../pacemaker_bsp\libhal_bsp.a(alt_irq_handler.o)
 .data          0x000000000080c27c        0x0 ../pacemaker_bsp\libhal_bsp.a(alt_usleep.o)
 .data          0x000000000080c27c        0x0 ../pacemaker_bsp\libhal_bsp.a(altera_nios2_gen2_irq.o)
 .data          0x000000000080c27c        0x0 ../pacemaker_bsp\libhal_bsp.a(alt_busy_sleep.o)
 .data          0x000000000080c27c        0x0 ../pacemaker_bsp\libhal_bsp.a(alt_exception_entry.o)
 .data          0x000000000080c27c        0x0 ../pacemaker_bsp\libhal_bsp.a(alt_icache_flush.o)
 .data          0x000000000080c27c        0x0 ../pacemaker_bsp\libhal_bsp.a(alt_instruction_exception_entry.o)
 .data          0x000000000080c27c        0x0 c:/intelfpga/16.1/nios2eds/bin/gnu/h-x86_64-mingw32/bin/../lib/gcc/nios2-elf/5.3.0/../../../../../H-x86_64-mingw32/nios2-elf/lib\libc.a(lib_a-atexit.o)
 .data          0x000000000080c27c        0x0 c:/intelfpga/16.1/nios2eds/bin/gnu/h-x86_64-mingw32/bin/../lib/gcc/nios2-elf/5.3.0/../../../../../H-x86_64-mingw32/nios2-elf/lib\libc.a(lib_a-ctype_.o)
 .data          0x000000000080c27c        0x0 c:/intelfpga/16.1/nios2eds/bin/gnu/h-x86_64-mingw32/bin/../lib/gcc/nios2-elf/5.3.0/../../../../../H-x86_64-mingw32/nios2-elf/lib\libc.a(lib_a-exit.o)
 .data          0x000000000080c27c        0x0 c:/intelfpga/16.1/nios2eds/bin/gnu/h-x86_64-mingw32/bin/../lib/gcc/nios2-elf/5.3.0/../../../../../H-x86_64-mingw32/nios2-elf/lib\libc.a(lib_a-memcmp.o)
 .data          0x000000000080c27c        0x0 c:/intelfpga/16.1/nios2eds/bin/gnu/h-x86_64-mingw32/bin/../lib/gcc/nios2-elf/5.3.0/../../../../../H-x86_64-mingw32/nios2-elf/lib\libc.a(lib_a-__atexit.o)
 .data          0x000000000080c27c        0x0 c:/intelfpga/16.1/nios2eds/bin/gnu/h-x86_64-mingw32/bin/../lib/gcc/nios2-elf/5.3.0/../../../../../H-x86_64-mingw32/nios2-elf/lib\libc.a(lib_a-__call_atexit.o)
 .data          0x000000000080c27c        0x0 ../pacemaker_bsp\libhal_bsp.a(alt_exit.o)
                0x000000000081427c                _gp = ABSOLUTE ((. + 0x8000))
                [!provide]                        PROVIDE (gp, _gp)
 *(.rwdata .rwdata.*)
 *(.sdata .sdata.* .gnu.linkonce.s.*)
 .sdata         0x000000000080c27c        0x6 obj/default/main.o
                0x000000000080c27c                charA
                0x000000000080c280                charV
 *fill*         0x000000000080c282        0x2 
 .sdata._global_impure_ptr
                0x000000000080c284        0x4 c:/intelfpga/16.1/nios2eds/bin/gnu/h-x86_64-mingw32/bin/../lib/gcc/nios2-elf/5.3.0/../../../../../H-x86_64-mingw32/nios2-elf/lib\libc.a(lib_a-impure.o)
                0x000000000080c284                _global_impure_ptr
 .sdata._impure_ptr
                0x000000000080c288        0x4 c:/intelfpga/16.1/nios2eds/bin/gnu/h-x86_64-mingw32/bin/../lib/gcc/nios2-elf/5.3.0/../../../../../H-x86_64-mingw32/nios2-elf/lib\libc.a(lib_a-impure.o)
                0x000000000080c288                _impure_ptr
 .sdata.__malloc_sbrk_base
                0x000000000080c28c        0x4 c:/intelfpga/16.1/nios2eds/bin/gnu/h-x86_64-mingw32/bin/../lib/gcc/nios2-elf/5.3.0/../../../../../H-x86_64-mingw32/nios2-elf/lib\libc.a(lib_a-mallocr.o)
                0x000000000080c28c                __malloc_sbrk_base
 .sdata.__malloc_trim_threshold
                0x000000000080c290        0x4 c:/intelfpga/16.1/nios2eds/bin/gnu/h-x86_64-mingw32/bin/../lib/gcc/nios2-elf/5.3.0/../../../../../H-x86_64-mingw32/nios2-elf/lib\libc.a(lib_a-mallocr.o)
                0x000000000080c290                __malloc_trim_threshold
 .sdata         0x000000000080c294       0x14 ../pacemaker_bsp\libhal_bsp.a(alt_dev.o)
                0x000000000080c294                alt_fs_list
                0x000000000080c29c                alt_dev_list
                0x000000000080c2a4                alt_max_fd
 .sdata         0x000000000080c2a8        0x4 ../pacemaker_bsp\libhal_bsp.a(alt_errno.o)
                0x000000000080c2a8                alt_errno
 .sdata         0x000000000080c2ac        0x4 ../pacemaker_bsp\libhal_bsp.a(alt_irq_vars.o)
                0x000000000080c2ac                alt_priority_mask
 .sdata         0x000000000080c2b0        0x4 ../pacemaker_bsp\libhal_bsp.a(alt_sbrk.o)
 .sdata         0x000000000080c2b4        0x8 ../pacemaker_bsp\libhal_bsp.a(alt_tick.o)
                0x000000000080c2b4                alt_alarm_list
 .sdata         0x000000000080c2bc        0x4 ../pacemaker_bsp\libhal_bsp.a(altera_avalon_lcd_16207.o)
 .sdata.__ctype_ptr__
                0x000000000080c2c0        0x4 c:/intelfpga/16.1/nios2eds/bin/gnu/h-x86_64-mingw32/bin/../lib/gcc/nios2-elf/5.3.0/../../../../../H-x86_64-mingw32/nios2-elf/lib\libc.a(lib_a-ctype_.o)
                0x000000000080c2c0                __ctype_ptr__
 *(.sdata2 .sdata2.* .gnu.linkonce.s2.*)
                0x000000000080c2c4                . = ALIGN (0x4)
                0x000000000080c2c4                _edata = ABSOLUTE (.)
                [!provide]                        PROVIDE (edata, ABSOLUTE (.))
                0x000000000080c2c4                PROVIDE (__ram_rwdata_end, ABSOLUTE (.))
                0x000000000080c2c4                PROVIDE (__flash_rwdata_start, LOADADDR (.rwdata))

.bss            0x000000000080df24      0x418
                0x000000000080df24                __bss_start = ABSOLUTE (.)
                [!provide]                        PROVIDE (__sbss_start, ABSOLUTE (.))
                [!provide]                        PROVIDE (___sbss_start, ABSOLUTE (.))
 *(.dynsbss)
 *(.sbss .sbss.* .gnu.linkonce.sb.*)
 .sbss          0x000000000080df24      0x141 obj/default/main.o
                0x000000000080df24                _cg81
                0x000000000080df25                _cg42
                0x000000000080df26                g83
                0x000000000080df27                g40
                0x000000000080df28                LRIExpired
                0x000000000080df29                g91
                0x000000000080df2a                APace
                0x000000000080df2b                PRE_g95
                0x000000000080df2c                g4
                0x000000000080df2d                g108
                0x000000000080df2e                g19
                0x000000000080df2f                g111
                0x000000000080df30                PRE_g102
                0x000000000080df31                g55
                0x000000000080df32                _cg96
                0x000000000080df33                _cg59
                0x000000000080df34                g27
                0x000000000080df35                ASenseBuffer
                0x000000000080df36                _cg116
                0x000000000080df37                g112
                0x000000000080df38                g3
                0x000000000080df39                g103
                0x000000000080df3a                PRE_g27
                0x000000000080df3b                g47
                0x000000000080df3c                g85
                0x000000000080df3d                g42
                0x000000000080df3e                g9
                0x000000000080df3f                g94b
                0x000000000080df40                g114b
                0x000000000080df44                _PRE_GO
                0x000000000080df48                PRE_g3
                0x000000000080df49                g102
                0x000000000080df4a                g115
                0x000000000080df4b                PRE_g39
                0x000000000080df4c                PRE_g121
                0x000000000080df4d                _cg15
                0x000000000080df4e                PRE_g56
                0x000000000080df4f                _cg73
                0x000000000080df50                g87
                0x000000000080df51                g44
                0x000000000080df52                VRPExpired
                0x000000000080df53                AEIStop
                0x000000000080df54                g123
                0x000000000080df55                _cg8
                0x000000000080df56                PRE_g20
                0x000000000080df57                g92
                0x000000000080df58                g1
                0x000000000080df59                g61
                0x000000000080df5a                g71
                0x000000000080df5b                _cg110
                0x000000000080df5c                g119_fix0
                0x000000000080df5d                g82
                0x000000000080df5e                PRE_g69
                0x000000000080df5f                g12
                0x000000000080df60                g97
                0x000000000080df61                g52
                0x000000000080df62                _cg46
                0x000000000080df63                g118_e10
                0x000000000080df64                g17
                0x000000000080df65                PRE_g77
                0x000000000080df66                g119_fix1
                0x000000000080df68                APLEDTimerStarted
                0x000000000080df6c                g111_e9
                0x000000000080df6d                g76
                0x000000000080df6e                g31
                0x000000000080df6f                g37
                0x000000000080df70                g119_e1_fix
                0x000000000080df71                g62
                0x000000000080df72                g84
                0x000000000080df73                g41
                0x000000000080df74                _cg26
                0x000000000080df75                g118
                0x000000000080df76                PRE_g85
                0x000000000080df77                AVIStop
                0x000000000080df78                VRPTimerStarted
                0x000000000080df7c                g18
                0x000000000080df7d                ASense
                0x000000000080df7e                PRE_g104
                0x000000000080df7f                PRE_g10
                0x000000000080df80                _cg101
                0x000000000080df81                LRIStart
                0x000000000080df82                g98_e8
                0x000000000080df83                g48
                0x000000000080df84                g38
                0x000000000080df85                g105
                0x000000000080df86                _cg97
                0x000000000080df87                _cg21
                0x000000000080df88                VPLEDTimerStarted
                0x000000000080df8c                g67_e5
                0x000000000080df8d                g117
                0x000000000080df8e                _cg28
                0x000000000080df8f                g64
                0x000000000080df90                g21
                0x000000000080df91                _cg51
                0x000000000080df92                _cg14
                0x000000000080df93                g79
                0x000000000080df94                g34
                0x000000000080df95                g119_e1_fix_fix
                0x000000000080df96                g5
                0x000000000080df97                g94
                0x000000000080df98                g110
                0x000000000080df99                g49
                0x000000000080df9c                PVARPTimerStarted
                0x000000000080dfa0                g2
                0x000000000080dfa1                g7
                0x000000000080dfa2                g119_e1
                0x000000000080dfa3                PVARPStart
                0x000000000080dfa4                g80
                0x000000000080dfa5                PRE_g80
                0x000000000080dfa6                g91_e7
                0x000000000080dfa7                g100
                0x000000000080dfa8                LRITimerStarted
                0x000000000080dfac                g59
                0x000000000080dfad                g99
                0x000000000080dfae                g54
                0x000000000080dfaf                g66
                0x000000000080dfb0                g23
                0x000000000080dfb1                _cg83
                0x000000000080dfb2                _cg87
                0x000000000080dfb3                AVIExpired
                0x000000000080dfb4                g34_e2
                0x000000000080dfb5                PRE_g71
                0x000000000080dfb6                g14
                0x000000000080dfb7                PRE_g36
                0x000000000080dfb8                VRPStart
                0x000000000080dfb9                _cg6
                0x000000000080dfba                g101
                0x000000000080dfbb                g114
                0x000000000080dfbc                g56
                0x000000000080dfbd                VSense
                0x000000000080dfbe                PRE_g18
                0x000000000080dfbf                _cg114
                0x000000000080dfc0                g78
                0x000000000080dfc1                g33
                0x000000000080dfc2                g122
                0x000000000080dfc3                g28b
                0x000000000080dfc4                g75_e6
                0x000000000080dfc5                PRE_g22
                0x000000000080dfc6                _cg64
                0x000000000080dfc7                _cg29
                0x000000000080dfc8                g123_e2
                0x000000000080dfc9                g35
                0x000000000080dfca                URIExpired
                0x000000000080dfcb                URIStop
                0x000000000080dfcc                g15
                0x000000000080dfcd                g90
                0x000000000080dfce                _GO
                0x000000000080dfd0                AVITimerStarted
                0x000000000080dfd4                PRE_g54
                0x000000000080dfd5                VRPStop
                0x000000000080dfd6                g63
                0x000000000080dfd7                g20
                0x000000000080dfd8                g60
                0x000000000080dfd9                PRE_g107
                0x000000000080dfdc                byte
                0x000000000080dfe0                AVIStart
                0x000000000080dfe1                g23b
                0x000000000080dfe2                g93
                0x000000000080dfe3                g119
                0x000000000080dfe4                g21b
                0x000000000080dfe5                g86
                0x000000000080dfe6                g43
                0x000000000080dfe7                _cg65
                0x000000000080dfe8                PRE_g113
                0x000000000080dfe9                g86b
                0x000000000080dfea                _cg11
                0x000000000080dfeb                VSenseBuffer
                0x000000000080dfec                g36
                0x000000000080dfed                g89
                0x000000000080dfee                g46
                0x000000000080dfef                g95
                0x000000000080dff0                g50
                0x000000000080dff1                g16_e1
                0x000000000080dff2                g96
                0x000000000080dff3                g51
                0x000000000080dff4                _cg70
                0x000000000080dff5                _cg37
                0x000000000080dff6                g107
                0x000000000080dff7                PRE_g31
                0x000000000080dff8                g113
                0x000000000080dff9                _cg117
                0x000000000080dffa                _cg78
                0x000000000080dffb                PRE_g48
                0x000000000080dffc                _cg41
                0x000000000080dffd                PRE_g61
                0x000000000080dffe                g104
                0x000000000080dfff                g13
                0x000000000080e000                PRE_g115
                0x000000000080e001                g98
                0x000000000080e002                g53
                0x000000000080e003                g8
                0x000000000080e004                g57
                0x000000000080e005                g70
                0x000000000080e006                _cg66
                0x000000000080e007                g52_e4
                0x000000000080e008                g116
                0x000000000080e009                g6
                0x000000000080e00a                _cg19
                0x000000000080e00b                g72
                0x000000000080e00c                g81
                0x000000000080e010                buf
                0x000000000080e014                g124
                0x000000000080e015                _cg108
                0x000000000080e016                _cg50
                0x000000000080e017                _cg13
                0x000000000080e018                LRIStop
                0x000000000080e019                g0
                0x000000000080e01a                _cg89
                0x000000000080e01b                PRE_g100
                0x000000000080e01c                g75
                0x000000000080e01d                g30
                0x000000000080e01e                g72b
                0x000000000080e01f                _cg40
                0x000000000080e020                PRE_g58
                0x000000000080e021                g16
                0x000000000080e022                g70b
                0x000000000080e023                _cg24
                0x000000000080e024                g58
                0x000000000080e025                _cg94
                0x000000000080e026                _cg57
                0x000000000080e027                g68
                0x000000000080e028                g25
                0x000000000080e029                PRE_g93
                0x000000000080e02a                PVARPStop
                0x000000000080e02b                AEIExpired
                0x000000000080e02c                g11
                0x000000000080e02d                g65
                0x000000000080e02e                g22
                0x000000000080e02f                g28
                0x000000000080e030                g73
                0x000000000080e031                g77
                0x000000000080e032                g32
                0x000000000080e033                AEIStart
                0x000000000080e034                g88
                0x000000000080e035                g45
                0x000000000080e038                uart
                0x000000000080e03c                _cg23
                0x000000000080e03d                PRE_g82
                0x000000000080e03e                _cg103
                0x000000000080e03f                _cg55
                0x000000000080e040                PRE_g45
                0x000000000080e041                PRE_g5
                0x000000000080e042                g121
                0x000000000080e043                _cg109
                0x000000000080e044                AEITimerStarted
                0x000000000080e048                VPace
                0x000000000080e049                g39
                0x000000000080e04a                _cg49
                0x000000000080e04b                g120
                0x000000000080e04c                g29
                0x000000000080e04d                _cg4
                0x000000000080e04e                g67
                0x000000000080e04f                g24
                0x000000000080e050                g109
                0x000000000080e051                _cg32
                0x000000000080e052                PRE_g7
                0x000000000080e053                g106
                0x000000000080e054                g10
                0x000000000080e055                PVARPExpired
                0x000000000080e056                _cg62
                0x000000000080e057                g69
                0x000000000080e058                g26
                0x000000000080e05c                URITimerStarted
                0x000000000080e060                _cg72
                0x000000000080e061                g43_e3
                0x000000000080e062                _cg105
                0x000000000080e063                URIStart
                0x000000000080e064                g74
 *fill*         0x000000000080e065        0x3 
 .sbss.__malloc_max_total_mem
                0x000000000080e068        0x4 c:/intelfpga/16.1/nios2eds/bin/gnu/h-x86_64-mingw32/bin/../lib/gcc/nios2-elf/5.3.0/../../../../../H-x86_64-mingw32/nios2-elf/lib\libc.a(lib_a-mallocr.o)
                0x000000000080e068                __malloc_max_total_mem
 .sbss.__malloc_max_sbrked_mem
                0x000000000080e06c        0x4 c:/intelfpga/16.1/nios2eds/bin/gnu/h-x86_64-mingw32/bin/../lib/gcc/nios2-elf/5.3.0/../../../../../H-x86_64-mingw32/nios2-elf/lib\libc.a(lib_a-mallocr.o)
                0x000000000080e06c                __malloc_max_sbrked_mem
 .sbss.__malloc_top_pad
                0x000000000080e070        0x4 c:/intelfpga/16.1/nios2eds/bin/gnu/h-x86_64-mingw32/bin/../lib/gcc/nios2-elf/5.3.0/../../../../../H-x86_64-mingw32/nios2-elf/lib\libc.a(lib_a-mallocr.o)
                0x000000000080e070                __malloc_top_pad
 .sbss          0x000000000080e074        0x4 c:/intelfpga/16.1/nios2eds/bin/gnu/h-x86_64-mingw32/bin/../lib/gcc/nios2-elf/5.3.0/../../../../../H-x86_64-mingw32/nios2-elf/lib\libc.a(lib_a-int_errno.o)
                0x000000000080e074                errno
 .sbss          0x000000000080e078        0x4 ../pacemaker_bsp\libhal_bsp.a(alt_irq_vars.o)
                0x000000000080e078                alt_irq_active
 .sbss          0x000000000080e07c        0xc ../pacemaker_bsp\libhal_bsp.a(alt_main.o)
                0x000000000080e07c                alt_argc
                0x000000000080e080                alt_argv
                0x000000000080e084                alt_envp
 .sbss          0x000000000080e088        0x8 ../pacemaker_bsp\libhal_bsp.a(alt_tick.o)
                0x000000000080e088                _alt_tick_rate
                0x000000000080e08c                _alt_nticks
 .sbss          0x000000000080e090        0x4 ../pacemaker_bsp\libhal_bsp.a(alt_instruction_exception_entry.o)
                0x000000000080e090                alt_instruction_exception_handler
 *(.sbss2 .sbss2.* .gnu.linkonce.sb2.*)
 *(.scommon)
                [!provide]                        PROVIDE (__sbss_end, ABSOLUTE (.))
                [!provide]                        PROVIDE (___sbss_end, ABSOLUTE (.))
 *(.dynbss)
 *(.bss .bss.* .gnu.linkonce.b.*)
 .bss           0x000000000080e094        0x0 ../pacemaker_bsp/obj/HAL/src/crt0.o
 .bss           0x000000000080e094        0x0 obj/default/main.o
 .bss           0x000000000080e094        0x0 obj/default/timers.o
 .bss           0x000000000080e094        0x0 obj/default/uart.o
 .bss           0x000000000080e094        0x0 c:/intelfpga/16.1/nios2eds/bin/gnu/h-x86_64-mingw32/bin/../lib/gcc/nios2-elf/5.3.0/../../../../../H-x86_64-mingw32/nios2-elf/lib\libc.a(lib_a-puts.o)
 .bss           0x000000000080e094        0x0 c:/intelfpga/16.1/nios2eds/bin/gnu/h-x86_64-mingw32/bin/../lib/gcc/nios2-elf/5.3.0/../../../../../H-x86_64-mingw32/nios2-elf/lib\libc.a(lib_a-strlen.o)
 .bss           0x000000000080e094        0x0 c:/intelfpga/16.1/nios2eds/bin/gnu/h-x86_64-mingw32/bin/../lib/gcc/nios2-elf/5.3.0/../../../../../H-x86_64-mingw32/nios2-elf/lib\libc.a(lib_a-findfp.o)
 .bss           0x000000000080e094        0x0 c:/intelfpga/16.1/nios2eds/bin/gnu/h-x86_64-mingw32/bin/../lib/gcc/nios2-elf/5.3.0/../../../../../H-x86_64-mingw32/nios2-elf/lib\libc.a(lib_a-fvwrite.o)
 .bss           0x000000000080e094        0x0 c:/intelfpga/16.1/nios2eds/bin/gnu/h-x86_64-mingw32/bin/../lib/gcc/nios2-elf/5.3.0/../../../../../H-x86_64-mingw32/nios2-elf/lib\libc.a(lib_a-fwalk.o)
 .bss           0x000000000080e094        0x0 c:/intelfpga/16.1/nios2eds/bin/gnu/h-x86_64-mingw32/bin/../lib/gcc/nios2-elf/5.3.0/../../../../../H-x86_64-mingw32/nios2-elf/lib\libc.a(lib_a-impure.o)
 .bss           0x000000000080e094        0x0 c:/intelfpga/16.1/nios2eds/bin/gnu/h-x86_64-mingw32/bin/../lib/gcc/nios2-elf/5.3.0/../../../../../H-x86_64-mingw32/nios2-elf/lib\libc.a(lib_a-mallocr.o)
 .bss.__malloc_current_mallinfo
                0x000000000080e094       0x28 c:/intelfpga/16.1/nios2eds/bin/gnu/h-x86_64-mingw32/bin/../lib/gcc/nios2-elf/5.3.0/../../../../../H-x86_64-mingw32/nios2-elf/lib\libc.a(lib_a-mallocr.o)
                0x000000000080e094                __malloc_current_mallinfo
 .bss           0x000000000080e0bc        0x0 c:/intelfpga/16.1/nios2eds/bin/gnu/h-x86_64-mingw32/bin/../lib/gcc/nios2-elf/5.3.0/../../../../../H-x86_64-mingw32/nios2-elf/lib\libc.a(lib_a-memchr.o)
 .bss           0x000000000080e0bc        0x0 c:/intelfpga/16.1/nios2eds/bin/gnu/h-x86_64-mingw32/bin/../lib/gcc/nios2-elf/5.3.0/../../../../../H-x86_64-mingw32/nios2-elf/lib\libc.a(lib_a-memcpy.o)
 .bss           0x000000000080e0bc        0x0 c:/intelfpga/16.1/nios2eds/bin/gnu/h-x86_64-mingw32/bin/../lib/gcc/nios2-elf/5.3.0/../../../../../H-x86_64-mingw32/nios2-elf/lib\libc.a(lib_a-memmove.o)
 .bss           0x000000000080e0bc        0x0 c:/intelfpga/16.1/nios2eds/bin/gnu/h-x86_64-mingw32/bin/../lib/gcc/nios2-elf/5.3.0/../../../../../H-x86_64-mingw32/nios2-elf/lib\libc.a(lib_a-memset.o)
 .bss           0x000000000080e0bc        0x0 c:/intelfpga/16.1/nios2eds/bin/gnu/h-x86_64-mingw32/bin/../lib/gcc/nios2-elf/5.3.0/../../../../../H-x86_64-mingw32/nios2-elf/lib\libc.a(lib_a-reallocr.o)
 .bss           0x000000000080e0bc        0x0 c:/intelfpga/16.1/nios2eds/bin/gnu/h-x86_64-mingw32/bin/../lib/gcc/nios2-elf/5.3.0/../../../../../H-x86_64-mingw32/nios2-elf/lib\libc.a(lib_a-sbrkr.o)
 .bss           0x000000000080e0bc        0x0 c:/intelfpga/16.1/nios2eds/bin/gnu/h-x86_64-mingw32/bin/../lib/gcc/nios2-elf/5.3.0/../../../../../H-x86_64-mingw32/nios2-elf/lib\libc.a(lib_a-stdio.o)
 .bss           0x000000000080e0bc        0x0 c:/intelfpga/16.1/nios2eds/bin/gnu/h-x86_64-mingw32/bin/../lib/gcc/nios2-elf/5.3.0/../../../../../H-x86_64-mingw32/nios2-elf/lib\libc.a(lib_a-writer.o)
 .bss           0x000000000080e0bc        0x0 c:/intelfpga/16.1/nios2eds/bin/gnu/h-x86_64-mingw32/bin/../lib/gcc/nios2-elf/5.3.0/../../../../../H-x86_64-mingw32/nios2-elf/lib\libc.a(lib_a-wsetup.o)
 .bss           0x000000000080e0bc        0x0 c:/intelfpga/16.1/nios2eds/bin/gnu/h-x86_64-mingw32/bin/../lib/gcc/nios2-elf/5.3.0/../../../../../H-x86_64-mingw32/nios2-elf/lib\libc.a(closer.o)
 .bss           0x000000000080e0bc        0x0 c:/intelfpga/16.1/nios2eds/bin/gnu/h-x86_64-mingw32/bin/../lib/gcc/nios2-elf/5.3.0/../../../../../H-x86_64-mingw32/nios2-elf/lib\libc.a(lib_a-fclose.o)
 .bss           0x000000000080e0bc        0x0 c:/intelfpga/16.1/nios2eds/bin/gnu/h-x86_64-mingw32/bin/../lib/gcc/nios2-elf/5.3.0/../../../../../H-x86_64-mingw32/nios2-elf/lib\libc.a(lib_a-fflush.o)
 .bss           0x000000000080e0bc        0x0 c:/intelfpga/16.1/nios2eds/bin/gnu/h-x86_64-mingw32/bin/../lib/gcc/nios2-elf/5.3.0/../../../../../H-x86_64-mingw32/nios2-elf/lib\libc.a(lib_a-freer.o)
 .bss           0x000000000080e0bc        0x0 c:/intelfpga/16.1/nios2eds/bin/gnu/h-x86_64-mingw32/bin/../lib/gcc/nios2-elf/5.3.0/../../../../../H-x86_64-mingw32/nios2-elf/lib\libc.a(lib_a-int_errno.o)
 .bss           0x000000000080e0bc        0x0 c:/intelfpga/16.1/nios2eds/bin/gnu/h-x86_64-mingw32/bin/../lib/gcc/nios2-elf/5.3.0/../../../../../H-x86_64-mingw32/nios2-elf/lib\libc.a(lib_a-lseekr.o)
 .bss           0x000000000080e0bc        0x0 c:/intelfpga/16.1/nios2eds/bin/gnu/h-x86_64-mingw32/bin/../lib/gcc/nios2-elf/5.3.0/../../../../../H-x86_64-mingw32/nios2-elf/lib\libc.a(lib_a-makebuf.o)
 .bss           0x000000000080e0bc        0x0 c:/intelfpga/16.1/nios2eds/bin/gnu/h-x86_64-mingw32/bin/../lib/gcc/nios2-elf/5.3.0/../../../../../H-x86_64-mingw32/nios2-elf/lib\libc.a(lib_a-readr.o)
 .bss           0x000000000080e0bc        0x0 c:/intelfpga/16.1/nios2eds/bin/gnu/h-x86_64-mingw32/bin/../lib/gcc/nios2-elf/5.3.0/../../../../../H-x86_64-mingw32/nios2-elf/lib\libc.a(lib_a-fstatr.o)
 .bss           0x000000000080e0bc        0x0 c:/intelfpga/16.1/nios2eds/bin/gnu/h-x86_64-mingw32/bin/../lib/gcc/nios2-elf/5.3.0/../../../../../H-x86_64-mingw32/nios2-elf/lib\libc.a(lib_a-isattyr.o)
 .bss           0x000000000080e0bc        0x0 c:/intelfpga/16.1/nios2eds/bin/gnu/h-x86_64-mingw32/bin/../lib/gcc/nios2-elf/5.3.0\libgcc.a(lib2-divmod.o)
 .bss           0x000000000080e0bc        0x0 ../pacemaker_bsp\libhal_bsp.a(alt_alarm_start.o)
 .bss           0x000000000080e0bc        0x0 ../pacemaker_bsp\libhal_bsp.a(alt_close.o)
 .bss           0x000000000080e0bc        0x0 ../pacemaker_bsp\libhal_bsp.a(alt_dev.o)
 .bss           0x000000000080e0bc        0x0 ../pacemaker_bsp\libhal_bsp.a(alt_errno.o)
 .bss           0x000000000080e0bc        0x0 ../pacemaker_bsp\libhal_bsp.a(alt_fstat.o)
 .bss           0x000000000080e0bc        0x0 ../pacemaker_bsp\libhal_bsp.a(alt_irq_register.o)
 .bss           0x000000000080e0bc        0x0 ../pacemaker_bsp\libhal_bsp.a(alt_irq_vars.o)
 .bss           0x000000000080e0bc        0x0 ../pacemaker_bsp\libhal_bsp.a(alt_isatty.o)
 .bss           0x000000000080e0bc        0x0 ../pacemaker_bsp\libhal_bsp.a(alt_load.o)
 .bss           0x000000000080e0bc        0x0 ../pacemaker_bsp\libhal_bsp.a(alt_lseek.o)
 .bss           0x000000000080e0bc        0x0 ../pacemaker_bsp\libhal_bsp.a(alt_main.o)
 .bss           0x000000000080e0bc        0x0 ../pacemaker_bsp\libhal_bsp.a(alt_malloc_lock.o)
 .bss           0x000000000080e0bc        0x0 ../pacemaker_bsp\libhal_bsp.a(alt_open.o)
 .bss           0x000000000080e0bc        0x0 ../pacemaker_bsp\libhal_bsp.a(alt_read.o)
 .bss           0x000000000080e0bc        0x0 ../pacemaker_bsp\libhal_bsp.a(alt_release_fd.o)
 .bss           0x000000000080e0bc        0x0 ../pacemaker_bsp\libhal_bsp.a(alt_sbrk.o)
 .bss           0x000000000080e0bc        0x0 ../pacemaker_bsp\libhal_bsp.a(alt_tick.o)
 .bss           0x000000000080e0bc        0x0 ../pacemaker_bsp\libhal_bsp.a(alt_write.o)
 .bss           0x000000000080e0bc        0x0 ../pacemaker_bsp\libhal_bsp.a(alt_sys_init.o)
 .bss           0x000000000080e0bc        0x0 ../pacemaker_bsp\libhal_bsp.a(altera_avalon_jtag_uart_fd.o)
 .bss           0x000000000080e0bc        0x0 ../pacemaker_bsp\libhal_bsp.a(altera_avalon_jtag_uart_init.o)
 .bss           0x000000000080e0bc        0x0 ../pacemaker_bsp\libhal_bsp.a(altera_avalon_jtag_uart_ioctl.o)
 .bss           0x000000000080e0bc        0x0 ../pacemaker_bsp\libhal_bsp.a(altera_avalon_jtag_uart_read.o)
 .bss           0x000000000080e0bc        0x0 ../pacemaker_bsp\libhal_bsp.a(altera_avalon_jtag_uart_write.o)
 .bss           0x000000000080e0bc        0x0 ../pacemaker_bsp\libhal_bsp.a(altera_avalon_lcd_16207.o)
 .bss           0x000000000080e0bc        0x0 ../pacemaker_bsp\libhal_bsp.a(altera_avalon_lcd_16207_fd.o)
 .bss           0x000000000080e0bc        0x0 ../pacemaker_bsp\libhal_bsp.a(altera_avalon_timer_sc.o)
 .bss           0x000000000080e0bc        0x0 ../pacemaker_bsp\libhal_bsp.a(altera_avalon_uart_fd.o)
 .bss           0x000000000080e0bc        0x0 ../pacemaker_bsp\libhal_bsp.a(altera_avalon_uart_init.o)
 .bss           0x000000000080e0bc        0x0 ../pacemaker_bsp\libhal_bsp.a(altera_avalon_uart_read.o)
 .bss           0x000000000080e0bc        0x0 ../pacemaker_bsp\libhal_bsp.a(altera_avalon_uart_write.o)
 .bss           0x000000000080e0bc        0x0 ../pacemaker_bsp\libhal_bsp.a(alt_dcache_flush_all.o)
 .bss           0x000000000080e0bc        0x0 ../pacemaker_bsp\libhal_bsp.a(alt_dev_llist_insert.o)
 .bss           0x000000000080e0bc        0x0 ../pacemaker_bsp\libhal_bsp.a(alt_do_ctors.o)
 .bss           0x000000000080e0bc        0x0 ../pacemaker_bsp\libhal_bsp.a(alt_do_dtors.o)
 .bss           0x000000000080e0bc        0x0 ../pacemaker_bsp\libhal_bsp.a(alt_find_dev.o)
 .bss           0x000000000080e0bc        0x0 ../pacemaker_bsp\libhal_bsp.a(alt_find_file.o)
 .bss           0x000000000080e0bc        0x0 ../pacemaker_bsp\libhal_bsp.a(alt_get_fd.o)
 .bss           0x000000000080e0bc        0x0 ../pacemaker_bsp\libhal_bsp.a(alt_icache_flush_all.o)
 .bss           0x000000000080e0bc        0x0 ../pacemaker_bsp\libhal_bsp.a(alt_iic.o)
 .bss           0x000000000080e0bc        0x0 ../pacemaker_bsp\libhal_bsp.a(alt_iic_isr_register.o)
 .bss           0x000000000080e0bc        0x0 ../pacemaker_bsp\libhal_bsp.a(alt_io_redirect.o)
 .bss           0x000000000080e0bc        0x0 ../pacemaker_bsp\libhal_bsp.a(alt_irq_entry.o)
 .bss           0x000000000080e0bc        0x0 ../pacemaker_bsp\libhal_bsp.a(alt_irq_handler.o)
 .bss           0x000000000080e0bc        0x0 ../pacemaker_bsp\libhal_bsp.a(alt_usleep.o)
 .bss           0x000000000080e0bc        0x0 ../pacemaker_bsp\libhal_bsp.a(altera_nios2_gen2_irq.o)
 .bss           0x000000000080e0bc        0x0 ../pacemaker_bsp\libhal_bsp.a(alt_busy_sleep.o)
 .bss           0x000000000080e0bc        0x0 ../pacemaker_bsp\libhal_bsp.a(alt_exception_entry.o)
 .bss           0x000000000080e0bc        0x0 ../pacemaker_bsp\libhal_bsp.a(alt_icache_flush.o)
 .bss           0x000000000080e0bc        0x0 ../pacemaker_bsp\libhal_bsp.a(alt_instruction_exception_entry.o)
 .bss           0x000000000080e0bc        0x0 c:/intelfpga/16.1/nios2eds/bin/gnu/h-x86_64-mingw32/bin/../lib/gcc/nios2-elf/5.3.0/../../../../../H-x86_64-mingw32/nios2-elf/lib\libc.a(lib_a-atexit.o)
 .bss           0x000000000080e0bc        0x0 c:/intelfpga/16.1/nios2eds/bin/gnu/h-x86_64-mingw32/bin/../lib/gcc/nios2-elf/5.3.0/../../../../../H-x86_64-mingw32/nios2-elf/lib\libc.a(lib_a-ctype_.o)
 .bss           0x000000000080e0bc        0x0 c:/intelfpga/16.1/nios2eds/bin/gnu/h-x86_64-mingw32/bin/../lib/gcc/nios2-elf/5.3.0/../../../../../H-x86_64-mingw32/nios2-elf/lib\libc.a(lib_a-exit.o)
 .bss           0x000000000080e0bc        0x0 c:/intelfpga/16.1/nios2eds/bin/gnu/h-x86_64-mingw32/bin/../lib/gcc/nios2-elf/5.3.0/../../../../../H-x86_64-mingw32/nios2-elf/lib\libc.a(lib_a-memcmp.o)
 .bss           0x000000000080e0bc        0x0 c:/intelfpga/16.1/nios2eds/bin/gnu/h-x86_64-mingw32/bin/../lib/gcc/nios2-elf/5.3.0/../../../../../H-x86_64-mingw32/nios2-elf/lib\libc.a(lib_a-__atexit.o)
 .bss           0x000000000080e0bc        0x0 c:/intelfpga/16.1/nios2eds/bin/gnu/h-x86_64-mingw32/bin/../lib/gcc/nios2-elf/5.3.0/../../../../../H-x86_64-mingw32/nios2-elf/lib\libc.a(lib_a-__call_atexit.o)
 .bss           0x000000000080e0bc        0x0 ../pacemaker_bsp\libhal_bsp.a(alt_exit.o)
 *(COMMON)
 COMMON         0x000000000080e0bc      0x180 obj/default/main.o
                0x000000000080e0bc                VSenseTimerReset
                0x000000000080e0d4                LRITimer
                0x000000000080e0ec                AEITimer
                0x000000000080e104                URITimerReset
                0x000000000080e11c                PVARPTimer
                0x000000000080e134                PVARPTimerReset
                0x000000000080e14c                VRPTimer
                0x000000000080e164                VRPTimerReset
                0x000000000080e17c                URITimer
                0x000000000080e194                AVITimerReset
                0x000000000080e1ac                ASenseTimerReset
                0x000000000080e1c4                VPLEDTimer
                0x000000000080e1dc                AEITimerReset
                0x000000000080e1f4                APLEDTimer
                0x000000000080e20c                LRITimerReset
                0x000000000080e224                AVITimer
 COMMON         0x000000000080e23c      0x100 ../pacemaker_bsp\libhal_bsp.a(alt_irq_handler.o)
                0x000000000080e23c                alt_irq
                0x000000000080e33c                . = ALIGN (0x4)
                0x000000000080e33c                __bss_end = ABSOLUTE (.)

.sdram          0x000000000080e33c        0x0
                [!provide]                        PROVIDE (_alt_partition_sdram_start, ABSOLUTE (.))
 *(.sdram .sdram. sdram.*)
                0x000000000080e33c                . = ALIGN (0x4)
                [!provide]                        PROVIDE (_alt_partition_sdram_end, ABSOLUTE (.))
                0x000000000080e33c                _end = ABSOLUTE (.)
                0x000000000080e33c                end = ABSOLUTE (.)
                0x000000000080e33c                __alt_stack_base = ABSOLUTE (.)
                [!provide]                        PROVIDE (_alt_partition_sdram_load_addr, LOADADDR (.sdram))

.onchip_mem     0x0000000001080000        0x0 load address 0x000000000080e33c
                [!provide]                        PROVIDE (_alt_partition_onchip_mem_start, ABSOLUTE (.))
 *(.onchip_mem .onchip_mem. onchip_mem.*)
                0x0000000001080000                . = ALIGN (0x4)
                [!provide]                        PROVIDE (_alt_partition_onchip_mem_end, ABSOLUTE (.))
                [!provide]                        PROVIDE (_alt_partition_onchip_mem_load_addr, LOADADDR (.onchip_mem))

.stab
 *(.stab)

.stabstr
 *(.stabstr)

.stab.excl
 *(.stab.excl)

.stab.exclstr
 *(.stab.exclstr)

.stab.index
 *(.stab.index)

.stab.indexstr
 *(.stab.indexstr)

.comment        0x0000000000000000       0x23
 *(.comment)
 .comment       0x0000000000000000       0x23 obj/default/main.o
                                         0x24 (size before relaxing)
 .comment       0x0000000000000023       0x24 obj/default/timers.o
 .comment       0x0000000000000023       0x24 obj/default/uart.o
 .comment       0x0000000000000023       0x24 c:/intelfpga/16.1/nios2eds/bin/gnu/h-x86_64-mingw32/bin/../lib/gcc/nios2-elf/5.3.0/../../../../../H-x86_64-mingw32/nios2-elf/lib\libc.a(lib_a-puts.o)
 .comment       0x0000000000000023       0x24 c:/intelfpga/16.1/nios2eds/bin/gnu/h-x86_64-mingw32/bin/../lib/gcc/nios2-elf/5.3.0/../../../../../H-x86_64-mingw32/nios2-elf/lib\libc.a(lib_a-strlen.o)
 .comment       0x0000000000000023       0x24 c:/intelfpga/16.1/nios2eds/bin/gnu/h-x86_64-mingw32/bin/../lib/gcc/nios2-elf/5.3.0/../../../../../H-x86_64-mingw32/nios2-elf/lib\libc.a(lib_a-findfp.o)
 .comment       0x0000000000000023       0x24 c:/intelfpga/16.1/nios2eds/bin/gnu/h-x86_64-mingw32/bin/../lib/gcc/nios2-elf/5.3.0/../../../../../H-x86_64-mingw32/nios2-elf/lib\libc.a(lib_a-fvwrite.o)
 .comment       0x0000000000000023       0x24 c:/intelfpga/16.1/nios2eds/bin/gnu/h-x86_64-mingw32/bin/../lib/gcc/nios2-elf/5.3.0/../../../../../H-x86_64-mingw32/nios2-elf/lib\libc.a(lib_a-fwalk.o)
 .comment       0x0000000000000023       0x24 c:/intelfpga/16.1/nios2eds/bin/gnu/h-x86_64-mingw32/bin/../lib/gcc/nios2-elf/5.3.0/../../../../../H-x86_64-mingw32/nios2-elf/lib\libc.a(lib_a-impure.o)
 .comment       0x0000000000000023       0x24 c:/intelfpga/16.1/nios2eds/bin/gnu/h-x86_64-mingw32/bin/../lib/gcc/nios2-elf/5.3.0/../../../../../H-x86_64-mingw32/nios2-elf/lib\libc.a(lib_a-mallocr.o)
 .comment       0x0000000000000023       0x24 c:/intelfpga/16.1/nios2eds/bin/gnu/h-x86_64-mingw32/bin/../lib/gcc/nios2-elf/5.3.0/../../../../../H-x86_64-mingw32/nios2-elf/lib\libc.a(lib_a-memchr.o)
 .comment       0x0000000000000023       0x24 c:/intelfpga/16.1/nios2eds/bin/gnu/h-x86_64-mingw32/bin/../lib/gcc/nios2-elf/5.3.0/../../../../../H-x86_64-mingw32/nios2-elf/lib\libc.a(lib_a-memcpy.o)
 .comment       0x0000000000000023       0x24 c:/intelfpga/16.1/nios2eds/bin/gnu/h-x86_64-mingw32/bin/../lib/gcc/nios2-elf/5.3.0/../../../../../H-x86_64-mingw32/nios2-elf/lib\libc.a(lib_a-memmove.o)
 .comment       0x0000000000000023       0x24 c:/intelfpga/16.1/nios2eds/bin/gnu/h-x86_64-mingw32/bin/../lib/gcc/nios2-elf/5.3.0/../../../../../H-x86_64-mingw32/nios2-elf/lib\libc.a(lib_a-memset.o)
 .comment       0x0000000000000023       0x24 c:/intelfpga/16.1/nios2eds/bin/gnu/h-x86_64-mingw32/bin/../lib/gcc/nios2-elf/5.3.0/../../../../../H-x86_64-mingw32/nios2-elf/lib\libc.a(lib_a-reallocr.o)
 .comment       0x0000000000000023       0x24 c:/intelfpga/16.1/nios2eds/bin/gnu/h-x86_64-mingw32/bin/../lib/gcc/nios2-elf/5.3.0/../../../../../H-x86_64-mingw32/nios2-elf/lib\libc.a(lib_a-sbrkr.o)
 .comment       0x0000000000000023       0x24 c:/intelfpga/16.1/nios2eds/bin/gnu/h-x86_64-mingw32/bin/../lib/gcc/nios2-elf/5.3.0/../../../../../H-x86_64-mingw32/nios2-elf/lib\libc.a(lib_a-stdio.o)
 .comment       0x0000000000000023       0x24 c:/intelfpga/16.1/nios2eds/bin/gnu/h-x86_64-mingw32/bin/../lib/gcc/nios2-elf/5.3.0/../../../../../H-x86_64-mingw32/nios2-elf/lib\libc.a(lib_a-writer.o)
 .comment       0x0000000000000023       0x24 c:/intelfpga/16.1/nios2eds/bin/gnu/h-x86_64-mingw32/bin/../lib/gcc/nios2-elf/5.3.0/../../../../../H-x86_64-mingw32/nios2-elf/lib\libc.a(lib_a-wsetup.o)
 .comment       0x0000000000000023       0x24 c:/intelfpga/16.1/nios2eds/bin/gnu/h-x86_64-mingw32/bin/../lib/gcc/nios2-elf/5.3.0/../../../../../H-x86_64-mingw32/nios2-elf/lib\libc.a(closer.o)
 .comment       0x0000000000000023       0x24 c:/intelfpga/16.1/nios2eds/bin/gnu/h-x86_64-mingw32/bin/../lib/gcc/nios2-elf/5.3.0/../../../../../H-x86_64-mingw32/nios2-elf/lib\libc.a(lib_a-fclose.o)
 .comment       0x0000000000000023       0x24 c:/intelfpga/16.1/nios2eds/bin/gnu/h-x86_64-mingw32/bin/../lib/gcc/nios2-elf/5.3.0/../../../../../H-x86_64-mingw32/nios2-elf/lib\libc.a(lib_a-fflush.o)
 .comment       0x0000000000000023       0x24 c:/intelfpga/16.1/nios2eds/bin/gnu/h-x86_64-mingw32/bin/../lib/gcc/nios2-elf/5.3.0/../../../../../H-x86_64-mingw32/nios2-elf/lib\libc.a(lib_a-freer.o)
 .comment       0x0000000000000023       0x24 c:/intelfpga/16.1/nios2eds/bin/gnu/h-x86_64-mingw32/bin/../lib/gcc/nios2-elf/5.3.0/../../../../../H-x86_64-mingw32/nios2-elf/lib\libc.a(lib_a-int_errno.o)
 .comment       0x0000000000000023       0x24 c:/intelfpga/16.1/nios2eds/bin/gnu/h-x86_64-mingw32/bin/../lib/gcc/nios2-elf/5.3.0/../../../../../H-x86_64-mingw32/nios2-elf/lib\libc.a(lib_a-lseekr.o)
 .comment       0x0000000000000023       0x24 c:/intelfpga/16.1/nios2eds/bin/gnu/h-x86_64-mingw32/bin/../lib/gcc/nios2-elf/5.3.0/../../../../../H-x86_64-mingw32/nios2-elf/lib\libc.a(lib_a-makebuf.o)
 .comment       0x0000000000000023       0x24 c:/intelfpga/16.1/nios2eds/bin/gnu/h-x86_64-mingw32/bin/../lib/gcc/nios2-elf/5.3.0/../../../../../H-x86_64-mingw32/nios2-elf/lib\libc.a(lib_a-readr.o)
 .comment       0x0000000000000023       0x24 c:/intelfpga/16.1/nios2eds/bin/gnu/h-x86_64-mingw32/bin/../lib/gcc/nios2-elf/5.3.0/../../../../../H-x86_64-mingw32/nios2-elf/lib\libc.a(lib_a-fstatr.o)