Archive member included to satisfy reference by file (symbol)

c:/intelfpga/16.1/nios2eds/bin/gnu/h-x86_64-mingw32/bin/../lib/gcc/nios2-elf/5.3.0/../../../../../H-x86_64-mingw32/nios2-elf/lib\libc.a(lib_a-puts.o)
                              obj/default/main.o (puts)
c:/intelfpga/16.1/nios2eds/bin/gnu/h-x86_64-mingw32/bin/../lib/gcc/nios2-elf/5.3.0/../../../../../H-x86_64-mingw32/nios2-elf/lib\libc.a(lib_a-strlen.o)
                              c:/intelfpga/16.1/nios2eds/bin/gnu/h-x86_64-mingw32/bin/../lib/gcc/nios2-elf/5.3.0/../../../../../H-x86_64-mingw32/nios2-elf/lib\libc.a(lib_a-puts.o) (strlen)
c:/intelfpga/16.1/nios2eds/bin/gnu/h-x86_64-mingw32/bin/../lib/gcc/nios2-elf/5.3.0/../../../../../H-x86_64-mingw32/nios2-elf/lib\libc.a(lib_a-findfp.o)
                              c:/intelfpga/16.1/nios2eds/bin/gnu/h-x86_64-mingw32/bin/../lib/gcc/nios2-elf/5.3.0/../../../../../H-x86_64-mingw32/nios2-elf/lib\libc.a(lib_a-puts.o) (__sinit)
c:/intelfpga/16.1/nios2eds/bin/gnu/h-x86_64-mingw32/bin/../lib/gcc/nios2-elf/5.3.0/../../../../../H-x86_64-mingw32/nios2-elf/lib\libc.a(lib_a-fvwrite.o)
                              c:/intelfpga/16.1/nios2eds/bin/gnu/h-x86_64-mingw32/bin/../lib/gcc/nios2-elf/5.3.0/../../../../../H-x86_64-mingw32/nios2-elf/lib\libc.a(lib_a-puts.o) (__sfvwrite_r)
c:/intelfpga/16.1/nios2eds/bin/gnu/h-x86_64-mingw32/bin/../lib/gcc/nios2-elf/5.3.0/../../../../../H-x86_64-mingw32/nios2-elf/lib\libc.a(lib_a-fwalk.o)
                              c:/intelfpga/16.1/nios2eds/bin/gnu/h-x86_64-mingw32/bin/../lib/gcc/nios2-elf/5.3.0/../../../../../H-x86_64-mingw32/nios2-elf/lib\libc.a(lib_a-findfp.o) (_fwalk)
c:/intelfpga/16.1/nios2eds/bin/gnu/h-x86_64-mingw32/bin/../lib/gcc/nios2-elf/5.3.0/../../../../../H-x86_64-mingw32/nios2-elf/lib\libc.a(lib_a-impure.o)
                              c:/intelfpga/16.1/nios2eds/bin/gnu/h-x86_64-mingw32/bin/../lib/gcc/nios2-elf/5.3.0/../../../../../H-x86_64-mingw32/nios2-elf/lib\libc.a(lib_a-findfp.o) (_global_impure_ptr)
c:/intelfpga/16.1/nios2eds/bin/gnu/h-x86_64-mingw32/bin/../lib/gcc/nios2-elf/5.3.0/../../../../../H-x86_64-mingw32/nios2-elf/lib\libc.a(lib_a-mallocr.o)
                              c:/intelfpga/16.1/nios2eds/bin/gnu/h-x86_64-mingw32/bin/../lib/gcc/nios2-elf/5.3.0/../../../../../H-x86_64-mingw32/nios2-elf/lib\libc.a(lib_a-findfp.o) (_malloc_r)
c:/intelfpga/16.1/nios2eds/bin/gnu/h-x86_64-mingw32/bin/../lib/gcc/nios2-elf/5.3.0/../../../../../H-x86_64-mingw32/nios2-elf/lib\libc.a(lib_a-memchr.o)
                              c:/intelfpga/16.1/nios2eds/bin/gnu/h-x86_64-mingw32/bin/../lib/gcc/nios2-elf/5.3.0/../../../../../H-x86_64-mingw32/nios2-elf/lib\libc.a(lib_a-fvwrite.o) (memchr)
c:/intelfpga/16.1/nios2eds/bin/gnu/h-x86_64-mingw32/bin/../lib/gcc/nios2-elf/5.3.0/../../../../../H-x86_64-mingw32/nios2-elf/lib\libc.a(lib_a-memcpy.o)
                              c:/intelfpga/16.1/nios2eds/bin/gnu/h-x86_64-mingw32/bin/../lib/gcc/nios2-elf/5.3.0/../../../../../H-x86_64-mingw32/nios2-elf/lib\libc.a(lib_a-fvwrite.o) (memcpy)
c:/intelfpga/16.1/nios2eds/bin/gnu/h-x86_64-mingw32/bin/../lib/gcc/nios2-elf/5.3.0/../../../../../H-x86_64-mingw32/nios2-elf/lib\libc.a(lib_a-memmove.o)
                              c:/intelfpga/16.1/nios2eds/bin/gnu/h-x86_64-mingw32/bin/../lib/gcc/nios2-elf/5.3.0/../../../../../H-x86_64-mingw32/nios2-elf/lib\libc.a(lib_a-fvwrite.o) (memmove)
c:/intelfpga/16.1/nios2eds/bin/gnu/h-x86_64-mingw32/bin/../lib/gcc/nios2-elf/5.3.0/../../../../../H-x86_64-mingw32/nios2-elf/lib\libc.a(lib_a-memset.o)
                              c:/intelfpga/16.1/nios2eds/bin/gnu/h-x86_64-mingw32/bin/../lib/gcc/nios2-elf/5.3.0/../../../../../H-x86_64-mingw32/nios2-elf/lib\libc.a(lib_a-findfp.o) (memset)
c:/intelfpga/16.1/nios2eds/bin/gnu/h-x86_64-mingw32/bin/../lib/gcc/nios2-elf/5.3.0/../../../../../H-x86_64-mingw32/nios2-elf/lib\libc.a(lib_a-reallocr.o)
                              c:/intelfpga/16.1/nios2eds/bin/gnu/h-x86_64-mingw32/bin/../lib/gcc/nios2-elf/5.3.0/../../../../../H-x86_64-mingw32/nios2-elf/lib\libc.a(lib_a-fvwrite.o) (_realloc_r)
c:/intelfpga/16.1/nios2eds/bin/gnu/h-x86_64-mingw32/bin/../lib/gcc/nios2-elf/5.3.0/../../../../../H-x86_64-mingw32/nios2-elf/lib\libc.a(lib_a-sbrkr.o)
                              c:/intelfpga/16.1/nios2eds/bin/gnu/h-x86_64-mingw32/bin/../lib/gcc/nios2-elf/5.3.0/../../../../../H-x86_64-mingw32/nios2-elf/lib\libc.a(lib_a-mallocr.o) (_sbrk_r)
c:/intelfpga/16.1/nios2eds/bin/gnu/h-x86_64-mingw32/bin/../lib/gcc/nios2-elf/5.3.0/../../../../../H-x86_64-mingw32/nios2-elf/lib\libc.a(lib_a-stdio.o)
                              c:/intelfpga/16.1/nios2eds/bin/gnu/h-x86_64-mingw32/bin/../lib/gcc/nios2-elf/5.3.0/../../../../../H-x86_64-mingw32/nios2-elf/lib\libc.a(lib_a-findfp.o) (__sread)
c:/intelfpga/16.1/nios2eds/bin/gnu/h-x86_64-mingw32/bin/../lib/gcc/nios2-elf/5.3.0/../../../../../H-x86_64-mingw32/nios2-elf/lib\libc.a(lib_a-writer.o)
[...]
Memory Configuration

Name             Origin             Length             Attributes
reset            0x0000000000800000 0x0000000000000020
sdram            0x0000000000800020 0x00000000007fffe0
onchip_mem       0x0000000001080000 0x0000000000007800
*default*        0x0000000000000000 0xffffffffffffffff

Linker script and memory map

LOAD ../pacemaker_bsp/obj/HAL/src/crt0.o
LOAD obj/default/main.o
LOAD obj/default/pacemakersc.o
LOAD obj/default/timers.o
LOAD obj/default/uart.o
LOAD c:/intelfpga/16.1/nios2eds/bin/gnu/h-x86_64-mingw32/bin/../lib/gcc/nios2-elf/5.3.0/../../../../../H-x86_64-mingw32/nios2-elf/lib\libstdc++.a
LOAD c:/intelfpga/16.1/nios2eds/bin/gnu/h-x86_64-mingw32/bin/../lib/gcc/nios2-elf/5.3.0/../../../../../H-x86_64-mingw32/nios2-elf/lib\libm.a
LOAD c:/intelfpga/16.1/nios2eds/bin/gnu/h-x86_64-mingw32/bin/../lib/gcc/nios2-elf/5.3.0\libgcc.a
START GROUP
LOAD c:/intelfpga/16.1/nios2eds/bin/gnu/h-x86_64-mingw32/bin/../lib/gcc/nios2-elf/5.3.0/../../../../../H-x86_64-mingw32/nios2-elf/lib\libc.a
LOAD c:/intelfpga/16.1/nios2eds/bin/gnu/h-x86_64-mingw32/bin/../lib/gcc/nios2-elf/5.3.0\libgcc.a
LOAD ../pacemaker_bsp\libhal_bsp.a
LOAD c:/intelfpga/16.1/nios2eds/bin/gnu/h-x86_64-mingw32/bin/../lib/gcc/nios2-elf/5.3.0/../../../../../H-x86_64-mingw32/nios2-elf/lib\libm.a
END GROUP
LOAD c:/intelfpga/16.1/nios2eds/bin/gnu/h-x86_64-mingw32/bin/../lib/gcc/nios2-elf/5.3.0\libgcc.a
                0x0000000000800000                __alt_mem_sdram = 0x800000
                0x0000000001080000                __alt_mem_onchip_mem = 0x1080000

.entry          0x0000000000800000       0x20
 *(.entry)
 .entry         0x0000000000800000       0x20 ../pacemaker_bsp/obj/HAL/src/crt0.o
                0x0000000000800000                __reset

.exceptions     0x0000000000800020      0x224
                0x0000000000800020                PROVIDE (__ram_exceptions_start, ABSOLUTE (.))
                0x0000000000800020                . = ALIGN (0x20)
 *(.irq)
 *(.exceptions.entry.label)
 .exceptions.entry.label
                0x0000000000800020        0x0 ../pacemaker_bsp\libhal_bsp.a(alt_irq_entry.o)
                0x0000000000800020                alt_irq_entry
 .exceptions.entry.label
                0x0000000000800020        0x0 ../pacemaker_bsp\libhal_bsp.a(alt_exception_entry.o)
                0x0000000000800020                alt_exception
 *(.exceptions.entry.user)
 *(.exceptions.entry.ecc_fatal)
 *(.exceptions.entry)
 .exceptions.entry
                0x0000000000800020       0x54 ../pacemaker_bsp\libhal_bsp.a(alt_exception_entry.o)
 *(.exceptions.irqtest.user)
 *(.exceptions.irqtest)
 .exceptions.irqtest
                0x0000000000800074       0x10 ../pacemaker_bsp\libhal_bsp.a(alt_irq_entry.o)
 *(.exceptions.irqhandler.user)
 *(.exceptions.irqhandler)
 .exceptions.irqhandler
                0x0000000000800084        0x4 ../pacemaker_bsp\libhal_bsp.a(alt_irq_entry.o)
 *(.exceptions.irqreturn.user)
 *(.exceptions.irqreturn)
 .exceptions.irqreturn
                0x0000000000800088        0x4 ../pacemaker_bsp\libhal_bsp.a(alt_irq_entry.o)
 *(.exceptions.notirq.label)
 .exceptions.notirq.label
                0x000000000080008c        0x0 ../pacemaker_bsp\libhal_bsp.a(alt_irq_entry.o)
 *(.exceptions.notirq.user)
 *(.exceptions.notirq)
 .exceptions.notirq
                0x000000000080008c        0x8 ../pacemaker_bsp\libhal_bsp.a(alt_exception_entry.o)
 *(.exceptions.soft.user)
 *(.exceptions.soft)
 *(.exceptions.unknown.user)
 *(.exceptions.unknown)
 .exceptions.unknown
                0x0000000000800094       0x14 ../pacemaker_bsp\libhal_bsp.a(alt_exception_entry.o)
 *(.exceptions.exit.label)
 .exceptions.exit.label
                0x00000000008000a8        0x0 ../pacemaker_bsp\libhal_bsp.a(alt_irq_entry.o)
 .exceptions.exit.label
                0x00000000008000a8        0x0 ../pacemaker_bsp\libhal_bsp.a(alt_exception_entry.o)
 *(.exceptions.exit.user)
 *(.exceptions.exit)
 .exceptions.exit
                0x00000000008000a8       0x54 ../pacemaker_bsp\libhal_bsp.a(alt_exception_entry.o)
 *(.exceptions)
 .exceptions    0x00000000008000fc       0xd4 ../pacemaker_bsp\libhal_bsp.a(alt_irq_handler.o)
                0x00000000008000fc                alt_irq_handler
 .exceptions    0x00000000008001d0       0x74 ../pacemaker_bsp\libhal_bsp.a(alt_instruction_exception_entry.o)
                0x00000000008001d0                alt_instruction_exception_entry
                0x0000000000800244                PROVIDE (__ram_exceptions_end, ABSOLUTE (.))
                0x0000000000800020                PROVIDE (__flash_exceptions_start, LOADADDR (.exceptions))

.text           0x0000000000800244     0xa16c
                [!provide]                        PROVIDE (stext, ABSOLUTE (.))
 *(.interp)
 *(.hash)
 *(.dynsym)
 *(.dynstr)
 *(.gnu.version)
 *(.gnu.version_d)
 *(.gnu.version_r)
 *(.rel.init)
 *(.rela.init)
 *(.rel.text .rel.text.* .rel.gnu.linkonce.t.*)
 *(.rela.text .rela.text.* .rela.gnu.linkonce.t.*)
 *(.rel.fini)
 *(.rela.fini)
 *(.rel.rodata .rel.rodata.* .rel.gnu.linkonce.r.*)
 *(.rela.rodata .rela.rodata.* .rela.gnu.linkonce.r.*)
 *(.rel.data .rel.data.* .rel.gnu.linkonce.d.*)
 *(.rela.data .rela.data.* .rela.gnu.linkonce.d.*)
 *(.rel.tdata .rel.tdata.* .rel.gnu.linkonce.td.*)
 *(.rela.tdata .rela.tdata.* .rela.gnu.linkonce.td.*)
 *(.rel.tbss .rel.tbss.* .rel.gnu.linkonce.tb.*)
 *(.rela.tbss .rela.tbss.* .rela.gnu.linkonce.tb.*)
 *(.rel.ctors)
 *(.rela.ctors)
 *(.rel.dtors)
 *(.rela.dtors)
 *(.rel.got)
 *(.rela.got)
 *(.rel.sdata .rel.sdata.* .rel.gnu.linkonce.s.*)
 *(.rela.sdata .rela.sdata.* .rela.gnu.linkonce.s.*)
 *(.rel.sbss .rel.sbss.* .rel.gnu.linkonce.sb.*)
 *(.rela.sbss .rela.sbss.* .rela.gnu.linkonce.sb.*)
 *(.rel.sdata2 .rel.sdata2.* .rel.gnu.linkonce.s2.*)
 *(.rela.sdata2 .rela.sdata2.* .rela.gnu.linkonce.s2.*)
 *(.rel.sbss2 .rel.sbss2.* .rel.gnu.linkonce.sb2.*)
 *(.rela.sbss2 .rela.sbss2.* .rela.gnu.linkonce.sb2.*)
 *(.rel.bss .rel.bss.* .rel.gnu.linkonce.b.*)
 *(.rela.bss .rela.bss.* .rela.gnu.linkonce.b.*)
 *(.rel.plt)
 *(.rela.plt)
 *(.rel.dyn)
 *(.init)
 *(.plt)
 *(.text .stub .text.* .gnu.linkonce.t.*)
 .text          0x0000000000800244       0x4c ../pacemaker_bsp/obj/HAL/src/crt0.o
                0x0000000000800244                _start
 .text          0x0000000000800290      0x610 obj/default/main.o
                0x0000000000800290                timer_check
                0x0000000000800604                SET_output
                0x0000000000800710                button_interrupt
                0x00000000008007d8                main
 .text          0x00000000008008a0     0x25e8 obj/default/pacemakersc.o
                0x00000000008008a0                reset
                0x000000000080094c                tick
 .text          0x0000000000802e88      0x3fc obj/default/timers.o
                0x0000000000802e88                AEITimerISR
                0x0000000000802ee8                AVITimerISR
                0x0000000000802f48                LRITimerISR
                0x0000000000802fa8                URITimerISR
                0x0000000000802fec                VRPTimerISR
                0x000000000080304c                PVARPTimerISR
                0x00000000008030ac                AEITimerISRReset
                0x00000000008030d4                AVITimerISRReset
                0x00000000008030fc                LRITimerISRReset
                0x0000000000803124                URITimerISRReset
                0x000000000080314c                VRPTimerISRReset
                0x0000000000803174                PVARPTimerISRReset
                0x000000000080319c                ASenseTimerISRReset
                0x00000000008031c4                VSenseTimerISRReset
                0x00000000008031ec                APLEDTimerISR
                0x0000000000803238                VPLEDTimerISR
 .text          0x0000000000803284       0xc0 obj/default/uart.o
                0x0000000000803284                checkuart
 .text          0x0000000000803344        0x0 c:/intelfpga/16.1/nios2eds/bin/gnu/h-x86_64-mingw32/bin/../lib/gcc/nios2-elf/5.3.0/../../../../../H-x86_64-mingw32/nios2-elf/lib\libc.a(lib_a-puts.o)
 .text._puts_r  0x0000000000803344       0xc0 c:/intelfpga/16.1/nios2eds/bin/gnu/h-x86_64-mingw32/bin/../lib/gcc/nios2-elf/5.3.0/../../../../../H-x86_64-mingw32/nios2-elf/lib\libc.a(lib_a-puts.o)
                0x0000000000803344                _puts_r
 .text.puts     0x0000000000803404       0x14 c:/intelfpga/16.1/nios2eds/bin/gnu/h-x86_64-mingw32/bin/../lib/gcc/nios2-elf/5.3.0/../../../../../H-x86_64-mingw32/nios2-elf/lib\libc.a(lib_a-puts.o)
                0x0000000000803404                puts
 .text          0x0000000000803418        0x0 c:/intelfpga/16.1/nios2eds/bin/gnu/h-x86_64-mingw32/bin/../lib/gcc/nios2-elf/5.3.0/../../../../../H-x86_64-mingw32/nios2-elf/lib\libc.a(lib_a-strlen.o)
 .text.strlen   0x0000000000803418       0x98 c:/intelfpga/16.1/nios2eds/bin/gnu/h-x86_64-mingw32/bin/../lib/gcc/nios2-elf/5.3.0/../../../../../H-x86_64-mingw32/nios2-elf/lib\libc.a(lib_a-strlen.o)
                0x0000000000803418                strlen
 .text          0x00000000008034b0        0x0 c:/intelfpga/16.1/nios2eds/bin/gnu/h-x86_64-mingw32/bin/../lib/gcc/nios2-elf/5.3.0/../../../../../H-x86_64-mingw32/nios2-elf/lib\libc.a(lib_a-findfp.o)
 .text.__fp_unlock
                0x00000000008034b0        0x8 c:/intelfpga/16.1/nios2eds/bin/gnu/h-x86_64-mingw32/bin/../lib/gcc/nios2-elf/5.3.0/../../../../../H-x86_64-mingw32/nios2-elf/lib\libc.a(lib_a-findfp.o)
 .text._cleanup_r
                0x00000000008034b8        0xc c:/intelfpga/16.1/nios2eds/bin/gnu/h-x86_64-mingw32/bin/../lib/gcc/nios2-elf/5.3.0/../../../../../H-x86_64-mingw32/nios2-elf/lib\libc.a(lib_a-findfp.o)
                0x00000000008034b8                _cleanup_r
 .text.__sinit.part.1
                0x00000000008034c4      0x19c c:/intelfpga/16.1/nios2eds/bin/gnu/h-x86_64-mingw32/bin/../lib/gcc/nios2-elf/5.3.0/../../../../../H-x86_64-mingw32/nios2-elf/lib\libc.a(lib_a-findfp.o)
 .text.__fp_lock
                0x0000000000803660        0x8 c:/intelfpga/16.1/nios2eds/bin/gnu/h-x86_64-mingw32/bin/../lib/gcc/nios2-elf/5.3.0/../../../../../H-x86_64-mingw32/nios2-elf/lib\libc.a(lib_a-findfp.o)
 .text.__sfmoreglue
                0x0000000000803668       0x68 c:/intelfpga/16.1/nios2eds/bin/gnu/h-x86_64-mingw32/bin/../lib/gcc/nios2-elf/5.3.0/../../../../../H-x86_64-mingw32/nios2-elf/lib\libc.a(lib_a-findfp.o)
                0x0000000000803668                __sfmoreglue
 .text.__sfp    0x00000000008036d0      0x118 c:/intelfpga/16.1/nios2eds/bin/gnu/h-x86_64-mingw32/bin/../lib/gcc/nios2-elf/5.3.0/../../../../../H-x86_64-mingw32/nios2-elf/lib\libc.a(lib_a-findfp.o)
                0x00000000008036d0                __sfp
 .text._cleanup
                0x00000000008037e8       0x18 c:/intelfpga/16.1/nios2eds/bin/gnu/h-x86_64-mingw32/bin/../lib/gcc/nios2-elf/5.3.0/../../../../../H-x86_64-mingw32/nios2-elf/lib\libc.a(lib_a-findfp.o)
                0x00000000008037e8                _cleanup
 .text.__sinit  0x0000000000803800       0x10 c:/intelfpga/16.1/nios2eds/bin/gnu/h-x86_64-mingw32/bin/../lib/gcc/nios2-elf/5.3.0/../../../../../H-x86_64-mingw32/nios2-elf/lib\libc.a(lib_a-findfp.o)
                0x0000000000803800                __sinit
 .text.__sfp_lock_acquire
                0x0000000000803810        0x4 c:/intelfpga/16.1/nios2eds/bin/gnu/h-x86_64-mingw32/bin/../lib/gcc/nios2-elf/5.3.0/../../../../../H-x86_64-mingw32/nios2-elf/lib\libc.a(lib_a-findfp.o)
                0x0000000000803810                __sfp_lock_acquire
 .text.__sfp_lock_release
                0x0000000000803814        0x4 c:/intelfpga/16.1/nios2eds/bin/gnu/h-x86_64-mingw32/bin/../lib/gcc/nios2-elf/5.3.0/../../../../../H-x86_64-mingw32/nios2-elf/lib\libc.a(lib_a-findfp.o)
                0x0000000000803814                __sfp_lock_release
 .text.__sinit_lock_acquire
                0x0000000000803818        0x4 c:/intelfpga/16.1/nios2eds/bin/gnu/h-x86_64-mingw32/bin/../lib/gcc/nios2-elf/5.3.0/../../../../../H-x86_64-mingw32/nios2-elf/lib\libc.a(lib_a-findfp.o)
                0x0000000000803818                __sinit_lock_acquire
 .text.__sinit_lock_release
                0x000000000080381c        0x4 c:/intelfpga/16.1/nios2eds/bin/gnu/h-x86_64-mingw32/bin/../lib/gcc/nios2-elf/5.3.0/../../../../../H-x86_64-mingw32/nios2-elf/lib\libc.a(lib_a-findfp.o)
                0x000000000080381c                __sinit_lock_release
 .text.__fp_lock_all
                0x0000000000803820       0x18 c:/intelfpga/16.1/nios2eds/bin/gnu/h-x86_64-mingw32/bin/../lib/gcc/nios2-elf/5.3.0/../../../../../H-x86_64-mingw32/nios2-elf/lib\libc.a(lib_a-findfp.o)
                0x0000000000803820                __fp_lock_all
 .text.__fp_unlock_all
                0x0000000000803838       0x18 c:/intelfpga/16.1/nios2eds/bin/gnu/h-x86_64-mingw32/bin/../lib/gcc/nios2-elf/5.3.0/../../../../../H-x86_64-mingw32/nios2-elf/lib\libc.a(lib_a-findfp.o)
                0x0000000000803838                __fp_unlock_all
 .text          0x0000000000803850        0x0 c:/intelfpga/16.1/nios2eds/bin/gnu/h-x86_64-mingw32/bin/../lib/gcc/nios2-elf/5.3.0/../../../../../H-x86_64-mingw32/nios2-elf/lib\libc.a(lib_a-fvwrite.o)
 .text.__sfvwrite_r
                0x0000000000803850      0x4bc c:/intelfpga/16.1/nios2eds/bin/gnu/h-x86_64-mingw32/bin/../lib/gcc/nios2-elf/5.3.0/../../../../../H-x86_64-mingw32/nios2-elf/lib\libc.a(lib_a-fvwrite.o)
                0x0000000000803850                __sfvwrite_r
 .text          0x0000000000803d0c        0x0 c:/intelfpga/16.1/nios2eds/bin/gnu/h-x86_64-mingw32/bin/../lib/gcc/nios2-elf/5.3.0/../../../../../H-x86_64-mingw32/nios2-elf/lib\libc.a(lib_a-fwalk.o)
 .text._fwalk   0x0000000000803d0c       0xc4 c:/intelfpga/16.1/nios2eds/bin/gnu/h-x86_64-mingw32/bin/../lib/gcc/nios2-elf/5.3.0/../../../../../H-x86_64-mingw32/nios2-elf/lib\libc.a(lib_a-fwalk.o)
                0x0000000000803d0c                _fwalk
 .text._fwalk_reent
                0x0000000000803dd0       0xc4 c:/intelfpga/16.1/nios2eds/bin/gnu/h-x86_64-mingw32/bin/../lib/gcc/nios2-elf/5.3.0/../../../../../H-x86_64-mingw32/nios2-elf/lib\libc.a(lib_a-fwalk.o)
                0x0000000000803dd0                _fwalk_reent
 .text          0x0000000000803e94        0x0 c:/intelfpga/16.1/nios2eds/bin/gnu/h-x86_64-mingw32/bin/../lib/gcc/nios2-elf/5.3.0/../../../../../H-x86_64-mingw32/nios2-elf/lib\libc.a(lib_a-impure.o)
 .text          0x0000000000803e94        0x0 c:/intelfpga/16.1/nios2eds/bin/gnu/h-x86_64-mingw32/bin/../lib/gcc/nios2-elf/5.3.0/../../../../../H-x86_64-mingw32/nios2-elf/lib\libc.a(lib_a-mallocr.o)
 .text._malloc_r
                0x0000000000803e94      0x80c c:/intelfpga/16.1/nios2eds/bin/gnu/h-x86_64-mingw32/bin/../lib/gcc/nios2-elf/5.3.0/../../../../../H-x86_64-mingw32/nios2-elf/lib\libc.a(lib_a-mallocr.o)
                0x0000000000803e94                _malloc_r
 .text          0x00000000008046a0        0x0 c:/intelfpga/16.1/nios2eds/bin/gnu/h-x86_64-mingw32/bin/../lib/gcc/nios2-elf/5.3.0/../../../../../H-x86_64-mingw32/nios2-elf/lib\libc.a(lib_a-memchr.o)
 .text.memchr   0x00000000008046a0       0xe4 c:/intelfpga/16.1/nios2eds/bin/gnu/h-x86_64-mingw32/bin/../lib/gcc/nios2-elf/5.3.0/../../../../../H-x86_64-mingw32/nios2-elf/lib\libc.a(lib_a-memchr.o)
                0x00000000008046a0                memchr
 .text          0x0000000000804784        0x0 c:/intelfpga/16.1/nios2eds/bin/gnu/h-x86_64-mingw32/bin/../lib/gcc/nios2-elf/5.3.0/../../../../../H-x86_64-mingw32/nios2-elf/lib\libc.a(lib_a-memcpy.o)
 .text.memcpy   0x0000000000804784      0x148 c:/intelfpga/16.1/nios2eds/bin/gnu/h-x86_64-mingw32/bin/../lib/gcc/nios2-elf/5.3.0/../../../../../H-x86_64-mingw32/nios2-elf/lib\libc.a(lib_a-memcpy.o)
                0x0000000000804784                memcpy
 .text          0x00000000008048cc        0x0 c:/intelfpga/16.1/nios2eds/bin/gnu/h-x86_64-mingw32/bin/../lib/gcc/nios2-elf/5.3.0/../../../../../H-x86_64-mingw32/nios2-elf/lib\libc.a(lib_a-memmove.o)
 .text.memmove  0x00000000008048cc      0x15c c:/intelfpga/16.1/nios2eds/bin/gnu/h-x86_64-mingw32/bin/../lib/gcc/nios2-elf/5.3.0/../../../../../H-x86_64-mingw32/nios2-elf/lib\libc.a(lib_a-memmove.o)
                0x00000000008048cc                memmove
 .text          0x0000000000804a28        0x0 c:/intelfpga/16.1/nios2eds/bin/gnu/h-x86_64-mingw32/bin/../lib/gcc/nios2-elf/5.3.0/../../../../../H-x86_64-mingw32/nios2-elf/lib\libc.a(lib_a-memset.o)
 .text.memset   0x0000000000804a28      0x128 c:/intelfpga/16.1/nios2eds/bin/gnu/h-x86_64-mingw32/bin/../lib/gcc/nios2-elf/5.3.0/../../../../../H-x86_64-mingw32/nios2-elf/lib\libc.a(lib_a-memset.o)
                0x0000000000804a28                memset
 .text          0x0000000000804b50        0x0 c:/intelfpga/16.1/nios2eds/bin/gnu/h-x86_64-mingw32/bin/../lib/gcc/nios2-elf/5.3.0/../../../../../H-x86_64-mingw32/nios2-elf/lib\libc.a(lib_a-reallocr.o)
 .text._realloc_r
                0x0000000000804b50      0x564 c:/intelfpga/16.1/nios2eds/bin/gnu/h-x86_64-mingw32/bin/../lib/gcc/nios2-elf/5.3.0/../../../../../H-x86_64-mingw32/nios2-elf/lib\libc.a(lib_a-reallocr.o)
                0x0000000000804b50                _realloc_r
 .text          0x00000000008050b4        0x0 c:/intelfpga/16.1/nios2eds/bin/gnu/h-x86_64-mingw32/bin/../lib/gcc/nios2-elf/5.3.0/../../../../../H-x86_64-mingw32/nios2-elf/lib\libc.a(lib_a-sbrkr.o)
 .text._sbrk_r  0x00000000008050b4       0x54 c:/intelfpga/16.1/nios2eds/bin/gnu/h-x86_64-mingw32/bin/../lib/gcc/nios2-elf/5.3.0/../../../../../H-x86_64-mingw32/nios2-elf/lib\libc.a(lib_a-sbrkr.o)
                0x00000000008050b4                _sbrk_r
 .text          0x0000000000805108        0x0 c:/intelfpga/16.1/nios2eds/bin/gnu/h-x86_64-mingw32/bin/../lib/gcc/nios2-elf/5.3.0/../../../../../H-x86_64-mingw32/nios2-elf/lib\libc.a(lib_a-stdio.o)
 .text.__sread  0x0000000000805108       0x54 c:/intelfpga/16.1/nios2eds/bin/gnu/h-x86_64-mingw32/bin/../lib/gcc/nios2-elf/5.3.0/../../../../../H-x86_64-mingw32/nios2-elf/lib\libc.a(lib_a-stdio.o)
                0x0000000000805108                __sread
 .text.__seofread
                0x000000000080515c        0x8 c:/intelfpga/16.1/nios2eds/bin/gnu/h-x86_64-mingw32/bin/../lib/gcc/nios2-elf/5.3.0/../../../../../H-x86_64-mingw32/nios2-elf/lib\libc.a(lib_a-stdio.o)
                0x000000000080515c                __seofread
 .text.__swrite
                0x0000000000805164       0x7c c:/intelfpga/16.1/nios2eds/bin/gnu/h-x86_64-mingw32/bin/../lib/gcc/nios2-elf/5.3.0/../../../../../H-x86_64-mingw32/nios2-elf/lib\libc.a(lib_a-stdio.o)
                0x0000000000805164                __swrite
 .text.__sseek  0x00000000008051e0       0x5c c:/intelfpga/16.1/nios2eds/bin/gnu/h-x86_64-mingw32/bin/../lib/gcc/nios2-elf/5.3.0/../../../../../H-x86_64-mingw32/nios2-elf/lib\libc.a(lib_a-stdio.o)
                0x00000000008051e0                __sseek
 .text.__sclose
                0x000000000080523c        0x8 c:/intelfpga/16.1/nios2eds/bin/gnu/h-x86_64-mingw32/bin/../lib/gcc/nios2-elf/5.3.0/../../../../../H-x86_64-mingw32/nios2-elf/lib\libc.a(lib_a-stdio.o)
                0x000000000080523c                __sclose
 .text          0x0000000000805244        0x0 c:/intelfpga/16.1/nios2eds/bin/gnu/h-x86_64-mingw32/bin/../lib/gcc/nios2-elf/5.3.0/../../../../../H-x86_64-mingw32/nios2-elf/lib\libc.a(lib_a-writer.o)
 .text._write_r
                0x0000000000805244       0x60 c:/intelfpga/16.1/nios2eds/bin/gnu/h-x86_64-mingw32/bin/../lib/gcc/nios2-elf/5.3.0/../../../../../H-x86_64-mingw32/nios2-elf/lib\libc.a(lib_a-writer.o)
                0x0000000000805244                _write_r
 .text          0x00000000008052a4        0x0 c:/intelfpga/16.1/nios2eds/bin/gnu/h-x86_64-mingw32/bin/../lib/gcc/nios2-elf/5.3.0/../../../../../H-x86_64-mingw32/nios2-elf/lib\libc.a(lib_a-wsetup.o)
 .text.__swsetup_r
                0x00000000008052a4      0x154 c:/intelfpga/16.1/nios2eds/bin/gnu/h-x86_64-mingw32/bin/../lib/gcc/nios2-elf/5.3.0/../../../../../H-x86_64-mingw32/nios2-elf/lib\libc.a(lib_a-wsetup.o)
                0x00000000008052a4                __swsetup_r
 .text          0x00000000008053f8        0x0 c:/intelfpga/16.1/nios2eds/bin/gnu/h-x86_64-mingw32/bin/../lib/gcc/nios2-elf/5.3.0/../../../../../H-x86_64-mingw32/nios2-elf/lib\libc.a(closer.o)
 .text._close_r
                0x00000000008053f8       0x54 c:/intelfpga/16.1/nios2eds/bin/gnu/h-x86_64-mingw32/bin/../lib/gcc/nios2-elf/5.3.0/../../../../../H-x86_64-mingw32/nios2-elf/lib\libc.a(closer.o)
                0x00000000008053f8                _close_r
 .text          0x000000000080544c        0x0 c:/intelfpga/16.1/nios2eds/bin/gnu/h-x86_64-mingw32/bin/../lib/gcc/nios2-elf/5.3.0/../../../../../H-x86_64-mingw32/nios2-elf/lib\libc.a(lib_a-fclose.o)
 .text._fclose_r
                0x000000000080544c       0xf0 c:/intelfpga/16.1/nios2eds/bin/gnu/h-x86_64-mingw32/bin/../lib/gcc/nios2-elf/5.3.0/../../../../../H-x86_64-mingw32/nios2-elf/lib\libc.a(lib_a-fclose.o)
                0x000000000080544c                _fclose_r
 .text.fclose   0x000000000080553c       0x14 c:/intelfpga/16.1/nios2eds/bin/gnu/h-x86_64-mingw32/bin/../lib/gcc/nios2-elf/5.3.0/../../../../../H-x86_64-mingw32/nios2-elf/lib\libc.a(lib_a-fclose.o)
                0x000000000080553c                fclose
 .text          0x0000000000805550        0x0 c:/intelfpga/16.1/nios2eds/bin/gnu/h-x86_64-mingw32/bin/../lib/gcc/nios2-elf/5.3.0/../../../../../H-x86_64-mingw32/nios2-elf/lib\libc.a(lib_a-fflush.o)
 .text.__sflush_r
                0x0000000000805550      0x21c c:/intelfpga/16.1/nios2eds/bin/gnu/h-x86_64-mingw32/bin/../lib/gcc/nios2-elf/5.3.0/../../../../../H-x86_64-mingw32/nios2-elf/lib\libc.a(lib_a-fflush.o)
                0x0000000000805550                __sflush_r
 .text._fflush_r
                0x000000000080576c       0x5c c:/intelfpga/16.1/nios2eds/bin/gnu/h-x86_64-mingw32/bin/../lib/gcc/nios2-elf/5.3.0/../../../../../H-x86_64-mingw32/nios2-elf/lib\libc.a(lib_a-fflush.o)
                0x000000000080576c                _fflush_r
 .text.fflush   0x00000000008057c8       0x30 c:/intelfpga/16.1/nios2eds/bin/gnu/h-x86_64-mingw32/bin/../lib/gcc/nios2-elf/5.3.0/../../../../../H-x86_64-mingw32/nios2-elf/lib\libc.a(lib_a-fflush.o)
                0x00000000008057c8                fflush
 .text          0x00000000008057f8        0x0 c:/intelfpga/16.1/nios2eds/bin/gnu/h-x86_64-mingw32/bin/../lib/gcc/nios2-elf/5.3.0/../../../../../H-x86_64-mingw32/nios2-elf/lib\libc.a(lib_a-freer.o)
 .text._malloc_trim_r
                0x00000000008057f8      0x124 c:/intelfpga/16.1/nios2eds/bin/gnu/h-x86_64-mingw32/bin/../lib/gcc/nios2-elf/5.3.0/../../../../../H-x86_64-mingw32/nios2-elf/lib\libc.a(lib_a-freer.o)
                0x00000000008057f8                _malloc_trim_r
 .text._free_r  0x000000000080591c      0x310 c:/intelfpga/16.1/nios2eds/bin/gnu/h-x86_64-mingw32/bin/../lib/gcc/nios2-elf/5.3.0/../../../../../H-x86_64-mingw32/nios2-elf/lib\libc.a(lib_a-freer.o)
                0x000000000080591c                _free_r
 .text          0x0000000000805c2c        0x0 c:/intelfpga/16.1/nios2eds/bin/gnu/h-x86_64-mingw32/bin/../lib/gcc/nios2-elf/5.3.0/../../../../../H-x86_64-mingw32/nios2-elf/lib\libc.a(lib_a-int_errno.o)
 .text          0x0000000000805c2c        0x0 c:/intelfpga/16.1/nios2eds/bin/gnu/h-x86_64-mingw32/bin/../lib/gcc/nios2-elf/5.3.0/../../../../../H-x86_64-mingw32/nios2-elf/lib\libc.a(lib_a-lseekr.o)
 .text._lseek_r
                0x0000000000805c2c       0x60 c:/intelfpga/16.1/nios2eds/bin/gnu/h-x86_64-mingw32/bin/../lib/gcc/nios2-elf/5.3.0/../../../../../H-x86_64-mingw32/nios2-elf/lib\libc.a(lib_a-lseekr.o)
                0x0000000000805c2c                _lseek_r
 .text          0x0000000000805c8c        0x0 c:/intelfpga/16.1/nios2eds/bin/gnu/h-x86_64-mingw32/bin/../lib/gcc/nios2-elf/5.3.0/../../../../../H-x86_64-mingw32/nios2-elf/lib\libc.a(lib_a-makebuf.o)
 .text.__smakebuf_r
                0x0000000000805c8c      0x1bc c:/intelfpga/16.1/nios2eds/bin/gnu/h-x86_64-mingw32/bin/../lib/gcc/nios2-elf/5.3.0/../../../../../H-x86_64-mingw32/nios2-elf/lib\libc.a(lib_a-makebuf.o)
                0x0000000000805c8c                __smakebuf_r
 .text          0x0000000000805e48        0x0 c:/intelfpga/16.1/nios2eds/bin/gnu/h-x86_64-mingw32/bin/../lib/gcc/nios2-elf/5.3.0/../../../../../H-x86_64-mingw32/nios2-elf/lib\libc.a(lib_a-readr.o)
 .text._read_r  0x0000000000805e48       0x60 c:/intelfpga/16.1/nios2eds/bin/gnu/h-x86_64-mingw32/bin/../lib/gcc/nios2-elf/5.3.0/../../../../../H-x86_64-mingw32/nios2-elf/lib\libc.a(lib_a-readr.o)
                0x0000000000805e48                _read_r
 .text          0x0000000000805ea8        0x0 c:/intelfpga/16.1/nios2eds/bin/gnu/h-x86_64-mingw32/bin/../lib/gcc/nios2-elf/5.3.0/../../../../../H-x86_64-mingw32/nios2-elf/lib\libc.a(lib_a-fstatr.o)
 .text._fstat_r
                0x0000000000805ea8       0x5c c:/intelfpga/16.1/nios2eds/bin/gnu/h-x86_64-mingw32/bin/../lib/gcc/nios2-elf/5.3.0/../../../../../H-x86_64-mingw32/nios2-elf/lib\libc.a(lib_a-fstatr.o)
                0x0000000000805ea8                _fstat_r
 .text          0x0000000000805f04        0x0 c:/intelfpga/16.1/nios2eds/bin/gnu/h-x86_64-mingw32/bin/../lib/gcc/nios2-elf/5.3.0/../../../../../H-x86_64-mingw32/nios2-elf/lib\libc.a(lib_a-isattyr.o)
 .text._isatty_r
                0x0000000000805f04       0x54 c:/intelfpga/16.1/nios2eds/bin/gnu/h-x86_64-mingw32/bin/../lib/gcc/nios2-elf/5.3.0/../../../../../H-x86_64-mingw32/nios2-elf/lib\libc.a(lib_a-isattyr.o)
                0x0000000000805f04                _isatty_r
 .text          0x0000000000805f58      0x1b4 c:/intelfpga/16.1/nios2eds/bin/gnu/h-x86_64-mingw32/bin/../lib/gcc/nios2-elf/5.3.0\libgcc.a(lib2-divmod.o)
                0x0000000000805f58                __divsi3
                0x0000000000805fdc                __modsi3
                0x0000000000806050                __udivsi3
                0x00000000008060b4                __umodsi3
 .text          0x000000000080610c      0x12c ../pacemaker_bsp\libhal_bsp.a(alt_alarm_start.o)
                0x000000000080610c                alt_alarm_start
 .text          0x0000000000806238      0x10c ../pacemaker_bsp\libhal_bsp.a(alt_close.o)
                0x0000000000806274                close
 .text          0x0000000000806344       0x2c ../pacemaker_bsp\libhal_bsp.a(alt_dev.o)
 .text          0x0000000000806370        0x0 ../pacemaker_bsp\libhal_bsp.a(alt_errno.o)
 .text          0x0000000000806370       0xec ../pacemaker_bsp\libhal_bsp.a(alt_fstat.o)
                0x00000000008063ac                fstat
 .text          0x000000000080645c      0x180 ../pacemaker_bsp\libhal_bsp.a(alt_irq_register.o)
                0x000000000080645c                alt_irq_register
 .text          0x00000000008065dc        0x0 ../pacemaker_bsp\libhal_bsp.a(alt_irq_vars.o)
 .text          0x00000000008065dc       0xe0 ../pacemaker_bsp\libhal_bsp.a(alt_isatty.o)
                0x0000000000806618                isatty
 .text          0x00000000008066bc       0xec ../pacemaker_bsp\libhal_bsp.a(alt_load.o)
                0x0000000000806724                alt_load
 .text          0x00000000008067a8      0x110 ../pacemaker_bsp\libhal_bsp.a(alt_lseek.o)
                0x00000000008067e4                lseek
 .text          0x00000000008068b8       0x7c ../pacemaker_bsp\libhal_bsp.a(alt_main.o)
                0x00000000008068b8                alt_main
 .text          0x0000000000806934       0x48 ../pacemaker_bsp\libhal_bsp.a(alt_malloc_lock.o)
                0x0000000000806934                __malloc_lock
                0x0000000000806958                __malloc_unlock
 .text          0x000000000080697c      0x254 ../pacemaker_bsp\libhal_bsp.a(alt_open.o)
                0x0000000000806a7c                open
 .text          0x0000000000806bd0      0x138 ../pacemaker_bsp\libhal_bsp.a(alt_read.o)
                0x0000000000806c0c                read
 .text          0x0000000000806d08       0x64 ../pacemaker_bsp\libhal_bsp.a(alt_release_fd.o)
                0x0000000000806d08                alt_release_fd
 .text          0x0000000000806d6c       0xb0 ../pacemaker_bsp\libhal_bsp.a(alt_sbrk.o)
                0x0000000000806d6c                sbrk
 .text          0x0000000000806e1c      0x1a4 ../pacemaker_bsp\libhal_bsp.a(alt_tick.o)
                0x0000000000806e1c                alt_alarm_stop
                0x0000000000806eb8                alt_tick
 .text          0x0000000000806fc0      0x134 ../pacemaker_bsp\libhal_bsp.a(alt_write.o)
                0x0000000000806ffc                write
 .text          0x00000000008070f4      0x108 ../pacemaker_bsp\libhal_bsp.a(alt_sys_init.o)
                0x0000000000807128                alt_irq_init
                0x0000000000807160                alt_sys_init
 .text          0x00000000008071fc      0x164 ../pacemaker_bsp\libhal_bsp.a(altera_avalon_jtag_uart_fd.o)
                0x00000000008071fc                altera_avalon_jtag_uart_read_fd
                0x000000000080725c                altera_avalon_jtag_uart_write_fd
                0x00000000008072bc                altera_avalon_jtag_uart_close_fd
                0x000000000080730c                altera_avalon_jtag_uart_ioctl_fd
 .text          0x0000000000807360      0x3d4 ../pacemaker_bsp\libhal_bsp.a(altera_avalon_jtag_uart_init.o)
                0x0000000000807360                altera_avalon_jtag_uart_init
                0x00000000008076cc                altera_avalon_jtag_uart_close
 .text          0x0000000000807734       0xf0 ../pacemaker_bsp\libhal_bsp.a(altera_avalon_jtag_uart_ioctl.o)
                0x0000000000807734                altera_avalon_jtag_uart_ioctl
 .text          0x0000000000807824      0x21c ../pacemaker_bsp\libhal_bsp.a(altera_avalon_jtag_uart_read.o)
                0x0000000000807824                altera_avalon_jtag_uart_read
 .text          0x0000000000807a40      0x224 ../pacemaker_bsp\libhal_bsp.a(altera_avalon_jtag_uart_write.o)
                0x0000000000807a40                altera_avalon_jtag_uart_write
 .text          0x0000000000807c64      0xe7c ../pacemaker_bsp\libhal_bsp.a(altera_avalon_lcd_16207.o)
                0x0000000000808428                altera_avalon_lcd_16207_write
                0x00000000008089ac                altera_avalon_lcd_16207_init
 .text          0x0000000000808ae0       0x60 ../pacemaker_bsp\libhal_bsp.a(altera_avalon_lcd_16207_fd.o)
                0x0000000000808ae0                altera_avalon_lcd_16207_write_fd
 .text          0x0000000000808b40       0xf4 ../pacemaker_bsp\libhal_bsp.a(altera_avalon_timer_sc.o)
                0x0000000000808bb8                alt_avalon_timer_sc_init
 .text          0x0000000000808c34      0x110 ../pacemaker_bsp\libhal_bsp.a(altera_avalon_uart_fd.o)
                0x0000000000808c34                altera_avalon_uart_read_fd
                0x0000000000808c94                altera_avalon_uart_write_fd
                0x0000000000808cf4                altera_avalon_uart_close_fd
 .text          0x0000000000808d44      0x3c8 ../pacemaker_bsp\libhal_bsp.a(altera_avalon_uart_init.o)
                0x0000000000808d44                altera_avalon_uart_init
                0x00000000008090b8                altera_avalon_uart_close
 .text          0x000000000080910c      0x218 ../pacemaker_bsp\libhal_bsp.a(altera_avalon_uart_read.o)
                0x0000000000809148                altera_avalon_uart_read
 .text          0x0000000000809324      0x1e8 ../pacemaker_bsp\libhal_bsp.a(altera_avalon_uart_write.o)
                0x0000000000809360                altera_avalon_uart_write
 .text          0x000000000080950c       0x48 ../pacemaker_bsp\libhal_bsp.a(alt_dcache_flush_all.o)
                0x000000000080950c                alt_dcache_flush_all
 .text          0x0000000000809554       0xe0 ../pacemaker_bsp\libhal_bsp.a(alt_dev_llist_insert.o)
                0x0000000000809590                alt_dev_llist_insert
 .text          0x0000000000809634       0x60 ../pacemaker_bsp\libhal_bsp.a(alt_do_ctors.o)
                0x0000000000809634                _do_ctors
 .text          0x0000000000809694       0x60 ../pacemaker_bsp\libhal_bsp.a(alt_do_dtors.o)
                0x0000000000809694                _do_dtors
 .text          0x00000000008096f4       0x90 ../pacemaker_bsp\libhal_bsp.a(alt_find_dev.o)
                0x00000000008096f4                alt_find_dev
 .text          0x0000000000809784      0x108 ../pacemaker_bsp\libhal_bsp.a(alt_find_file.o)
                0x0000000000809784                alt_find_file
 .text          0x000000000080988c       0xa4 ../pacemaker_bsp\libhal_bsp.a(alt_get_fd.o)
                0x000000000080988c                alt_get_fd
 .text          0x0000000000809930       0x34 ../pacemaker_bsp\libhal_bsp.a(alt_icache_flush_all.o)
                0x0000000000809930                alt_icache_flush_all
 .text          0x0000000000809964      0x1b0 ../pacemaker_bsp\libhal_bsp.a(alt_iic.o)
                0x0000000000809964                alt_ic_isr_register
                0x00000000008099b4                alt_ic_irq_enable
                0x0000000000809a3c                alt_ic_irq_disable
                0x0000000000809ac8                alt_ic_irq_enabled
 .text          0x0000000000809b14       0xf0 ../pacemaker_bsp\libhal_bsp.a(alt_iic_isr_register.o)
                0x0000000000809b14                alt_iic_isr_register
 .text          0x0000000000809c04      0x140 ../pacemaker_bsp\libhal_bsp.a(alt_io_redirect.o)
                0x0000000000809cc8                alt_io_redirect
 .text          0x0000000000809d44        0x0 ../pacemaker_bsp\libhal_bsp.a(alt_irq_entry.o)
 .text          0x0000000000809d44        0x0 ../pacemaker_bsp\libhal_bsp.a(alt_irq_handler.o)
 .text          0x0000000000809d44       0x30 ../pacemaker_bsp\libhal_bsp.a(alt_usleep.o)
                0x0000000000809d44                usleep
 .text          0x0000000000809d74       0x24 ../pacemaker_bsp\libhal_bsp.a(altera_nios2_gen2_irq.o)
                0x0000000000809d74                altera_nios2_gen2_irq_init
 .text          0x0000000000809d98      0x158 ../pacemaker_bsp\libhal_bsp.a(alt_busy_sleep.o)
                0x0000000000809d98                alt_busy_sleep
 .text          0x0000000000809ef0        0x0 ../pacemaker_bsp\libhal_bsp.a(alt_exception_entry.o)
 .text          0x0000000000809ef0       0x90 ../pacemaker_bsp\libhal_bsp.a(alt_icache_flush.o)
                0x0000000000809ef0                alt_icache_flush
 .text          0x0000000000809f80       0x9c ../pacemaker_bsp\libhal_bsp.a(alt_instruction_exception_entry.o)
                0x0000000000809f80                alt_exception_cause_generated_bad_addr
 .text          0x000000000080a01c        0x0 c:/intelfpga/16.1/nios2eds/bin/gnu/h-x86_64-mingw32/bin/../lib/gcc/nios2-elf/5.3.0/../../../../../H-x86_64-mingw32/nios2-elf/lib\libc.a(lib_a-atexit.o)
 .text.atexit   0x000000000080a01c       0x14 c:/intelfpga/16.1/nios2eds/bin/gnu/h-x86_64-mingw32/bin/../lib/gcc/nios2-elf/5.3.0/../../../../../H-x86_64-mingw32/nios2-elf/lib\libc.a(lib_a-atexit.o)
                0x000000000080a01c                atexit
 .text          0x000000000080a030        0x0 c:/intelfpga/16.1/nios2eds/bin/gnu/h-x86_64-mingw32/bin/../lib/gcc/nios2-elf/5.3.0/../../../../../H-x86_64-mingw32/nios2-elf/lib\libc.a(lib_a-ctype_.o)
 .text          0x000000000080a030        0x0 c:/intelfpga/16.1/nios2eds/bin/gnu/h-x86_64-mingw32/bin/../lib/gcc/nios2-elf/5.3.0/../../../../../H-x86_64-mingw32/nios2-elf/lib\libc.a(lib_a-exit.o)
 .text.exit     0x000000000080a030       0x38 c:/intelfpga/16.1/nios2eds/bin/gnu/h-x86_64-mingw32/bin/../lib/gcc/nios2-elf/5.3.0/../../../../../H-x86_64-mingw32/nios2-elf/lib\libc.a(lib_a-exit.o)
                0x000000000080a030                exit
 .text          0x000000000080a068        0x0 c:/intelfpga/16.1/nios2eds/bin/gnu/h-x86_64-mingw32/bin/../lib/gcc/nios2-elf/5.3.0/../../../../../H-x86_64-mingw32/nios2-elf/lib\libc.a(lib_a-memcmp.o)
 .text.memcmp   0x000000000080a068       0x7c c:/intelfpga/16.1/nios2eds/bin/gnu/h-x86_64-mingw32/bin/../lib/gcc/nios2-elf/5.3.0/../../../../../H-x86_64-mingw32/nios2-elf/lib\libc.a(lib_a-memcmp.o)
                0x000000000080a068                memcmp
 .text          0x000000000080a0e4        0x0 c:/intelfpga/16.1/nios2eds/bin/gnu/h-x86_64-mingw32/bin/../lib/gcc/nios2-elf/5.3.0/../../../../../H-x86_64-mingw32/nios2-elf/lib\libc.a(lib_a-__atexit.o)
 .text.__register_exitproc
                0x000000000080a0e4      0x118 c:/intelfpga/16.1/nios2eds/bin/gnu/h-x86_64-mingw32/bin/../lib/gcc/nios2-elf/5.3.0/../../../../../H-x86_64-mingw32/nios2-elf/lib\libc.a(lib_a-__atexit.o)
                0x000000000080a0e4                __register_exitproc
 .text          0x000000000080a1fc        0x0 c:/intelfpga/16.1/nios2eds/bin/gnu/h-x86_64-mingw32/bin/../lib/gcc/nios2-elf/5.3.0/../../../../../H-x86_64-mingw32/nios2-elf/lib\libc.a(lib_a-__call_atexit.o)
 .text.__call_exitprocs
                0x000000000080a1fc      0x180 c:/intelfpga/16.1/nios2eds/bin/gnu/h-x86_64-mingw32/bin/../lib/gcc/nios2-elf/5.3.0/../../../../../H-x86_64-mingw32/nios2-elf/lib\libc.a(lib_a-__call_atexit.o)
                0x000000000080a1fc                __call_exitprocs
 .text          0x000000000080a37c       0x34 ../pacemaker_bsp\libhal_bsp.a(alt_exit.o)
                0x000000000080a37c                _exit
 *(.gnu.warning.*)
 *(.fini)
                [!provide]                        PROVIDE (__etext, ABSOLUTE (.))
                [!provide]                        PROVIDE (_etext, ABSOLUTE (.))
                [!provide]                        PROVIDE (etext, ABSOLUTE (.))
 *(.eh_frame_hdr)
                0x000000000080a3b0                . = ALIGN (0x4)
                [!provide]                        PROVIDE (__preinit_array_start, ABSOLUTE (.))
 *(.preinit_array)
                [!provide]                        PROVIDE (__preinit_array_end, ABSOLUTE (.))
                [!provide]                        PROVIDE (__init_array_start, ABSOLUTE (.))
 *(.init_array)
                [!provide]                        PROVIDE (__init_array_end, ABSOLUTE (.))
                [!provide]                        PROVIDE (__fini_array_start, ABSOLUTE (.))
 *(.fini_array)
                [!provide]                        PROVIDE (__fini_array_end, ABSOLUTE (.))
 *(.eh_frame)
 *(.gcc_except_table .gcc_except_table.*)
 *(.dynamic)
                0x000000000080a3b0                PROVIDE (__CTOR_LIST__, ABSOLUTE (.))
 *(.ctors)
 *(SORT(.ctors.*))
                0x000000000080a3b0                PROVIDE (__CTOR_END__, ABSOLUTE (.))
                0x000000000080a3b0                PROVIDE (__DTOR_LIST__, ABSOLUTE (.))
 *(.dtors)
 *(SORT(.dtors.*))
                0x000000000080a3b0                PROVIDE (__DTOR_END__, ABSOLUTE (.))
 *(.jcr)
                0x000000000080a3b0                . = ALIGN (0x4)

.rodata         0x000000000080a3b0      0x480
                0x000000000080a3b0                PROVIDE (__ram_rodata_start, ABSOLUTE (.))
                0x000000000080a3b0                . = ALIGN (0x4)
 *(.rodata .rodata.* .gnu.linkonce.r.*)
 .rodata        0x000000000080a3b0      0x12e obj/default/main.o
 *fill*         0x000000000080a4de        0x2 
 .rodata        0x000000000080a4e0       0x6a obj/default/timers.o
 *fill*         0x000000000080a54a        0x2 
 .rodata        0x000000000080a54c       0x18 obj/default/uart.o
 .rodata.str1.4
                0x000000000080a564        0x2 c:/intelfpga/16.1/nios2eds/bin/gnu/h-x86_64-mingw32/bin/../lib/gcc/nios2-elf/5.3.0/../../../../../H-x86_64-mingw32/nios2-elf/lib\libc.a(lib_a-puts.o)
 *fill*         0x000000000080a566        0x2 
 .rodata.str1.4
                0x000000000080a568        0x4 c:/intelfpga/16.1/nios2eds/bin/gnu/h-x86_64-mingw32/bin/../lib/gcc/nios2-elf/5.3.0/../../../../../H-x86_64-mingw32/nios2-elf/lib\libc.a(lib_a-impure.o)
                                          0x2 (size before relaxing)
 .rodata        0x000000000080a56c        0xa ../pacemaker_bsp\libhal_bsp.a(alt_dev.o)
 *fill*         0x000000000080a576        0x2 
 .rodata        0x000000000080a578        0xf ../pacemaker_bsp\libhal_bsp.a(alt_main.o)
 *fill*         0x000000000080a587        0x1 
 .rodata        0x000000000080a588       0x26 ../pacemaker_bsp\libhal_bsp.a(alt_sys_init.o)
 .rodata._ctype_
                0x000000000080a5ae      0x101 c:/intelfpga/16.1/nios2eds/bin/gnu/h-x86_64-mingw32/bin/../lib/gcc/nios2-elf/5.3.0/../../../../../H-x86_64-mingw32/nios2-elf/lib\libc.a(lib_a-ctype_.o)
                0x000000000080a5ae                _ctype_
 .rodata._ctype_b
                0x000000000080a6af      0x180 c:/intelfpga/16.1/nios2eds/bin/gnu/h-x86_64-mingw32/bin/../lib/gcc/nios2-elf/5.3.0/../../../../../H-x86_64-mingw32/nios2-elf/lib\libc.a(lib_a-ctype_.o)
 *(.rodata1)
                0x000000000080a830                . = ALIGN (0x4)
 *fill*         0x000000000080a82f        0x1 
                0x000000000080a830                PROVIDE (__ram_rodata_end, ABSOLUTE (.))
                0x000000000080a3b0                PROVIDE (__flash_rodata_start, LOADADDR (.rodata))

.rwdata         0x000000000080a830     0x1c60 load address 0x000000000080c490
                0x000000000080a830                PROVIDE (__ram_rwdata_start, ABSOLUTE (.))
                0x000000000080a830                . = ALIGN (0x4)
 *(.got.plt)
 *(.got)
 *(.data1)
 *(.data .data.* .gnu.linkonce.d.*)
 .data          0x000000000080a830        0x0 ../pacemaker_bsp/obj/HAL/src/crt0.o
 .data          0x000000000080a830        0x0 obj/default/main.o
 .data          0x000000000080a830        0x0 obj/default/pacemakersc.o
 .data          0x000000000080a830        0x0 obj/default/timers.o
 .data          0x000000000080a830        0x0 obj/default/uart.o
 .data          0x000000000080a830        0x0 c:/intelfpga/16.1/nios2eds/bin/gnu/h-x86_64-mingw32/bin/../lib/gcc/nios2-elf/5.3.0/../../../../../H-x86_64-mingw32/nios2-elf/lib\libc.a(lib_a-puts.o)
 .data          0x000000000080a830        0x0 c:/intelfpga/16.1/nios2eds/bin/gnu/h-x86_64-mingw32/bin/../lib/gcc/nios2-elf/5.3.0/../../../../../H-x86_64-mingw32/nios2-elf/lib\libc.a(lib_a-strlen.o)
 .data          0x000000000080a830        0x0 c:/intelfpga/16.1/nios2eds/bin/gnu/h-x86_64-mingw32/bin/../lib/gcc/nios2-elf/5.3.0/../../../../../H-x86_64-mingw32/nios2-elf/lib\libc.a(lib_a-findfp.o)
 .data          0x000000000080a830        0x0 c:/intelfpga/16.1/nios2eds/bin/gnu/h-x86_64-mingw32/bin/../lib/gcc/nios2-elf/5.3.0/../../../../../H-x86_64-mingw32/nios2-elf/lib\libc.a(lib_a-fvwrite.o)
 .data          0x000000000080a830        0x0 c:/intelfpga/16.1/nios2eds/bin/gnu/h-x86_64-mingw32/bin/../lib/gcc/nios2-elf/5.3.0/../../../../../H-x86_64-mingw32/nios2-elf/lib\libc.a(lib_a-fwalk.o)
 .data          0x000000000080a830        0x0 c:/intelfpga/16.1/nios2eds/bin/gnu/h-x86_64-mingw32/bin/../lib/gcc/nios2-elf/5.3.0/../../../../../H-x86_64-mingw32/nios2-elf/lib\libc.a(lib_a-impure.o)
 .data.impure_data
                0x000000000080a830      0x424 c:/intelfpga/16.1/nios2eds/bin/gnu/h-x86_64-mingw32/bin/../lib/gcc/nios2-elf/5.3.0/../../../../../H-x86_64-mingw32/nios2-elf/lib\libc.a(lib_a-impure.o)
 .data          0x000000000080ac54        0x0 c:/intelfpga/16.1/nios2eds/bin/gnu/h-x86_64-mingw32/bin/../lib/gcc/nios2-elf/5.3.0/../../../../../H-x86_64-mingw32/nios2-elf/lib\libc.a(lib_a-mallocr.o)
 .data.__malloc_av_
                0x000000000080ac54      0x408 c:/intelfpga/16.1/nios2eds/bin/gnu/h-x86_64-mingw32/bin/../lib/gcc/nios2-elf/5.3.0/../../../../../H-x86_64-mingw32/nios2-elf/lib\libc.a(lib_a-mallocr.o)
                0x000000000080ac54                __malloc_av_
 .data          0x000000000080b05c        0x0 c:/intelfpga/16.1/nios2eds/bin/gnu/h-x86_64-mingw32/bin/../lib/gcc/nios2-elf/5.3.0/../../../../../H-x86_64-mingw32/nios2-elf/lib\libc.a(lib_a-memchr.o)
 .data          0x000000000080b05c        0x0 c:/intelfpga/16.1/nios2eds/bin/gnu/h-x86_64-mingw32/bin/../lib/gcc/nios2-elf/5.3.0/../../../../../H-x86_64-mingw32/nios2-elf/lib\libc.a(lib_a-memcpy.o)
 .data          0x000000000080b05c        0x0 c:/intelfpga/16.1/nios2eds/bin/gnu/h-x86_64-mingw32/bin/../lib/gcc/nios2-elf/5.3.0/../../../../../H-x86_64-mingw32/nios2-elf/lib\libc.a(lib_a-memmove.o)
 .data          0x000000000080b05c        0x0 c:/intelfpga/16.1/nios2eds/bin/gnu/h-x86_64-mingw32/bin/../lib/gcc/nios2-elf/5.3.0/../../../../../H-x86_64-mingw32/nios2-elf/lib\libc.a(lib_a-memset.o)
 .data          0x000000000080b05c        0x0 c:/intelfpga/16.1/nios2eds/bin/gnu/h-x86_64-mingw32/bin/../lib/gcc/nios2-elf/5.3.0/../../../../../H-x86_64-mingw32/nios2-elf/lib\libc.a(lib_a-reallocr.o)
 .data          0x000000000080b05c        0x0 c:/intelfpga/16.1/nios2eds/bin/gnu/h-x86_64-mingw32/bin/../lib/gcc/nios2-elf/5.3.0/../../../../../H-x86_64-mingw32/nios2-elf/lib\libc.a(lib_a-sbrkr.o)
 .data          0x000000000080b05c        0x0 c:/intelfpga/16.1/nios2eds/bin/gnu/h-x86_64-mingw32/bin/../lib/gcc/nios2-elf/5.3.0/../../../../../H-x86_64-mingw32/nios2-elf/lib\libc.a(lib_a-stdio.o)
 .data          0x000000000080b05c        0x0 c:/intelfpga/16.1/nios2eds/bin/gnu/h-x86_64-mingw32/bin/../lib/gcc/nios2-elf/5.3.0/../../../../../H-x86_64-mingw32/nios2-elf/lib\libc.a(lib_a-writer.o)
 .data          0x000000000080b05c        0x0 c:/intelfpga/16.1/nios2eds/bin/gnu/h-x86_64-mingw32/bin/../lib/gcc/nios2-elf/5.3.0/../../../../../H-x86_64-mingw32/nios2-elf/lib\libc.a(lib_a-wsetup.o)
 .data          0x000000000080b05c        0x0 c:/intelfpga/16.1/nios2eds/bin/gnu/h-x86_64-mingw32/bin/../lib/gcc/nios2-elf/5.3.0/../../../../../H-x86_64-mingw32/nios2-elf/lib\libc.a(closer.o)
 .data          0x000000000080b05c        0x0 c:/intelfpga/16.1/nios2eds/bin/gnu/h-x86_64-mingw32/bin/../lib/gcc/nios2-elf/5.3.0/../../../../../H-x86_64-mingw32/nios2-elf/lib\libc.a(lib_a-fclose.o)
 .data          0x000000000080b05c        0x0 c:/intelfpga/16.1/nios2eds/bin/gnu/h-x86_64-mingw32/bin/../lib/gcc/nios2-elf/5.3.0/../../../../../H-x86_64-mingw32/nios2-elf/lib\libc.a(lib_a-fflush.o)
 .data          0x000000000080b05c        0x0 c:/intelfpga/16.1/nios2eds/bin/gnu/h-x86_64-mingw32/bin/../lib/gcc/nios2-elf/5.3.0/../../../../../H-x86_64-mingw32/nios2-elf/lib\libc.a(lib_a-freer.o)
 .data          0x000000000080b05c        0x0 c:/intelfpga/16.1/nios2eds/bin/gnu/h-x86_64-mingw32/bin/../lib/gcc/nios2-elf/5.3.0/../../../../../H-x86_64-mingw32/nios2-elf/lib\libc.a(lib_a-int_errno.o)
 .data          0x000000000080b05c        0x0 c:/intelfpga/16.1/nios2eds/bin/gnu/h-x86_64-mingw32/bin/../lib/gcc/nios2-elf/5.3.0/../../../../../H-x86_64-mingw32/nios2-elf/lib\libc.a(lib_a-lseekr.o)
 .data          0x000000000080b05c        0x0 c:/intelfpga/16.1/nios2eds/bin/gnu/h-x86_64-mingw32/bin/../lib/gcc/nios2-elf/5.3.0/../../../../../H-x86_64-mingw32/nios2-elf/lib\libc.a(lib_a-makebuf.o)
 .data          0x000000000080b05c        0x0 c:/intelfpga/16.1/nios2eds/bin/gnu/h-x86_64-mingw32/bin/../lib/gcc/nios2-elf/5.3.0/../../../../../H-x86_64-mingw32/nios2-elf/lib\libc.a(lib_a-readr.o)
 .data          0x000000000080b05c        0x0 c:/intelfpga/16.1/nios2eds/bin/gnu/h-x86_64-mingw32/bin/../lib/gcc/nios2-elf/5.3.0/../../../../../H-x86_64-mingw32/nios2-elf/lib\libc.a(lib_a-fstatr.o)
 .data          0x000000000080b05c        0x0 c:/intelfpga/16.1/nios2eds/bin/gnu/h-x86_64-mingw32/bin/../lib/gcc/nios2-elf/5.3.0/../../../../../H-x86_64-mingw32/nios2-elf/lib\libc.a(lib_a-isattyr.o)
 .data          0x000000000080b05c        0x0 c:/intelfpga/16.1/nios2eds/bin/gnu/h-x86_64-mingw32/bin/../lib/gcc/nios2-elf/5.3.0\libgcc.a(lib2-divmod.o)
 .data          0x000000000080b05c        0x0 ../pacemaker_bsp\libhal_bsp.a(alt_alarm_start.o)
 .data          0x000000000080b05c        0x0 ../pacemaker_bsp\libhal_bsp.a(alt_close.o)
 .data          0x000000000080b05c      0x1a8 ../pacemaker_bsp\libhal_bsp.a(alt_dev.o)
                0x000000000080b05c                alt_dev_null
                0x000000000080b084                alt_fd_list
 .data          0x000000000080b204        0x0 ../pacemaker_bsp\libhal_bsp.a(alt_errno.o)
 .data          0x000000000080b204        0x0 ../pacemaker_bsp\libhal_bsp.a(alt_fstat.o)
 .data          0x000000000080b204        0x0 ../pacemaker_bsp\libhal_bsp.a(alt_irq_register.o)
 .data          0x000000000080b204        0x0 ../pacemaker_bsp\libhal_bsp.a(alt_irq_vars.o)
 .data          0x000000000080b204        0x0 ../pacemaker_bsp\libhal_bsp.a(alt_isatty.o)
 .data          0x000000000080b204        0x0 ../pacemaker_bsp\libhal_bsp.a(alt_load.o)
 .data          0x000000000080b204        0x0 ../pacemaker_bsp\libhal_bsp.a(alt_lseek.o)
 .data          0x000000000080b204        0x0 ../pacemaker_bsp\libhal_bsp.a(alt_main.o)
 .data          0x000000000080b204        0x0 ../pacemaker_bsp\libhal_bsp.a(alt_malloc_lock.o)
 .data          0x000000000080b204        0x0 ../pacemaker_bsp\libhal_bsp.a(alt_open.o)
 .data          0x000000000080b204        0x0 ../pacemaker_bsp\libhal_bsp.a(alt_read.o)
 .data          0x000000000080b204        0x0 ../pacemaker_bsp\libhal_bsp.a(alt_release_fd.o)
 .data          0x000000000080b204        0x0 ../pacemaker_bsp\libhal_bsp.a(alt_sbrk.o)
 .data          0x000000000080b204        0x0 ../pacemaker_bsp\libhal_bsp.a(alt_tick.o)
 .data          0x000000000080b204        0x0 ../pacemaker_bsp\libhal_bsp.a(alt_write.o)
 .data          0x000000000080b204     0x1244 ../pacemaker_bsp\libhal_bsp.a(alt_sys_init.o)
 .data          0x000000000080c448        0x0 ../pacemaker_bsp\libhal_bsp.a(altera_avalon_jtag_uart_fd.o)
 .data          0x000000000080c448        0x0 ../pacemaker_bsp\libhal_bsp.a(altera_avalon_jtag_uart_init.o)
 .data          0x000000000080c448        0x0 ../pacemaker_bsp\libhal_bsp.a(altera_avalon_jtag_uart_ioctl.o)
 .data          0x000000000080c448        0x0 ../pacemaker_bsp\libhal_bsp.a(altera_avalon_jtag_uart_read.o)
 .data          0x000000000080c448        0x0 ../pacemaker_bsp\libhal_bsp.a(altera_avalon_jtag_uart_write.o)
 .data          0x000000000080c448        0x0 ../pacemaker_bsp\libhal_bsp.a(altera_avalon_lcd_16207.o)
 .data          0x000000000080c448        0x0 ../pacemaker_bsp\libhal_bsp.a(altera_avalon_lcd_16207_fd.o)
 .data          0x000000000080c448        0x0 ../pacemaker_bsp\libhal_bsp.a(altera_avalon_timer_sc.o)
 .data          0x000000000080c448        0x0 ../pacemaker_bsp\libhal_bsp.a(altera_avalon_uart_fd.o)
 .data          0x000000000080c448        0x0 ../pacemaker_bsp\libhal_bsp.a(altera_avalon_uart_init.o)
 .data          0x000000000080c448        0x0 ../pacemaker_bsp\libhal_bsp.a(altera_avalon_uart_read.o)
 .data          0x000000000080c448        0x0 ../pacemaker_bsp\libhal_bsp.a(altera_avalon_uart_write.o)
 .data          0x000000000080c448        0x0 ../pacemaker_bsp\libhal_bsp.a(alt_dcache_flush_all.o)
 .data          0x000000000080c448        0x0 ../pacemaker_bsp\libhal_bsp.a(alt_dev_llist_insert.o)
 .data          0x000000000080c448        0x0 ../pacemaker_bsp\libhal_bsp.a(alt_do_ctors.o)
 .data          0x000000000080c448        0x0 ../pacemaker_bsp\libhal_bsp.a(alt_do_dtors.o)
 .data          0x000000000080c448        0x0 ../pacemaker_bsp\libhal_bsp.a(alt_find_dev.o)
 .data          0x000000000080c448        0x0 ../pacemaker_bsp\libhal_bsp.a(alt_find_file.o)
 .data          0x000000000080c448        0x0 ../pacemaker_bsp\libhal_bsp.a(alt_get_fd.o)
 .data          0x000000000080c448        0x0 ../pacemaker_bsp\libhal_bsp.a(alt_icache_flush_all.o)
 .data          0x000000000080c448        0x0 ../pacemaker_bsp\libhal_bsp.a(alt_iic.o)
 .data          0x000000000080c448        0x0 ../pacemaker_bsp\libhal_bsp.a(alt_iic_isr_register.o)
 .data          0x000000000080c448        0x0 ../pacemaker_bsp\libhal_bsp.a(alt_io_redirect.o)
 .data          0x000000000080c448        0x0 ../pacemaker_bsp\libhal_bsp.a(alt_irq_entry.o)
 .data          0x000000000080c448        0x0 ../pacemaker_bsp\libhal_bsp.a(alt_irq_handler.o)
 .data          0x000000000080c448        0x0 ../pacemaker_bsp\libhal_bsp.a(alt_usleep.o)
 .data          0x000000000080c448        0x0 ../pacemaker_bsp\libhal_bsp.a(altera_nios2_gen2_irq.o)
 .data          0x000000000080c448        0x0 ../pacemaker_bsp\libhal_bsp.a(alt_busy_sleep.o)
 .data          0x000000000080c448        0x0 ../pacemaker_bsp\libhal_bsp.a(alt_exception_entry.o)
 .data          0x000000000080c448        0x0 ../pacemaker_bsp\libhal_bsp.a(alt_icache_flush.o)
 .data          0x000000000080c448        0x0 ../pacemaker_bsp\libhal_bsp.a(alt_instruction_exception_entry.o)
 .data          0x000000000080c448        0x0 c:/intelfpga/16.1/nios2eds/bin/gnu/h-x86_64-mingw32/bin/../lib/gcc/nios2-elf/5.3.0/../../../../../H-x86_64-mingw32/nios2-elf/lib\libc.a(lib_a-atexit.o)
 .data          0x000000000080c448        0x0 c:/intelfpga/16.1/nios2eds/bin/gnu/h-x86_64-mingw32/bin/../lib/gcc/nios2-elf/5.3.0/../../../../../H-x86_64-mingw32/nios2-elf/lib\libc.a(lib_a-ctype_.o)
 .data          0x000000000080c448        0x0 c:/intelfpga/16.1/nios2eds/bin/gnu/h-x86_64-mingw32/bin/../lib/gcc/nios2-elf/5.3.0/../../../../../H-x86_64-mingw32/nios2-elf/lib\libc.a(lib_a-exit.o)
 .data          0x000000000080c448        0x0 c:/intelfpga/16.1/nios2eds/bin/gnu/h-x86_64-mingw32/bin/../lib/gcc/nios2-elf/5.3.0/../../../../../H-x86_64-mingw32/nios2-elf/lib\libc.a(lib_a-memcmp.o)
 .data          0x000000000080c448        0x0 c:/intelfpga/16.1/nios2eds/bin/gnu/h-x86_64-mingw32/bin/../lib/gcc/nios2-elf/5.3.0/../../../../../H-x86_64-mingw32/nios2-elf/lib\libc.a(lib_a-__atexit.o)
 .data          0x000000000080c448        0x0 c:/intelfpga/16.1/nios2eds/bin/gnu/h-x86_64-mingw32/bin/../lib/gcc/nios2-elf/5.3.0/../../../../../H-x86_64-mingw32/nios2-elf/lib\libc.a(lib_a-__call_atexit.o)
 .data          0x000000000080c448        0x0 ../pacemaker_bsp\libhal_bsp.a(alt_exit.o)
                0x0000000000814448                _gp = ABSOLUTE ((. + 0x8000))
                [!provide]                        PROVIDE (gp, _gp)
 *(.rwdata .rwdata.*)
 *(.sdata .sdata.* .gnu.linkonce.s.*)
 .sdata         0x000000000080c448        0x6 obj/default/main.o
                0x000000000080c448                charA
                0x000000000080c44c                charV
 *fill*         0x000000000080c44e        0x2 
 .sdata._global_impure_ptr
                0x000000000080c450        0x4 c:/intelfpga/16.1/nios2eds/bin/gnu/h-x86_64-mingw32/bin/../lib/gcc/nios2-elf/5.3.0/../../../../../H-x86_64-mingw32/nios2-elf/lib\libc.a(lib_a-impure.o)
                0x000000000080c450                _global_impure_ptr
 .sdata._impure_ptr
                0x000000000080c454        0x4 c:/intelfpga/16.1/nios2eds/bin/gnu/h-x86_64-mingw32/bin/../lib/gcc/nios2-elf/5.3.0/../../../../../H-x86_64-mingw32/nios2-elf/lib\libc.a(lib_a-impure.o)
                0x000000000080c454                _impure_ptr
 .sdata.__malloc_sbrk_base
                0x000000000080c458        0x4 c:/intelfpga/16.1/nios2eds/bin/gnu/h-x86_64-mingw32/bin/../lib/gcc/nios2-elf/5.3.0/../../../../../H-x86_64-mingw32/nios2-elf/lib\libc.a(lib_a-mallocr.o)
                0x000000000080c458                __malloc_sbrk_base
 .sdata.__malloc_trim_threshold
                0x000000000080c45c        0x4 c:/intelfpga/16.1/nios2eds/bin/gnu/h-x86_64-mingw32/bin/../lib/gcc/nios2-elf/5.3.0/../../../../../H-x86_64-mingw32/nios2-elf/lib\libc.a(lib_a-mallocr.o)
                0x000000000080c45c                __malloc_trim_threshold
 .sdata         0x000000000080c460       0x14 ../pacemaker_bsp\libhal_bsp.a(alt_dev.o)
                0x000000000080c460                alt_fs_list
                0x000000000080c468                alt_dev_list
                0x000000000080c470                alt_max_fd
 .sdata         0x000000000080c474        0x4 ../pacemaker_bsp\libhal_bsp.a(alt_errno.o)
                0x000000000080c474                alt_errno
 .sdata         0x000000000080c478        0x4 ../pacemaker_bsp\libhal_bsp.a(alt_irq_vars.o)
                0x000000000080c478                alt_priority_mask
 .sdata         0x000000000080c47c        0x4 ../pacemaker_bsp\libhal_bsp.a(alt_sbrk.o)
 .sdata         0x000000000080c480        0x8 ../pacemaker_bsp\libhal_bsp.a(alt_tick.o)
                0x000000000080c480                alt_alarm_list
 .sdata         0x000000000080c488        0x4 ../pacemaker_bsp\libhal_bsp.a(altera_avalon_lcd_16207.o)
 .sdata.__ctype_ptr__
                0x000000000080c48c        0x4 c:/intelfpga/16.1/nios2eds/bin/gnu/h-x86_64-mingw32/bin/../lib/gcc/nios2-elf/5.3.0/../../../../../H-x86_64-mingw32/nios2-elf/lib\libc.a(lib_a-ctype_.o)
                0x000000000080c48c                __ctype_ptr__
 *(.sdata2 .sdata2.* .gnu.linkonce.s2.*)
                0x000000000080c490                . = ALIGN (0x4)
                0x000000000080c490                _edata = ABSOLUTE (.)
                [!provide]                        PROVIDE (edata, ABSOLUTE (.))
                0x000000000080c490                PROVIDE (__ram_rwdata_end, ABSOLUTE (.))
                0x000000000080c490                PROVIDE (__flash_rwdata_start, LOADADDR (.rwdata))

.bss            0x000000000080e0f0      0x424
                0x000000000080e0f0                __bss_start = ABSOLUTE (.)
                [!provide]                        PROVIDE (__sbss_start, ABSOLUTE (.))
                [!provide]                        PROVIDE (___sbss_start, ABSOLUTE (.))
 *(.dynsbss)
 *(.sbss .sbss.* .gnu.linkonce.sb.*)
 .sbss          0x000000000080e0f0       0x55 obj/default/main.o
                0x000000000080e0f0                LRIExpired
                0x000000000080e0f1                APace
                0x000000000080e0f2                ASenseBuffer
                0x000000000080e0f3                VRPExpired
                0x000000000080e0f4                AEIStop
                0x000000000080e0f8                APLEDTimerStarted
                0x000000000080e0fc                AVIStop
                0x000000000080e100                VRPTimerStarted
                0x000000000080e104                ASense
                0x000000000080e105                LRIStart
                0x000000000080e108                VPLEDTimerStarted
                0x000000000080e10c                PVARPTimerStarted
                0x000000000080e110                PVARPStart
                0x000000000080e114                LRITimerStarted
                0x000000000080e118                AVIExpired
                0x000000000080e119                VRPStart
                0x000000000080e11a                VSense
                0x000000000080e11b                URIExpired
                0x000000000080e11c                URIStop
                0x000000000080e120                AVITimerStarted
                0x000000000080e124                VRPStop
                0x000000000080e128                byte
                0x000000000080e12c                AVIStart
                0x000000000080e12d                VSenseBuffer
                0x000000000080e12e                LRIStop
                0x000000000080e12f                PVARPStop
                0x000000000080e130                AEIExpired
                0x000000000080e131                AEIStart
                0x000000000080e134                uart
                0x000000000080e138                AEITimerStarted
                0x000000000080e13c                VPace
                0x000000000080e13d                PVARPExpired
                0x000000000080e140                URITimerStarted
                0x000000000080e144                URIStart
 *fill*         0x000000000080e145        0x3 
 .sbss          0x000000000080e148       0xf8 obj/default/pacemakersc.o
                0x000000000080e148                g83
                0x000000000080e149                g40
                0x000000000080e14a                _cg99
                0x000000000080e14b                g91
                0x000000000080e14c                g4
                0x000000000080e14d                g108
                0x000000000080e14e                g19
                0x000000000080e14f                g111
                0x000000000080e150                g27b
                0x000000000080e151                g55
                0x000000000080e152                _cg59
                0x000000000080e153                g27
                0x000000000080e154                g129_e2
                0x000000000080e155                _cg116
                0x000000000080e156                g112
                0x000000000080e157                g3
                0x000000000080e158                g103
                0x000000000080e159                g47
                0x000000000080e15a                g85
                0x000000000080e15b                g42
                0x000000000080e15c                g124_e10
                0x000000000080e15d                PRE_g114
                0x000000000080e15e                g9
                0x000000000080e15f                g127
                0x000000000080e160                g34b
                0x000000000080e161                _cg7
                0x000000000080e164                _PRE_GO
                0x000000000080e168                PRE_g3
                0x000000000080e169                g102
                0x000000000080e16a                g51b
                0x000000000080e16b                g115
                0x000000000080e16c                PRE_g121
                0x000000000080e16d                _cg123
                0x000000000080e16e                g87
                0x000000000080e16f                g44
                0x000000000080e170                g123
                0x000000000080e171                _cg12
                0x000000000080e172                _cg75
                0x000000000080e173                g77b
                0x000000000080e174                g92
                0x000000000080e175                g1
                0x000000000080e176                g61
                0x000000000080e177                g71
                0x000000000080e178                PRE_g28
                0x000000000080e179                g56_e4
                0x000000000080e17a                g125_e1_fix_fix
                0x000000000080e17b                g126
                0x000000000080e17c                g82
                0x000000000080e17d                PRE_g69
                0x000000000080e17e                PRE_g24
                0x000000000080e17f                g12
                0x000000000080e180                g97
                0x000000000080e181                g52
                0x000000000080e182                _cg46
                0x000000000080e183                _cg35
                0x000000000080e184                g17
                0x000000000080e185                g76
                0x000000000080e186                g31
                0x000000000080e187                g37
                0x000000000080e188                g62
                0x000000000080e189                g84
                0x000000000080e18a                g41
                0x000000000080e18b                g118
                0x000000000080e18c                PRE_g85
                0x000000000080e18d                g29b
                0x000000000080e18e                PRE_g94
                0x000000000080e18f                _cg34
                0x000000000080e190                g18
                0x000000000080e191                PRE_g50
                0x000000000080e192                PRE_g53
                0x000000000080e193                _cg101
                0x000000000080e194                g48
                0x000000000080e195                g38
                0x000000000080e196                g105
                0x000000000080e197                _cg21
                0x000000000080e198                PRE_g42
                0x000000000080e199                g75b
                0x000000000080e19a                g117
                0x000000000080e19b                _cg20
                0x000000000080e19c                _cg43
                0x000000000080e19d                PRE_g111
                0x000000000080e19e                g64
                0x000000000080e19f                g21
                0x000000000080e1a0                _cg107
                0x000000000080e1a1                _cg51
                0x000000000080e1a2                _cg68
                0x000000000080e1a3                g79
                0x000000000080e1a4                g34
                0x000000000080e1a5                g5
                0x000000000080e1a6                g94
                0x000000000080e1a7                g110
                0x000000000080e1a8                g49
                0x000000000080e1a9                g2
                0x000000000080e1aa                g7
                0x000000000080e1ab                _cg90
                0x000000000080e1ac                _cg16
                0x000000000080e1ad                g80
                0x000000000080e1ae                g128
                0x000000000080e1af                g48_e3
                0x000000000080e1b0                g100
                0x000000000080e1b1                g120b
                0x000000000080e1b2                g59
                0x000000000080e1b3                g99
                0x000000000080e1b4                g54
                0x000000000080e1b5                g66
                0x000000000080e1b6                g23
                0x000000000080e1b7                _cg83
                0x000000000080e1b8                _cg87
                0x000000000080e1b9                g14
                0x000000000080e1ba                g125_e1
                0x000000000080e1bb                g101
                0x000000000080e1bc                g114
                0x000000000080e1bd                g56
                0x000000000080e1be                g129
                0x000000000080e1bf                g22_e1
                0x000000000080e1c0                PRE_g18
                0x000000000080e1c1                PRE_g6
                0x000000000080e1c2                g96_e7
                0x000000000080e1c3                g78
                0x000000000080e1c4                g33
                0x000000000080e1c5                PRE_g119
                0x000000000080e1c6                g122
                0x000000000080e1c7                g125_e1_fix
                0x000000000080e1c8                _cg60
                0x000000000080e1c9                _cg25
                0x000000000080e1ca                _cg29
                0x000000000080e1cb                _cg5
                0x000000000080e1cc                g35
                0x000000000080e1cd                _cg71
                0x000000000080e1ce                _cg38
                0x000000000080e1cf                g15
                0x000000000080e1d0                g90
                0x000000000080e1d1                _GO
                0x000000000080e1d2                g63
                0x000000000080e1d3                g20
                0x000000000080e1d4                g60
                0x000000000080e1d5                _cg10
                0x000000000080e1d6                g93
                0x000000000080e1d7                g119
                0x000000000080e1d8                g86
                0x000000000080e1d9                g43
                0x000000000080e1da                _cg65
                0x000000000080e1db                g43b
                0x000000000080e1dc                PRE_g14
                0x000000000080e1dd                g36
                0x000000000080e1de                g80_e6
                0x000000000080e1df                g89
                0x000000000080e1e0                g46
                0x000000000080e1e1                _cg106
                0x000000000080e1e2                g125_fix1
                0x000000000080e1e3                g95
                0x000000000080e1e4                g50
                0x000000000080e1e5                g96
                0x000000000080e1e6                g51
                0x000000000080e1e7                g107
                0x000000000080e1e8                PRE_g74
                0x000000000080e1e9                g113
                0x000000000080e1ea                _cg78
                0x000000000080e1eb                PRE_g61
                0x000000000080e1ec                _cg112
                0x000000000080e1ed                g104
                0x000000000080e1ee                g13
                0x000000000080e1ef                g98
                0x000000000080e1f0                g53
                0x000000000080e1f1                g8
                0x000000000080e1f2                g57
                0x000000000080e1f3                g70
                0x000000000080e1f4                _cg86
                0x000000000080e1f5                _cg47
                0x000000000080e1f6                g116
                0x000000000080e1f7                g103_e8
                0x000000000080e1f8                g40_e2
                0x000000000080e1f9                g6
                0x000000000080e1fa                _cg19
                0x000000000080e1fb                _cg122
                0x000000000080e1fc                g72
                0x000000000080e1fd                g81
                0x000000000080e1fe                PRE_g76
                0x000000000080e1ff                PRE_g33
                0x000000000080e200                g124
                0x000000000080e201                _cg13
                0x000000000080e202                g0
                0x000000000080e203                g117_e9
                0x000000000080e204                _cg54
                0x000000000080e205                _cg17
                0x000000000080e206                PRE_g100
                0x000000000080e207                g75
                0x000000000080e208                g30
                0x000000000080e209                PRE_g58
                0x000000000080e20a                _cg30
                0x000000000080e20b                g16
                0x000000000080e20c                g58
                0x000000000080e20d                _cg77
                0x000000000080e20e                g68
                0x000000000080e20f                g25
                0x000000000080e210                g72_e5
                0x000000000080e211                g11
                0x000000000080e212                g65
                0x000000000080e213                g22
                0x000000000080e214                g28
                0x000000000080e215                PRE_g98
                0x000000000080e216                g73
                0x000000000080e217                _cg113
                0x000000000080e218                g99b
                0x000000000080e219                g125
                0x000000000080e21a                g77
                0x000000000080e21b                g32
                0x000000000080e21c                PRE_g26
                0x000000000080e21d                g88
                0x000000000080e21e                g45
                0x000000000080e21f                PRE_g127
                0x000000000080e220                PRE_g82
                0x000000000080e221                _cg92
                0x000000000080e222                _cg55
                0x000000000080e223                PRE_g45
                0x000000000080e224                g130
                0x000000000080e225                PRE_g64
                0x000000000080e226                g125_fix0
                0x000000000080e227                g121
                0x000000000080e228                _cg109
                0x000000000080e229                g39
                0x000000000080e22a                g120
                0x000000000080e22b                PRE_g108
                0x000000000080e22c                PRE_g105
                0x000000000080e22d                _cg120
                0x000000000080e22e                g29
                0x000000000080e22f                _cg4
                0x000000000080e230                g67
                0x000000000080e231                g24
                0x000000000080e232                g109
                0x000000000080e233                PRE_g9
                0x000000000080e234                _cg32
                0x000000000080e235                _cg67
                0x000000000080e236                g106
                0x000000000080e237                _cg36
                0x000000000080e238                g10
                0x000000000080e239                _cg62
                0x000000000080e23a                _cg27
                0x000000000080e23b                _cg102
                0x000000000080e23c                g69
                0x000000000080e23d                g26
                0x000000000080e23e                PRE_g37
                0x000000000080e23f                g74
 .sbss.__malloc_max_total_mem
                0x000000000080e240        0x4 c:/intelfpga/16.1/nios2eds/bin/gnu/h-x86_64-mingw32/bin/../lib/gcc/nios2-elf/5.3.0/../../../../../H-x86_64-mingw32/nios2-elf/lib\libc.a(lib_a-mallocr.o)
                0x000000000080e240                __malloc_max_total_mem
 .sbss.__malloc_max_sbrked_mem
                0x000000000080e244        0x4 c:/intelfpga/16.1/nios2eds/bin/gnu/h-x86_64-mingw32/bin/../lib/gcc/nios2-elf/5.3.0/../../../../../H-x86_64-mingw32/nios2-elf/lib\libc.a(lib_a-mallocr.o)
                0x000000000080e244                __malloc_max_sbrked_mem
 .sbss.__malloc_top_pad
                0x000000000080e248        0x4 c:/intelfpga/16.1/nios2eds/bin/gnu/h-x86_64-mingw32/bin/../lib/gcc/nios2-elf/5.3.0/../../../../../H-x86_64-mingw32/nios2-elf/lib\libc.a(lib_a-mallocr.o)
                0x000000000080e248                __malloc_top_pad
 .sbss          0x000000000080e24c        0x4 c:/intelfpga/16.1/nios2eds/bin/gnu/h-x86_64-mingw32/bin/../lib/gcc/nios2-elf/5.3.0/../../../../../H-x86_64-mingw32/nios2-elf/lib\libc.a(lib_a-int_errno.o)
                0x000000000080e24c                errno
 .sbss          0x000000000080e250        0x4 ../pacemaker_bsp\libhal_bsp.a(alt_irq_vars.o)
                0x000000000080e250                alt_irq_active
 .sbss          0x000000000080e254        0xc ../pacemaker_bsp\libhal_bsp.a(alt_main.o)
                0x000000000080e254                alt_argc
                0x000000000080e258                alt_argv
                0x000000000080e25c                alt_envp
 .sbss          0x000000000080e260        0x8 ../pacemaker_bsp\libhal_bsp.a(alt_tick.o)
                0x000000000080e260                _alt_tick_rate
                0x000000000080e264                _alt_nticks
 .sbss          0x000000000080e268        0x4 ../pacemaker_bsp\libhal_bsp.a(alt_instruction_exception_entry.o)
                0x000000000080e268                alt_instruction_exception_handler
 *(.sbss2 .sbss2.* .gnu.linkonce.sb2.*)
 *(.scommon)
                [!provide]                        PROVIDE (__sbss_end, ABSOLUTE (.))
                [!provide]                        PROVIDE (___sbss_end, ABSOLUTE (.))
 *(.dynbss)
 *(.bss .bss.* .gnu.linkonce.b.*)
 .bss           0x000000000080e26c        0x0 ../pacemaker_bsp/obj/HAL/src/crt0.o
 .bss           0x000000000080e26c        0x0 obj/default/main.o
 .bss           0x000000000080e26c        0x0 obj/default/pacemakersc.o
 .bss           0x000000000080e26c        0x0 obj/default/timers.o
 .bss           0x000000000080e26c        0x0 obj/default/uart.o
 .bss           0x000000000080e26c        0x0 c:/intelfpga/16.1/nios2eds/bin/gnu/h-x86_64-mingw32/bin/../lib/gcc/nios2-elf/5.3.0/../../../../../H-x86_64-mingw32/nios2-elf/lib\libc.a(lib_a-puts.o)
 .bss           0x000000000080e26c        0x0 c:/intelfpga/16.1/nios2eds/bin/gnu/h-x86_64-mingw32/bin/../lib/gcc/nios2-elf/5.3.0/../../../../../H-x86_64-mingw32/nios2-elf/lib\libc.a(lib_a-strlen.o)
 .bss           0x000000000080e26c        0x0 c:/intelfpga/16.1/nios2eds/bin/gnu/h-x86_64-mingw32/bin/../lib/gcc/nios2-elf/5.3.0/../../../../../H-x86_64-mingw32/nios2-elf/lib\libc.a(lib_a-findfp.o)
 .bss           0x000000000080e26c        0x0 c:/intelfpga/16.1/nios2eds/bin/gnu/h-x86_64-mingw32/bin/../lib/gcc/nios2-elf/5.3.0/../../../../../H-x86_64-mingw32/nios2-elf/lib\libc.a(lib_a-fvwrite.o)
 .bss           0x000000000080e26c        0x0 c:/intelfpga/16.1/nios2eds/bin/gnu/h-x86_64-mingw32/bin/../lib/gcc/nios2-elf/5.3.0/../../../../../H-x86_64-mingw32/nios2-elf/lib\libc.a(lib_a-fwalk.o)
 .bss           0x000000000080e26c        0x0 c:/intelfpga/16.1/nios2eds/bin/gnu/h-x86_64-mingw32/bin/../lib/gcc/nios2-elf/5.3.0/../../../../../H-x86_64-mingw32/nios2-elf/lib\libc.a(lib_a-impure.o)
 .bss           0x000000000080e26c        0x0 c:/intelfpga/16.1/nios2eds/bin/gnu/h-x86_64-mingw32/bin/../lib/gcc/nios2-elf/5.3.0/../../../../../H-x86_64-mingw32/nios2-elf/lib\libc.a(lib_a-mallocr.o)
 .bss.__malloc_current_mallinfo
                0x000000000080e26c       0x28 c:/intelfpga/16.1/nios2eds/bin/gnu/h-x86_64-mingw32/bin/../lib/gcc/nios2-elf/5.3.0/../../../../../H-x86_64-mingw32/nios2-elf/lib\libc.a(lib_a-mallocr.o)
                0x000000000080e26c                __malloc_current_mallinfo
 .bss           0x000000000080e294        0x0 c:/intelfpga/16.1/nios2eds/bin/gnu/h-x86_64-mingw32/bin/../lib/gcc/nios2-elf/5.3.0/../../../../../H-x86_64-mingw32/nios2-elf/lib\libc.a(lib_a-memchr.o)
 .bss           0x000000000080e294        0x0 c:/intelfpga/16.1/nios2eds/bin/gnu/h-x86_64-mingw32/bin/../lib/gcc/nios2-elf/5.3.0/../../../../../H-x86_64-mingw32/nios2-elf/lib\libc.a(lib_a-memcpy.o)
 .bss           0x000000000080e294        0x0 c:/intelfpga/16.1/nios2eds/bin/gnu/h-x86_64-mingw32/bin/../lib/gcc/nios2-elf/5.3.0/../../../../../H-x86_64-mingw32/nios2-elf/lib\libc.a(lib_a-memmove.o)
 .bss           0x000000000080e294        0x0 c:/intelfpga/16.1/nios2eds/bin/gnu/h-x86_64-mingw32/bin/../lib/gcc/nios2-elf/5.3.0/../../../../../H-x86_64-mingw32/nios2-elf/lib\libc.a(lib_a-memset.o)
 .bss           0x000000000080e294        0x0 c:/intelfpga/16.1/nios2eds/bin/gnu/h-x86_64-mingw32/bin/../lib/gcc/nios2-elf/5.3.0/../../../../../H-x86_64-mingw32/nios2-elf/lib\libc.a(lib_a-reallocr.o)
 .bss           0x000000000080e294        0x0 c:/intelfpga/16.1/nios2eds/bin/gnu/h-x86_64-mingw32/bin/../lib/gcc/nios2-elf/5.3.0/../../../../../H-x86_64-mingw32/nios2-elf/lib\libc.a(lib_a-sbrkr.o)
 .bss           0x000000000080e294        0x0 c:/intelfpga/16.1/nios2eds/bin/gnu/h-x86_64-mingw32/bin/../lib/gcc/nios2-elf/5.3.0/../../../../../H-x86_64-mingw32/nios2-elf/lib\libc.a(lib_a-stdio.o)
 .bss           0x000000000080e294        0x0 c:/intelfpga/16.1/nios2eds/bin/gnu/h-x86_64-mingw32/bin/../lib/gcc/nios2-elf/5.3.0/../../../../../H-x86_64-mingw32/nios2-elf/lib\libc.a(lib_a-writer.o)
 .bss           0x000000000080e294        0x0 c:/intelfpga/16.1/nios2eds/bin/gnu/h-x86_64-mingw32/bin/../lib/gcc/nios2-elf/5.3.0/../../../../../H-x86_64-mingw32/nios2-elf/lib\libc.a(lib_a-wsetup.o)
 .bss           0x000000000080e294        0x0 c:/intelfpga/16.1/nios2eds/bin/gnu/h-x86_64-mingw32/bin/../lib/gcc/nios2-elf/5.3.0/../../../../../H-x86_64-mingw32/nios2-elf/lib\libc.a(closer.o)
 .bss           0x000000000080e294        0x0 c:/intelfpga/16.1/nios2eds/bin/gnu/h-x86_64-mingw32/bin/../lib/gcc/nios2-elf/5.3.0/../../../../../H-x86_64-mingw32/nios2-elf/lib\libc.a(lib_a-fclose.o)
 .bss           0x000000000080e294        0x0 c:/intelfpga/16.1/nios2eds/bin/gnu/h-x86_64-mingw32/bin/../lib/gcc/nios2-elf/5.3.0/../../../../../H-x86_64-mingw32/nios2-elf/lib\libc.a(lib_a-fflush.o)
 .bss           0x000000000080e294        0x0 c:/intelfpga/16.1/nios2eds/bin/gnu/h-x86_64-mingw32/bin/../lib/gcc/nios2-elf/5.3.0/../../../../../H-x86_64-mingw32/nios2-elf/lib\libc.a(lib_a-freer.o)
 .bss           0x000000000080e294        0x0 c:/intelfpga/16.1/nios2eds/bin/gnu/h-x86_64-mingw32/bin/../lib/gcc/nios2-elf/5.3.0/../../../../../H-x86_64-mingw32/nios2-elf/lib\libc.a(lib_a-int_errno.o)
 .bss           0x000000000080e294        0x0 c:/intelfpga/16.1/nios2eds/bin/gnu/h-x86_64-mingw32/bin/../lib/gcc/nios2-elf/5.3.0/../../../../../H-x86_64-mingw32/nios2-elf/lib\libc.a(lib_a-lseekr.o)
 .bss           0x000000000080e294        0x0 c:/intelfpga/16.1/nios2eds/bin/gnu/h-x86_64-mingw32/bin/../lib/gcc/nios2-elf/5.3.0/../../../../../H-x86_64-mingw32/nios2-elf/lib\libc.a(lib_a-makebuf.o)
 .bss           0x000000000080e294        0x0 c:/intelfpga/16.1/nios2eds/bin/gnu/h-x86_64-mingw32/bin/../lib/gcc/nios2-elf/5.3.0/../../../../../H-x86_64-mingw32/nios2-elf/lib\libc.a(lib_a-readr.o)
 .bss           0x000000000080e294        0x0 c:/intelfpga/16.1/nios2eds/bin/gnu/h-x86_64-mingw32/bin/../lib/gcc/nios2-elf/5.3.0/../../../../../H-x86_64-mingw32/nios2-elf/lib\libc.a(lib_a-fstatr.o)
 .bss           0x000000000080e294        0x0 c:/intelfpga/16.1/nios2eds/bin/gnu/h-x86_64-mingw32/bin/../lib/gcc/nios2-elf/5.3.0/../../../../../H-x86_64-mingw32/nios2-elf/lib\libc.a(lib_a-isattyr.o)
 .bss           0x000000000080e294        0x0 c:/intelfpga/16.1/nios2eds/bin/gnu/h-x86_64-mingw32/bin/../lib/gcc/nios2-elf/5.3.0\libgcc.a(lib2-divmod.o)
 .bss           0x000000000080e294        0x0 ../pacemaker_bsp\libhal_bsp.a(alt_alarm_start.o)
 .bss           0x000000000080e294        0x0 ../pacemaker_bsp\libhal_bsp.a(alt_close.o)
 .bss           0x000000000080e294        0x0 ../pacemaker_bsp\libhal_bsp.a(alt_dev.o)
 .bss           0x000000000080e294        0x0 ../pacemaker_bsp\libhal_bsp.a(alt_errno.o)
 .bss           0x000000000080e294        0x0 ../pacemaker_bsp\libhal_bsp.a(alt_fstat.o)
 .bss           0x000000000080e294        0x0 ../pacemaker_bsp\libhal_bsp.a(alt_irq_register.o)
 .bss           0x000000000080e294        0x0 ../pacemaker_bsp\libhal_bsp.a(alt_irq_vars.o)
 .bss           0x000000000080e294        0x0 ../pacemaker_bsp\libhal_bsp.a(alt_isatty.o)
 .bss           0x000000000080e294        0x0 ../pacemaker_bsp\libhal_bsp.a(alt_load.o)
 .bss           0x000000000080e294        0x0 ../pacemaker_bsp\libhal_bsp.a(alt_lseek.o)
 .bss           0x000000000080e294        0x0 ../pacemaker_bsp\libhal_bsp.a(alt_main.o)
 .bss           0x000000000080e294        0x0 ../pacemaker_bsp\libhal_bsp.a(alt_malloc_lock.o)
 .bss           0x000000000080e294        0x0 ../pacemaker_bsp\libhal_bsp.a(alt_open.o)
 .bss           0x000000000080e294        0x0 ../pacemaker_bsp\libhal_bsp.a(alt_read.o)
 .bss           0x000000000080e294        0x0 ../pacemaker_bsp\libhal_bsp.a(alt_release_fd.o)
 .bss           0x000000000080e294        0x0 ../pacemaker_bsp\libhal_bsp.a(alt_sbrk.o)
 .bss           0x000000000080e294        0x0 ../pacemaker_bsp\libhal_bsp.a(alt_tick.o)
 .bss           0x000000000080e294        0x0 ../pacemaker_bsp\libhal_bsp.a(alt_write.o)
 .bss           0x000000000080e294        0x0 ../pacemaker_bsp\libhal_bsp.a(alt_sys_init.o)
 .bss           0x000000000080e294        0x0 ../pacemaker_bsp\libhal_bsp.a(altera_avalon_jtag_uart_fd.o)
 .bss           0x000000000080e294        0x0 ../pacemaker_bsp\libhal_bsp.a(altera_avalon_jtag_uart_init.o)
 .bss           0x000000000080e294        0x0 ../pacemaker_bsp\libhal_bsp.a(altera_avalon_jtag_uart_ioctl.o)
 .bss           0x000000000080e294        0x0 ../pacemaker_bsp\libhal_bsp.a(altera_avalon_jtag_uart_read.o)
 .bss           0x000000000080e294        0x0 ../pacemaker_bsp\libhal_bsp.a(altera_avalon_jtag_uart_write.o)
 .bss           0x000000000080e294        0x0 ../pacemaker_bsp\libhal_bsp.a(altera_avalon_lcd_16207.o)
 .bss           0x000000000080e294        0x0 ../pacemaker_bsp\libhal_bsp.a(altera_avalon_lcd_16207_fd.o)
 .bss           0x000000000080e294        0x0 ../pacemaker_bsp\libhal_bsp.a(altera_avalon_timer_sc.o)
 .bss           0x000000000080e294        0x0 ../pacemaker_bsp\libhal_bsp.a(altera_avalon_uart_fd.o)
 .bss           0x000000000080e294        0x0 ../pacemaker_bsp\libhal_bsp.a(altera_avalon_uart_init.o)
 .bss           0x000000000080e294        0x0 ../pacemaker_bsp\libhal_bsp.a(altera_avalon_uart_read.o)
 .bss           0x000000000080e294        0x0 ../pacemaker_bsp\libhal_bsp.a(altera_avalon_uart_write.o)
 .bss           0x000000000080e294        0x0 ../pacemaker_bsp\libhal_bsp.a(alt_dcache_flush_all.o)
 .bss           0x000000000080e294        0x0 ../pacemaker_bsp\libhal_bsp.a(alt_dev_llist_insert.o)
 .bss           0x000000000080e294        0x0 ../pacemaker_bsp\libhal_bsp.a(alt_do_ctors.o)
 .bss           0x000000000080e294        0x0 ../pacemaker_bsp\libhal_bsp.a(alt_do_dtors.o)
 .bss           0x000000000080e294        0x0 ../pacemaker_bsp\libhal_bsp.a(alt_find_dev.o)
 .bss           0x000000000080e294        0x0 ../pacemaker_bsp\libhal_bsp.a(alt_find_file.o)
 .bss           0x000000000080e294        0x0 ../pacemaker_bsp\libhal_bsp.a(alt_get_fd.o)
 .bss           0x000000000080e294        0x0 ../pacemaker_bsp\libhal_bsp.a(alt_icache_flush_all.o)
 .bss           0x000000000080e294        0x0 ../pacemaker_bsp\libhal_bsp.a(alt_iic.o)
 .bss           0x000000000080e294        0x0 ../pacemaker_bsp\libhal_bsp.a(alt_iic_isr_register.o)
 .bss           0x000000000080e294        0x0 ../pacemaker_bsp\libhal_bsp.a(alt_io_redirect.o)
 .bss           0x000000000080e294        0x0 ../pacemaker_bsp\libhal_bsp.a(alt_irq_entry.o)
 .bss           0x000000000080e294        0x0 ../pacemaker_bsp\libhal_bsp.a(alt_irq_handler.o)
 .bss           0x000000000080e294        0x0 ../pacemaker_bsp\libhal_bsp.a(alt_usleep.o)
 .bss           0x000000000080e294        0x0 ../pacemaker_bsp\libhal_bsp.a(altera_nios2_gen2_irq.o)
 .bss           0x000000000080e294        0x0 ../pacemaker_bsp\libhal_bsp.a(alt_busy_sleep.o)
 .bss           0x000000000080e294        0x0 ../pacemaker_bsp\libhal_bsp.a(alt_exception_entry.o)
 .bss           0x000000000080e294        0x0 ../pacemaker_bsp\libhal_bsp.a(alt_icache_flush.o)
 .bss           0x000000000080e294        0x0 ../pacemaker_bsp\libhal_bsp.a(alt_instruction_exception_entry.o)
 .bss           0x000000000080e294        0x0 c:/intelfpga/16.1/nios2eds/bin/gnu/h-x86_64-mingw32/bin/../lib/gcc/nios2-elf/5.3.0/../../../../../H-x86_64-mingw32/nios2-elf/lib\libc.a(lib_a-atexit.o)
 .bss           0x000000000080e294        0x0 c:/intelfpga/16.1/nios2eds/bin/gnu/h-x86_64-mingw32/bin/../lib/gcc/nios2-elf/5.3.0/../../../../../H-x86_64-mingw32/nios2-elf/lib\libc.a(lib_a-ctype_.o)
 .bss           0x000000000080e294        0x0 c:/intelfpga/16.1/nios2eds/bin/gnu/h-x86_64-mingw32/bin/../lib/gcc/nios2-elf/5.3.0/../../../../../H-x86_64-mingw32/nios2-elf/lib\libc.a(lib_a-exit.o)
 .bss           0x000000000080e294        0x0 c:/intelfpga/16.1/nios2eds/bin/gnu/h-x86_64-mingw32/bin/../lib/gcc/nios2-elf/5.3.0/../../../../../H-x86_64-mingw32/nios2-elf/lib\libc.a(lib_a-memcmp.o)
 .bss           0x000000000080e294        0x0 c:/intelfpga/16.1/nios2eds/bin/gnu/h-x86_64-mingw32/bin/../lib/gcc/nios2-elf/5.3.0/../../../../../H-x86_64-mingw32/nios2-elf/lib\libc.a(lib_a-__atexit.o)
 .bss           0x000000000080e294        0x0 c:/intelfpga/16.1/nios2eds/bin/gnu/h-x86_64-mingw32/bin/../lib/gcc/nios2-elf/5.3.0/../../../../../H-x86_64-mingw32/nios2-elf/lib\libc.a(lib_a-__call_atexit.o)
 .bss           0x000000000080e294        0x0 ../pacemaker_bsp\libhal_bsp.a(alt_exit.o)
 *(COMMON)
 COMMON         0x000000000080e294      0x180 obj/default/main.o
                0x000000000080e294                VSenseTimerReset
                0x000000000080e2ac                LRITimer
                0x000000000080e2c4                AEITimer
                0x000000000080e2dc                URITimerReset
                0x000000000080e2f4                PVARPTimer
                0x000000000080e30c                PVARPTimerReset
                0x000000000080e324                VRPTimer
                0x000000000080e33c                VRPTimerReset
                0x000000000080e354                URITimer
                0x000000000080e36c                AVITimerReset
                0x000000000080e384                ASenseTimerReset
                0x000000000080e39c                VPLEDTimer
                0x000000000080e3b4                AEITimerReset
                0x000000000080e3cc                APLEDTimer
                0x000000000080e3e4                LRITimerReset
                0x000000000080e3fc                AVITimer
 COMMON         0x000000000080e414      0x100 ../pacemaker_bsp\libhal_bsp.a(alt_irq_handler.o)
                0x000000000080e414                alt_irq
                0x000000000080e514                . = ALIGN (0x4)
                0x000000000080e514                __bss_end = ABSOLUTE (.)

.sdram          0x000000000080e514        0x0
                [!provide]                        PROVIDE (_alt_partition_sdram_start, ABSOLUTE (.))
 *(.sdram .sdram. sdram.*)
                0x000000000080e514                . = ALIGN (0x4)
                [!provide]                        PROVIDE (_alt_partition_sdram_end, ABSOLUTE (.))
                0x000000000080e514                _end = ABSOLUTE (.)
                0x000000000080e514                end = ABSOLUTE (.)
                0x000000000080e514                __alt_stack_base = ABSOLUTE (.)
                [!provide]                        PROVIDE (_alt_partition_sdram_load_addr, LOADADDR (.sdram))

.onchip_mem     0x0000000001080000        0x0 load address 0x000000000080e514
                [!provide]                        PROVIDE (_alt_partition_onchip_mem_start, ABSOLUTE (.))
 *(.onchip_mem .onchip_mem. onchip_mem.*)
                0x0000000001080000                . = ALIGN (0x4)
                [!provide]                        PROVIDE (_alt_partition_onchip_mem_end, ABSOLUTE (.))
                [!provide]                        PROVIDE (_alt_partition_onchip_mem_load_addr, LOADADDR (.onchip_mem))

.stab
 *(.stab)

.stabstr
 *(.stabstr)

.stab.excl
 *(.stab.excl)

.stab.exclstr
 *(.stab.exclstr)

.stab.index
 *(.stab.index)

.stab.indexstr
 *(.stab.indexstr)

.comment        0x0000000000000000       0x23
 *(.comment)
 .comment       0x0000000000000000       0x23 obj/default/main.o
                                         0x24 (size before relaxing)
 .comment       0x0000000000000023       0x24 obj/default/pacemakersc.o
 .comment       0x0000000000000023       0x24 obj/default/timers.o
 .comment       0x0000000000000023       0x24 obj/default/uart.o
 .comment       0x0000000000000023       0x24 c:/intelfpga/16.1/nios2eds/bin/gnu/h-x86_64-mingw32/bin/../lib/gcc/nios2-elf/5.3.0/../../../../../H-x86_64-mingw32/nios2-elf/lib\libc.a(lib_a-puts.o)
 .comment       0x0000000000000023       0x24 c:/intelfpga/16.1/nios2eds/bin/gnu/h-x86_64-mingw32/bin/../lib/gcc/nios2-elf/5.3.0/../../../../../H-x86_64-mingw32/nios2-elf/lib\libc.a(lib_a-strlen.o)
 .comment       0x0000000000000023       0x24 c:/intelfpga/16.1/nios2eds/bin/gnu/h-x86_64-mingw32/bin/../lib/gcc/nios2-elf/5.3.0/../../../../../H-x86_64-mingw32/nios2-elf/lib\libc.a(lib_a-findfp.o)
 .comment       0x0000000000000023       0x24 c:/intelfpga/16.1/nios2eds/bin/gnu/h-x86_64-mingw32/bin/../lib/gcc/nios2-elf/5.3.0/../../../../../H-x86_64-mingw32/nios2-elf/lib\libc.a(lib_a-fvwrite.o)
 .comment       0x0000000000000023       0x24 c:/intelfpga/16.1/nios2eds/bin/gnu/h-x86_64-mingw32/bin/../lib/gcc/nios2-elf/5.3.0/../../../../../H-x86_64-mingw32/nios2-elf/lib\libc.a(lib_a-fwalk.o)
 .comment       0x0000000000000023       0x24 c:/intelfpga/16.1/nios2eds/bin/gnu/h-x86_64-mingw32/bin/../lib/gcc/nios2-elf/5.3.0/../../../../../H-x86_64-mingw32/nios2-elf/lib\libc.a(lib_a-impure.o)
 .comment       0x0000000000000023       0x24 c:/intelfpga/16.1/nios2eds/bin/gnu/h-x86_64-mingw32/bin/../lib/gcc/nios2-elf/5.3.0/../../../../../H-x86_64-mingw32/nios2-elf/lib\libc.a(lib_a-mallocr.o)
 .comment       0x0000000000000023       0x24 c:/intelfpga/16.1/nios2eds/bin/gnu/h-x86_64-mingw32/bin/../lib/gcc/nios2-elf/5.3.0/../../../../../H-x86_64-mingw32/nios2-elf/lib\libc.a(lib_a-memchr.o)
 .comment       0x0000000000000023       0x24 c:/intelfpga/16.1/nios2eds/bin/gnu/h-x86_64-mingw32/bin/../lib/gcc/nios2-elf/5.3.0/../../../../../H-x86_64-mingw32/nios2-elf/lib\libc.a(lib_a-memcpy.o)
 .comment       0x0000000000000023       0x24 c:/intelfpga/16.1/nios2eds/bin/gnu/h-x86_64-mingw32/bin/../lib/gcc/nios2-elf/5.3.0/../../../../../H-x86_64-mingw32/nios2-elf/lib\libc.a(lib_a-memmove.o)
 .comment       0x0000000000000023       0x24 c:/intelfpga/16.1/nios2eds/bin/gnu/h-x86_64-mingw32/bin/../lib/gcc/nios2-elf/5.3.0/../../../../../H-x86_64-mingw32/nios2-elf/lib\libc.a(lib_a-memset.o)
 .comment       0x0000000000000023       0x24 c:/intelfpga/16.1/nios2eds/bin/gnu/h-x86_64-mingw32/bin/../lib/gcc/nios2-elf/5.3.0/../../../../../H-x86_64-mingw32/nios2-elf/lib\libc.a(lib_a-reallocr.o)
 .comment       0x0000000000000023       0x24 c:/intelfpga/16.1/nios2eds/bin/gnu/h-x86_64-mingw32/bin/../lib/gcc/nios2-elf/5.3.0/../../../../../H-x86_64-mingw32/nios2-elf/lib\libc.a(lib_a-sbrkr.o)
 .comment       0x0000000000000023       0x24 c:/intelfpga/16.1/nios2eds/bin/gnu/h-x86_64-mingw32/bin/../lib/gcc/nios2-elf/5.3.0/../../../../../H-x86_64-mingw32/nios2-elf/lib\libc.a(lib_a-stdio.o)
 .comment       0x0000000000000023       0x24 c:/intelfpga/16.1/nios2eds/bin/gnu/h-x86_64-mingw32/bin/../lib/gcc/nios2-elf/5.3.0/../../../../../H-x86_64-mingw32/nios2-elf/lib\libc.a(lib_a-writer.o)
 .comment       0x0000000000000023       0x24 c:/intelfpga/16.1/nios2eds/bin/gnu/h-x86_64-mingw32/bin/../lib/gcc/nios2-elf/5.3.0/../../../../../H-x86_64-mingw32/nios2-elf/lib\libc.a(lib_a-wsetup.o)
 .comment       0x0000000000000023       0x24 c:/intelfpga/16.1/nios2eds/bin/gnu/h-x86_64-mingw32/bin/../lib/gcc/nios2-elf/5.3.0/../../../../../H-x86_64-mingw32/nios2-elf/lib\libc.a(closer.o)
 .comment       0x0000000000000023       0x24 c:/intelfpga/16.1/nios2eds/bin/gnu/h-x86_64-mingw32/bin/../lib/gcc/nios2-elf/5.3.0/../../../../../H-x86_64-mingw32/nios2-elf/lib\libc.a(lib_a-fclose.o)
 .comment       0x0000000000000023       0x24 c:/intelfpga/16.1/nios2eds/bin/gnu/h-x86_64-mingw32/bin/../lib/gcc/nios2-elf/5.3.0/../../../../../H-x86_64-mingw32/nios2-elf/lib\libc.a(lib_a-fflush.o)
 .comment       0x0000000000000023       0x24 c:/intelfpga/16.1/nios2eds/bin/gnu/h-x86_64-mingw32/bin/../lib/gcc/nios2-elf/5.3.0/../../../../../H-x86_64-mingw32/nios2-elf/lib\libc.a(lib_a-freer.o)
 .comment       0x0000000000000023       0x24 c:/intelfpga/16.1/nios2eds/bin/gnu/h-x86_64-mingw32/bin/../lib/gcc/nios2-elf/5.3.0/../../../../../H-x86_64-mingw32/nios2-elf/lib\libc.a(lib_a-int_errno.o)